Archive member included to satisfy reference by file (symbol)

/usr/lib/gcc/arm-none-eabi/4.9.3/armv6-m/libgcc.a(_udivsi3.o)
                              _build/main.o (__aeabi_uidiv)
/usr/lib/gcc/arm-none-eabi/4.9.3/armv6-m/libgcc.a(_dvmd_tls.o)
                              /usr/lib/gcc/arm-none-eabi/4.9.3/armv6-m/libgcc.a(_udivsi3.o) (__aeabi_idiv0)
/usr/lib/gcc/arm-none-eabi/4.9.3/../../../arm-none-eabi/lib/armv6-m/libc.a(lib_a-atexit.o)
                              /usr/lib/gcc/arm-none-eabi/4.9.3/../../../arm-none-eabi/lib/armv6-m/crt0.o (atexit)
/usr/lib/gcc/arm-none-eabi/4.9.3/../../../arm-none-eabi/lib/armv6-m/libc.a(lib_a-exit.o)
                              /usr/lib/gcc/arm-none-eabi/4.9.3/../../../arm-none-eabi/lib/armv6-m/crt0.o (exit)
/usr/lib/gcc/arm-none-eabi/4.9.3/../../../arm-none-eabi/lib/armv6-m/libc.a(lib_a-fini.o)
                              /usr/lib/gcc/arm-none-eabi/4.9.3/../../../arm-none-eabi/lib/armv6-m/crt0.o (__libc_fini_array)
/usr/lib/gcc/arm-none-eabi/4.9.3/../../../arm-none-eabi/lib/armv6-m/libc.a(lib_a-impure.o)
                              /usr/lib/gcc/arm-none-eabi/4.9.3/../../../arm-none-eabi/lib/armv6-m/libc.a(lib_a-exit.o) (_global_impure_ptr)
/usr/lib/gcc/arm-none-eabi/4.9.3/../../../arm-none-eabi/lib/armv6-m/libc.a(lib_a-init.o)
                              /usr/lib/gcc/arm-none-eabi/4.9.3/../../../arm-none-eabi/lib/armv6-m/crt0.o (__libc_init_array)
/usr/lib/gcc/arm-none-eabi/4.9.3/../../../arm-none-eabi/lib/armv6-m/libc.a(lib_a-memcpy.o)
                              _build/main.o (memcpy)
/usr/lib/gcc/arm-none-eabi/4.9.3/../../../arm-none-eabi/lib/armv6-m/libc.a(lib_a-memset.o)
                              /usr/lib/gcc/arm-none-eabi/4.9.3/../../../arm-none-eabi/lib/armv6-m/crt0.o (memset)
/usr/lib/gcc/arm-none-eabi/4.9.3/../../../arm-none-eabi/lib/armv6-m/libc.a(lib_a-printf.o)
                              _build/app_trace.o (printf)
/usr/lib/gcc/arm-none-eabi/4.9.3/../../../arm-none-eabi/lib/armv6-m/libc.a(lib_a-puts.o)
                              _build/app_trace.o (puts)
/usr/lib/gcc/arm-none-eabi/4.9.3/../../../arm-none-eabi/lib/armv6-m/libc.a(lib_a-strlen.o)
                              _build/ble_srv_common.o (strlen)
/usr/lib/gcc/arm-none-eabi/4.9.3/../../../arm-none-eabi/lib/armv6-m/libc.a(lib_a-strncpy.o)
                              _build/ble_debug_assert_handler.o (strncpy)
/usr/lib/gcc/arm-none-eabi/4.9.3/../../../arm-none-eabi/lib/armv6-m/libc.a(lib_a-vfprintf.o)
                              /usr/lib/gcc/arm-none-eabi/4.9.3/../../../arm-none-eabi/lib/armv6-m/libc.a(lib_a-printf.o) (_vfprintf_r)
/usr/lib/gcc/arm-none-eabi/4.9.3/../../../arm-none-eabi/lib/armv6-m/libc.a(lib_a-wsetup.o)
                              /usr/lib/gcc/arm-none-eabi/4.9.3/../../../arm-none-eabi/lib/armv6-m/libc.a(lib_a-vfprintf.o) (__swsetup_r)
/usr/lib/gcc/arm-none-eabi/4.9.3/../../../arm-none-eabi/lib/armv6-m/libc.a(lib_a-__atexit.o)
                              /usr/lib/gcc/arm-none-eabi/4.9.3/../../../arm-none-eabi/lib/armv6-m/libc.a(lib_a-atexit.o) (__register_exitproc)
/usr/lib/gcc/arm-none-eabi/4.9.3/../../../arm-none-eabi/lib/armv6-m/libc.a(lib_a-__call_atexit.o)
                              /usr/lib/gcc/arm-none-eabi/4.9.3/../../../arm-none-eabi/lib/armv6-m/libc.a(lib_a-exit.o) (__call_exitprocs)
/usr/lib/gcc/arm-none-eabi/4.9.3/../../../arm-none-eabi/lib/armv6-m/libc.a(lib_a-dtoa.o)
                              /usr/lib/gcc/arm-none-eabi/4.9.3/../../../arm-none-eabi/lib/armv6-m/libc.a(lib_a-vfprintf.o) (_dtoa_r)
/usr/lib/gcc/arm-none-eabi/4.9.3/../../../arm-none-eabi/lib/armv6-m/libc.a(lib_a-fflush.o)
                              /usr/lib/gcc/arm-none-eabi/4.9.3/../../../arm-none-eabi/lib/armv6-m/libc.a(lib_a-vfprintf.o) (_fflush_r)
/usr/lib/gcc/arm-none-eabi/4.9.3/../../../arm-none-eabi/lib/armv6-m/libc.a(lib_a-findfp.o)
                              /usr/lib/gcc/arm-none-eabi/4.9.3/../../../arm-none-eabi/lib/armv6-m/libc.a(lib_a-vfprintf.o) (__sinit)
/usr/lib/gcc/arm-none-eabi/4.9.3/../../../arm-none-eabi/lib/armv6-m/libc.a(lib_a-freer.o)
                              /usr/lib/gcc/arm-none-eabi/4.9.3/../../../arm-none-eabi/lib/armv6-m/libc.a(lib_a-wsetup.o) (_free_r)
/usr/lib/gcc/arm-none-eabi/4.9.3/../../../arm-none-eabi/lib/armv6-m/libc.a(lib_a-fvwrite.o)
                              /usr/lib/gcc/arm-none-eabi/4.9.3/../../../arm-none-eabi/lib/armv6-m/libc.a(lib_a-puts.o) (__sfvwrite_r)
/usr/lib/gcc/arm-none-eabi/4.9.3/../../../arm-none-eabi/lib/armv6-m/libc.a(lib_a-fwalk.o)
                              /usr/lib/gcc/arm-none-eabi/4.9.3/../../../arm-none-eabi/lib/armv6-m/libc.a(lib_a-findfp.o) (_fwalk)
/usr/lib/gcc/arm-none-eabi/4.9.3/../../../arm-none-eabi/lib/armv6-m/libc.a(lib_a-locale.o)
                              /usr/lib/gcc/arm-none-eabi/4.9.3/../../../arm-none-eabi/lib/armv6-m/libc.a(lib_a-vfprintf.o) (_localeconv_r)
/usr/lib/gcc/arm-none-eabi/4.9.3/../../../arm-none-eabi/lib/armv6-m/libc.a(lib_a-makebuf.o)
[...]
Memory Configuration

Name             Origin             Length             Attributes
FLASH            0x00016000         0x0002a000         xr
RAM              0x20002000         0x00002000         xrw
*default*        0x00000000         0xffffffff

Linker script and memory map

LOAD /usr/lib/gcc/arm-none-eabi/4.9.3/armv6-m/crti.o
LOAD /usr/lib/gcc/arm-none-eabi/4.9.3/armv6-m/crtbegin.o
LOAD /usr/lib/gcc/arm-none-eabi/4.9.3/../../../arm-none-eabi/lib/armv6-m/crt0.o
LOAD _build/main.o
LOAD _build/ble_srv_common.o
LOAD _build/ble_advdata.o
LOAD _build/ble_sensorsim.o
LOAD _build/softdevice_handler.o
LOAD _build/ble_debug_assert_handler.o
LOAD _build/ble_error_log.o
LOAD _build/ble_conn_params.o
LOAD _build/pstorage.o
LOAD _build/crc16.o
LOAD _build/app_timer.o
LOAD _build/app_trace.o
LOAD _build/simple_uart.o
LOAD _build/app_scheduler.o
LOAD _build/app_button.o
LOAD _build/app_gpiote.o
LOAD _build/ble_accel_svc.o
LOAD _build/LIS2DH_app.o
LOAD _build/spi_master.o
LOAD _build/system_nrf51.o
LOAD _build/gcc_startup_nrf51.o
START GROUP
LOAD /usr/lib/gcc/arm-none-eabi/4.9.3/armv6-m/libgcc.a
LOAD /usr/lib/gcc/arm-none-eabi/4.9.3/../../../arm-none-eabi/lib/armv6-m/libc.a
END GROUP
LOAD /usr/lib/gcc/arm-none-eabi/4.9.3/armv6-m/crtend.o
LOAD /usr/lib/gcc/arm-none-eabi/4.9.3/armv6-m/crtn.o
START GROUP
LOAD /usr/lib/gcc/arm-none-eabi/4.9.3/armv6-m/libgcc.a
LOAD /usr/lib/gcc/arm-none-eabi/4.9.3/../../../arm-none-eabi/lib/armv6-m/libc.a
LOAD /usr/lib/gcc/arm-none-eabi/4.9.3/../../../arm-none-eabi/lib/armv6-m/libnosys.a
END GROUP

.text           0x00016000     0x69e4
 *(.Vectors)
 .Vectors       0x00016000       0xc0 _build/gcc_startup_nrf51.o
                0x00016000                __Vectors
 *(.text*)
 .text          0x000160c0       0x6c /usr/lib/gcc/arm-none-eabi/4.9.3/../../../arm-none-eabi/lib/armv6-m/crt0.o
                0x000160c0                _mainCRTStartup
                0x000160c0                _start
 .text.NVIC_SystemReset
                0x0001612c       0x1c _build/main.o
 .text.nrf_gpio_cfg_output
                0x00016148       0x20 _build/main.o
 .text.nrf_gpio_cfg_sense_input
                0x00016168       0x3c _build/main.o
 .text.nrf_gpio_pin_set
                0x000161a4       0x20 _build/main.o
 .text.nrf_gpio_pin_clear
                0x000161c4       0x24 _build/main.o
 .text.sd_ble_gap_adv_start
                0x000161e8        0x8 _build/main.o
 .text.sd_ble_gap_disconnect
                0x000161f0        0x8 _build/main.o
 .text.sd_ble_gap_ppcp_set
                0x000161f8        0x8 _build/main.o
 .text.sd_ble_gap_device_name_set
                0x00016200        0x8 _build/main.o
 .text.sd_ble_gap_sec_params_reply
                0x00016208        0x8 _build/main.o
 .text.sd_ble_gap_sec_info_reply
                0x00016210        0x8 _build/main.o
 .text.sd_ble_gatts_sys_attr_set
                0x00016218        0x8 _build/main.o
 .text.sd_ble_enable
                0x00016220        0x8 _build/main.o
 .text.sd_power_system_off
                0x00016228        0x8 _build/main.o
 .text.sd_app_evt_wait
                0x00016230        0x8 _build/main.o
 .text.app_timer_evt_get
                0x00016238       0x58 _build/main.o
 .text.app_timer_evt_schedule
                0x00016290       0x38 _build/main.o
 .text.app_button_evt_get
                0x000162c8       0x5c _build/main.o
 .text.app_button_evt_schedule
                0x00016324       0x54 _build/main.o
 .text.uart_put_dec32bit
                0x00016378      0x518 _build/main.o
                0x00016378                uart_put_dec32bit
 .text.swapbytes
                0x00016890       0x2c _build/main.o
                0x00016890                swapbytes
 .text.app_error_handler
                0x000168bc       0x5c _build/main.o
                0x000168bc                app_error_handler
 .text.assert_nrf_callback
                0x00016918       0x2c _build/main.o
                0x00016918                assert_nrf_callback
 .text.accel_timeout_handler
                0x00016944       0x50 _build/main.o
 .text.ext_sensors_init
                0x00016994       0x68 _build/main.o
 .text.leds_init
                0x000169fc       0x1c _build/main.o
 .text.timers_init
                0x00016a18       0x80 _build/main.o
 .text.gap_params_init
                0x00016a98       0xb4 _build/main.o
 .text.advertising_init
                0x00016b4c       0x9c _build/main.o
 .text.acc_init
                0x00016be8       0xe0 _build/main.o
                0x00016be8                acc_init
 .text.services_init
                0x00016cc8        0xc _build/main.o
 .text.sec_params_init
                0x00016cd4       0x4c _build/main.o
 .text.on_conn_params_evt
                0x00016d20       0x4c _build/main.o
 .text.conn_params_error_handler
                0x00016d6c       0x24 _build/main.o
 .text.conn_params_init
                0x00016d90       0x80 _build/main.o
 .text.timers_start
                0x00016e10       0x48 _build/main.o
 .text.advertising_start
                0x00016e58       0x68 _build/main.o
 .text.on_ble_evt
                0x00016ec0      0x198 _build/main.o
 .text.ble_evt_dispatch
                0x00017058       0x20 _build/main.o
 .text.sys_evt_dispatch
                0x00017078       0x18 _build/main.o
 .text.ble_stack_init
                0x00017090       0xd8 _build/main.o
 .text.scheduler_init
                0x00017168       0x40 _build/main.o
 .text.gpiote_init
                0x000171a8       0x40 _build/main.o
 .text.buttons_init
                0x000171e8       0x4c _build/main.o
 .text.power_manage
                0x00017234       0x34 _build/main.o
 .text.main     0x00017268       0xf4 _build/main.o
                0x00017268                main
 .text.ble_srv_report_ref_encode
                0x0001735c       0x88 _build/ble_srv_common.o
                0x0001735c                ble_srv_report_ref_encode
 .text.sd_ble_gap_adv_data_set
                0x000173e4        0x8 _build/ble_advdata.o
 .text.sd_ble_gap_appearance_get
                0x000173ec        0x8 _build/ble_advdata.o
 .text.sd_ble_gap_device_name_get
                0x000173f4        0x8 _build/ble_advdata.o
 .text.sd_ble_uuid_encode
                0x000173fc        0x8 _build/ble_advdata.o
 .text.uint16_encode
                0x00017404       0x34 _build/ble_advdata.o
 .text.name_encode
                0x00017438      0x13c _build/ble_advdata.o
 .text.appearance_encode
                0x00017574       0x90 _build/ble_advdata.o
 .text.uint8_array_encode
                0x00017604       0xa4 _build/ble_advdata.o
 .text.tx_power_level_encode
                0x000176a8       0x70 _build/ble_advdata.o
 .text.uuid_list_sized_encode
                0x00017718      0x178 _build/ble_advdata.o
 .text.uuid_list_encode
                0x00017890       0x78 _build/ble_advdata.o
 .text.conn_int_check
                0x00017908       0x80 _build/ble_advdata.o
 .text.conn_int_encode
                0x00017988       0xb4 _build/ble_advdata.o
 .text.manuf_specific_data_encode
                0x00017a3c       0xd8 _build/ble_advdata.o
 .text.service_data_encode
                0x00017b14      0x10c _build/ble_advdata.o
 .text.adv_data_encode
                0x00017c20      0x1bc _build/ble_advdata.o
 .text.advdata_check
                0x00017ddc       0x34 _build/ble_advdata.o
 .text.srdata_check
                0x00017e10       0x20 _build/ble_advdata.o
 .text.ble_advdata_set
                0x00017e30       0xcc _build/ble_advdata.o
                0x00017e30                ble_advdata_set
 .text.sd_nvic_EnableIRQ
                0x00017efc        0x8 _build/softdevice_handler.o
 .text.sd_evt_get
                0x00017f04        0x8 _build/softdevice_handler.o
 .text.sd_softdevice_enable
                0x00017f0c        0x8 _build/softdevice_handler.o
 .text.is_word_aligned
                0x00017f14       0x1c _build/softdevice_handler.o
 .text.sd_ble_evt_get
                0x00017f30        0x8 _build/softdevice_handler.o
 .text.softdevice_assertion_handler
                0x00017f38       0x28 _build/softdevice_handler.o
                0x00017f38                softdevice_assertion_handler
 .text.intern_softdevice_events_execute
                0x00017f60      0x114 _build/softdevice_handler.o
                0x00017f60                intern_softdevice_events_execute
 .text.softdevice_handler_init
                0x00018074       0x8c _build/softdevice_handler.o
                0x00018074                softdevice_handler_init
 .text.softdevice_ble_evt_handler_set
                0x00018100       0x28 _build/softdevice_handler.o
                0x00018100                softdevice_ble_evt_handler_set
 .text.softdevice_sys_evt_handler_set
                0x00018128       0x28 _build/softdevice_handler.o
                0x00018128                softdevice_sys_evt_handler_set
 .text.SWI2_IRQHandler
                0x00018150       0x4c _build/softdevice_handler.o
                0x00018150                SWI2_IRQHandler
 .text.sd_ble_gap_conn_param_update
                0x0001819c        0x8 _build/ble_conn_params.o
 .text.sd_ble_gap_disconnect
                0x000181a4        0x8 _build/ble_conn_params.o
 .text.sd_ble_gap_ppcp_set
                0x000181ac        0x8 _build/ble_conn_params.o
 .text.sd_ble_gap_ppcp_get
                0x000181b4        0x8 _build/ble_conn_params.o
 .text.uint16_decode
                0x000181bc       0x28 _build/ble_conn_params.o
 .text.ble_srv_is_notification_enabled
                0x000181e4       0x30 _build/ble_conn_params.o
 .text.is_conn_params_ok
                0x00018214       0x34 _build/ble_conn_params.o
 .text.update_timeout_handler
                0x00018248       0xc4 _build/ble_conn_params.o
 .text.ble_conn_params_init
                0x0001830c       0xac _build/ble_conn_params.o
                0x0001830c                ble_conn_params_init
 .text.conn_params_negotiation
                0x000183b8       0xbc _build/ble_conn_params.o
 .text.on_connect
                0x00018474       0x4c _build/ble_conn_params.o
 .text.on_disconnect
                0x000184c0       0x54 _build/ble_conn_params.o
 .text.on_write
                0x00018514       0x6c _build/ble_conn_params.o
 .text.on_conn_params_update
                0x00018580       0x28 _build/ble_conn_params.o
 .text.ble_conn_params_on_ble_evt
                0x000185a8       0x50 _build/ble_conn_params.o
                0x000185a8                ble_conn_params_on_ble_evt
 .text.sd_flash_write
                0x000185f8        0x8 _build/pstorage.o
 .text.sd_flash_page_erase
                0x00018600        0x8 _build/pstorage.o
 .text.cmd_queue_element_init
                0x00018608       0x84 _build/pstorage.o
 .text.cmd_queue_dequeue
                0x0001868c       0x38 _build/pstorage.o
 .text.app_notify
                0x000186c4       0xa8 _build/pstorage.o
 .text.pstorage_sys_event_handler
                0x0001876c      0x1d0 _build/pstorage.o
                0x0001876c                pstorage_sys_event_handler
 .text.swap_state_process
                0x0001893c      0x2e0 _build/pstorage.o
 .text.cmd_process
                0x00018c1c      0x214 _build/pstorage.o
 .text.is_word_aligned
                0x00018e30       0x1c _build/app_timer.o
 .text.NVIC_EnableIRQ
                0x00018e4c       0x2c _build/app_timer.o
 .text.NVIC_DisableIRQ
                0x00018e78       0x30 _build/app_timer.o
 .text.NVIC_SetPendingIRQ
                0x00018ea8       0x30 _build/app_timer.o
 .text.NVIC_ClearPendingIRQ
                0x00018ed8       0x30 _build/app_timer.o
 .text.NVIC_SetPriority
                0x00018f08       0xd4 _build/app_timer.o
 .text.NVIC_GetPriority
                0x00018fdc       0x78 _build/app_timer.o
 .text.nrf_delay_us
                0x00019054       0x34 _build/app_timer.o
 .text.current_int_priority_get
                0x00019088       0x3c _build/app_timer.o
 .text.rtc1_init
                0x000190c4       0x24 _build/app_timer.o
 .text.rtc1_start
                0x000190e8       0x48 _build/app_timer.o
 .text.rtc1_stop
                0x00019130       0x58 _build/app_timer.o
 .text.rtc1_counter_get
                0x00019188       0x18 _build/app_timer.o
 .text.ticks_diff_get
                0x000191a0       0x1c _build/app_timer.o
 .text.rtc1_compare0_set
                0x000191bc       0x1c _build/app_timer.o
 .text.timer_list_insert
                0x000191d8      0x144 _build/app_timer.o
 .text.timer_list_remove
                0x0001931c       0xf8 _build/app_timer.o
 .text.timer_timeouts_check_sched
                0x00019414       0x10 _build/app_timer.o
 .text.timer_list_handler_sched
                0x00019424       0x10 _build/app_timer.o
 .text.timeout_handler_exec
                0x00019434       0x64 _build/app_timer.o
 .text.timer_timeouts_check
                0x00019498       0xcc _build/app_timer.o
 .text.elapsed_ticks_acquire
                0x00019564       0x7c _build/app_timer.o
 .text.list_deletions_handler
                0x000195e0      0x120 _build/app_timer.o
 .text.expired_timers_handler
                0x00019700       0xb0 _build/app_timer.o
 .text.list_insertions_handler
                0x000197b0      0x1ac _build/app_timer.o
 .text.compare_reg_update
                0x0001995c       0xc4 _build/app_timer.o
 .text.timer_list_handler
                0x00019a20       0x8c _build/app_timer.o
 .text.user_op_enque
                0x00019aac       0x18 _build/app_timer.o
 .text.user_op_alloc
                0x00019ac4       0x58 _build/app_timer.o
 .text.timer_start_op_schedule
                0x00019b1c       0x80 _build/app_timer.o
 .text.timer_stop_op_schedule
                0x00019b9c       0x60 _build/app_timer.o
 .text.RTC1_IRQHandler
                0x00019bfc       0x4c _build/app_timer.o
                0x00019bfc                RTC1_IRQHandler
 .text.SWI0_IRQHandler
                0x00019c48        0xc _build/app_timer.o
                0x00019c48                SWI0_IRQHandler
 .text.app_timer_init
                0x00019c54      0x17c _build/app_timer.o
                0x00019c54                app_timer_init
 .text.app_timer_create
                0x00019dd0       0xbc _build/app_timer.o
                0x00019dd0                app_timer_create
 .text.user_id_get
                0x00019e8c       0x34 _build/app_timer.o
 .text.app_timer_start
                0x00019ec0       0x8c _build/app_timer.o
                0x00019ec0                app_timer_start
 .text.app_timer_stop
                0x00019f4c       0x60 _build/app_timer.o
                0x00019f4c                app_timer_stop
 .text.app_trace_init
                0x00019fac       0x1c _build/app_trace.o
                0x00019fac                app_trace_init
 .text.nrf_gpio_cfg_output
                0x00019fc8       0x20 _build/simple_uart.o
 .text.nrf_gpio_cfg_input
                0x00019fe8       0x2c _build/simple_uart.o
 .text.simple_uart_put
                0x0001a014       0x3c _build/simple_uart.o
                0x0001a014                simple_uart_put
 .text.simple_uart_putstring
                0x0001a050       0x50 _build/simple_uart.o
                0x0001a050                simple_uart_putstring
 .text.simple_uart_config
                0x0001a0a0       0xd8 _build/simple_uart.o
                0x0001a0a0                simple_uart_config
 .text.NVIC_GetPriority
                0x0001a178       0x78 _build/app_scheduler.o
 .text.sd_nvic_critical_region_enter
                0x0001a1f0        0x8 _build/app_scheduler.o
 .text.sd_nvic_critical_region_exit
                0x0001a1f8        0x8 _build/app_scheduler.o
 .text.is_word_aligned
                0x0001a200       0x1c _build/app_scheduler.o
 .text.current_int_priority_get
                0x0001a21c       0x3c _build/app_scheduler.o
 .text.next_index
                0x0001a258       0x34 _build/app_scheduler.o
 .text.app_sched_init
                0x0001a28c       0x90 _build/app_scheduler.o
                0x0001a28c                app_sched_init
 .text.app_sched_event_put
                0x0001a31c      0x194 _build/app_scheduler.o
                0x0001a31c                app_sched_event_put
 .text.app_sched_event_get
                0x0001a4b0       0xa0 _build/app_scheduler.o
 .text.app_sched_execute
                0x0001a550       0x38 _build/app_scheduler.o
                0x0001a550                app_sched_execute
 .text.nrf_gpio_cfg_input
                0x0001a588       0x2c _build/app_button.o
 .text.button_handler_execute
                0x0001a5b4       0x84 _build/app_button.o
 .text.detection_delay_timeout_handler
                0x0001a638       0xe0 _build/app_button.o
 .text.gpiote_event_handler
                0x0001a718       0x58 _build/app_button.o
 .text.app_button_init
                0x0001a770       0xd8 _build/app_button.o
                0x0001a770                app_button_init
 .text.NVIC_EnableIRQ
                0x0001a848       0x2c _build/app_gpiote.o
 .text.NVIC_ClearPendingIRQ
                0x0001a874       0x30 _build/app_gpiote.o
 .text.NVIC_SetPriority
                0x0001a8a4       0xd4 _build/app_gpiote.o
 .text.is_word_aligned
                0x0001a978       0x1c _build/app_gpiote.o
 .text.sense_level_toggle
                0x0001a994       0xac _build/app_gpiote.o
 .text.GPIOTE_IRQHandler
                0x0001aa40      0x11c _build/app_gpiote.o
                0x0001aa40                GPIOTE_IRQHandler
 .text.pins_sense_disable
                0x0001ab5c       0x88 _build/app_gpiote.o
 .text.app_gpiote_init
                0x0001abe4       0xa8 _build/app_gpiote.o
                0x0001abe4                app_gpiote_init
 .text.app_gpiote_user_register
                0x0001ac8c       0xc8 _build/app_gpiote.o
                0x0001ac8c                app_gpiote_user_register
 .text.app_gpiote_pins_state_get
                0x0001ad54       0x64 _build/app_gpiote.o
                0x0001ad54                app_gpiote_pins_state_get
 .text.sd_ble_gatts_service_add
                0x0001adb8        0x8 _build/ble_accel_svc.o
 .text.sd_ble_gatts_characteristic_add
                0x0001adc0        0x8 _build/ble_accel_svc.o
 .text.sd_ble_gatts_descriptor_add
                0x0001adc8        0x8 _build/ble_accel_svc.o
 .text.sd_ble_gatts_value_set
                0x0001add0        0x8 _build/ble_accel_svc.o
 .text.sd_ble_gatts_hvx
                0x0001add8        0x8 _build/ble_accel_svc.o
 .text.sd_ble_uuid_vs_add
                0x0001ade0        0x8 _build/ble_accel_svc.o
 .text.accel_level_char_add
                0x0001ade8      0x370 _build/ble_accel_svc.o
 .text.ble_acc_init
                0x0001b158       0xa8 _build/ble_accel_svc.o
                0x0001b158                ble_acc_init
 .text.ble_acc_accel_level_update
                0x0001b200       0xcc _build/ble_accel_svc.o
                0x0001b200                ble_acc_accel_level_update
 .text.nrf_gpio_cfg_output
                0x0001b2cc       0x20 _build/LIS2DH_app.o
 .text.nrf_gpio_pin_set
                0x0001b2ec       0x20 _build/LIS2DH_app.o
 .text.nrf_delay_us
                0x0001b30c       0x34 _build/LIS2DH_app.o
 .text.ACCEL_INIT
                0x0001b340       0x58 _build/LIS2DH_app.o
                0x0001b340                ACCEL_INIT
 .text.ACCEL_TXRX
                0x0001b398       0x30 _build/LIS2DH_app.o
                0x0001b398                ACCEL_TXRX
 .text.reg_write
                0x0001b3c8       0x40 _build/LIS2DH_app.o
                0x0001b3c8                reg_write
 .text.reg_read
                0x0001b408       0x48 _build/LIS2DH_app.o
                0x0001b408                reg_read
 .text.reg_write_ver
                0x0001b450       0x48 _build/LIS2DH_app.o
                0x0001b450                reg_write_ver
 .text.update_xyz
                0x0001b498       0xe0 _build/LIS2DH_app.o
                0x0001b498                update_xyz
 .text.nrf_gpio_cfg_output
                0x0001b578       0x20 _build/spi_master.o
 .text.nrf_gpio_cfg_input
                0x0001b598       0x2c _build/spi_master.o
 .text.nrf_gpio_pin_set
                0x0001b5c4       0x20 _build/spi_master.o
 .text.nrf_gpio_pin_clear
                0x0001b5e4       0x24 _build/spi_master.o
 .text.sd_nvic_EnableIRQ
                0x0001b608        0x8 _build/spi_master.o
 .text.sd_nvic_DisableIRQ
                0x0001b610        0x8 _build/spi_master.o
 .text.sd_nvic_ClearPendingIRQ
                0x0001b618        0x8 _build/spi_master.o
 .text.sd_nvic_SetPriority
                0x0001b620        0x8 _build/spi_master.o
 .text.sd_nvic_critical_region_enter
                0x0001b628        0x8 _build/spi_master.o
 .text.sd_nvic_critical_region_exit
                0x0001b630        0x8 _build/spi_master.o
 .text.SPI0_TWI0_IRQHandler
                0x0001b638       0x48 _build/spi_master.o
                0x0001b638                SPI0_TWI0_IRQHandler
 .text.spi_master_get_instance
                0x0001b680       0x34 _build/spi_master.o
 .text.spi_master_init_hw_instance
                0x0001b6b4       0xbc _build/spi_master.o
 .text.spi_master_buffer_init
                0x0001b770       0xb8 _build/spi_master.o
 .text.spi_master_buffer_release
                0x0001b828       0x70 _build/spi_master.o
 .text.spi_master_signal_evt
                0x0001b898       0x84 _build/spi_master.o
 .text.spi_master_send_initial_bytes
                0x0001b91c       0xd0 _build/spi_master.o
 .text.spi_master_send_recv_irq
                0x0001b9ec      0x170 _build/spi_master.o
 .text.spi_master_open
                0x0001bb5c      0x1e8 _build/spi_master.o
                0x0001bb5c                spi_master_open
 .text.spi_master_send_recv
                0x0001bd44      0x1fc _build/spi_master.o
                0x0001bd44                spi_master_send_recv
 .text.SystemInit
                0x0001bf40       0x40 _build/system_nrf51.o
                0x0001bf40                SystemInit
 .text.is_manual_peripheral_setup_needed
                0x0001bf80       0x80 _build/system_nrf51.o
 .text.is_disabled_in_debug_needed
                0x0001c000       0x4c _build/system_nrf51.o
 .text          0x0001c04c       0x54 _build/gcc_startup_nrf51.o
                0x0001c04c                Reset_Handler
                0x0001c094                NMI_Handler
                0x0001c096                HardFault_Handler
                0x0001c098                SVC_Handler
                0x0001c09a                PendSV_Handler
                0x0001c09c                SysTick_Handler
                0x0001c09e                TIMER2_IRQHandler
                0x0001c09e                RTC0_IRQHandler
                0x0001c09e                POWER_CLOCK_IRQHandler
                0x0001c09e                RADIO_IRQHandler
                0x0001c09e                LPCOMP_IRQHandler
                0x0001c09e                SWI4_IRQHandler
                0x0001c09e                TEMP_IRQHandler
                0x0001c09e                QDEC_IRQHandler
                0x0001c09e                UART0_IRQHandler
                0x0001c09e                SWI5_IRQHandler
                0x0001c09e                TIMER0_IRQHandler
                0x0001c09e                TIMER1_IRQHandler
                0x0001c09e                ECB_IRQHandler
                0x0001c09e                Default_Handler
                0x0001c09e                ADC_IRQHandler
                0x0001c09e                SWI3_IRQHandler
                0x0001c09e                CCM_AAR_IRQHandler
                0x0001c09e                WDT_IRQHandler
                0x0001c09e                RNG_IRQHandler
                0x0001c09e                SPI1_TWI1_IRQHandler
                0x0001c09e                SWI1_IRQHandler
 .text          0x0001c0a0      0x120 /usr/lib/gcc/arm-none-eabi/4.9.3/armv6-m/libgcc.a(_udivsi3.o)
                0x0001c0a0                __udivsi3
                0x0001c0a0                __aeabi_uidiv
                0x0001c1ac                __aeabi_uidivmod
 .text          0x0001c1c0        0x4 /usr/lib/gcc/arm-none-eabi/4.9.3/armv6-m/libgcc.a(_dvmd_tls.o)
                0x0001c1c0                __aeabi_ldiv0
                0x0001c1c0                __aeabi_idiv0
 .text.atexit   0x0001c1c4       0x10 /usr/lib/gcc/arm-none-eabi/4.9.3/../../../arm-none-eabi/lib/armv6-m/libc.a(lib_a-atexit.o)
                0x0001c1c4                atexit
 .text.exit     0x0001c1d4       0x20 /usr/lib/gcc/arm-none-eabi/4.9.3/../../../arm-none-eabi/lib/armv6-m/libc.a(lib_a-exit.o)
                0x0001c1d4                exit
 .text.__libc_fini_array
                0x0001c1f4       0x30 /usr/lib/gcc/arm-none-eabi/4.9.3/../../../arm-none-eabi/lib/armv6-m/libc.a(lib_a-fini.o)
                0x0001c1f4                __libc_fini_array
 .text.__libc_init_array
                0x0001c224       0x48 /usr/lib/gcc/arm-none-eabi/4.9.3/../../../arm-none-eabi/lib/armv6-m/libc.a(lib_a-init.o)
                0x0001c224                __libc_init_array
 .text.memcpy   0x0001c26c       0x84 /usr/lib/gcc/arm-none-eabi/4.9.3/../../../arm-none-eabi/lib/armv6-m/libc.a(lib_a-memcpy.o)
                0x0001c26c                memcpy
 .text.memset   0x0001c2f0       0x9c /usr/lib/gcc/arm-none-eabi/4.9.3/../../../arm-none-eabi/lib/armv6-m/libc.a(lib_a-memset.o)
                0x0001c2f0                memset
 .text.__register_exitproc
                0x0001c38c       0xc0 /usr/lib/gcc/arm-none-eabi/4.9.3/../../../arm-none-eabi/lib/armv6-m/libc.a(lib_a-__atexit.o)
                0x0001c38c                __register_exitproc
 .text.__call_exitprocs
                0x0001c44c      0x118 /usr/lib/gcc/arm-none-eabi/4.9.3/../../../arm-none-eabi/lib/armv6-m/libc.a(lib_a-__call_atexit.o)
                0x0001c44c                __call_exitprocs
 .text._exit    0x0001c564        0x4 /usr/lib/gcc/arm-none-eabi/4.9.3/../../../arm-none-eabi/lib/armv6-m/libnosys.a(_exit.o)
                0x0001c564                _exit
 *(.init)
 .init          0x0001c568        0x4 /usr/lib/gcc/arm-none-eabi/4.9.3/armv6-m/crti.o
                0x0001c568                _init
 .init          0x0001c56c        0x8 /usr/lib/gcc/arm-none-eabi/4.9.3/armv6-m/crtn.o
 *(.fini)
 .fini          0x0001c574        0x4 /usr/lib/gcc/arm-none-eabi/4.9.3/armv6-m/crti.o
                0x0001c574                _fini
 .fini          0x0001c578        0x8 /usr/lib/gcc/arm-none-eabi/4.9.3/armv6-m/crtn.o
 *crtbegin.o(.ctors)
 *crtbegin?.o(.ctors)
 *(EXCLUDE_FILE(*crtend.o *crtend?.o) .ctors)
 *(SORT(.ctors.*))
 *(.ctors)
 *crtbegin.o(.dtors)
 *crtbegin?.o(.dtors)
 *(EXCLUDE_FILE(*crtend.o *crtend?.o) .dtors)
 *(SORT(.dtors.*))
 *(.dtors)
 *(.rodata*)
 .rodata        0x0001c580      0x29c _build/main.o
 .rodata        0x0001c81c       0x3c _build/ble_srv_common.o
 .rodata        0x0001c858       0x38 _build/softdevice_handler.o
 .rodata        0x0001c890       0x1c _build/pstorage.o
 .rodata        0x0001c8ac       0x30 _build/app_timer.o
 .rodata        0x0001c8dc       0x34 _build/app_scheduler.o
 .rodata        0x0001c910       0x30 _build/app_button.o
 .rodata        0x0001c940       0x18 _build/ble_accel_svc.o
 .rodata        0x0001c958       0x54 _build/LIS2DH_app.o
 .rodata        0x0001c9ac       0x30 _build/spi_master.o
 .rodata.str1.4
                0x0001c9dc        0x4 /usr/lib/gcc/arm-none-eabi/4.9.3/../../../arm-none-eabi/lib/armv6-m/libc.a(lib_a-impure.o)
 .rodata._global_impure_ptr
                0x0001c9e0        0x4 /usr/lib/gcc/arm-none-eabi/4.9.3/../../../arm-none-eabi/lib/armv6-m/libc.a(lib_a-impure.o)
                0x0001c9e0                _global_impure_ptr
 *(.eh_frame*)

.glue_7         0x0001c9e4        0x0
 .glue_7        0x0001c9e4        0x0 linker stubs

.glue_7t        0x0001c9e4        0x0
 .glue_7t       0x0001c9e4        0x0 linker stubs

.vfp11_veneer   0x0001c9e4        0x0
 .vfp11_veneer  0x0001c9e4        0x0 linker stubs

.v4_bx          0x0001c9e4        0x0
 .v4_bx         0x0001c9e4        0x0 linker stubs

.iplt           0x0001c9e4        0x0
 .iplt          0x0001c9e4        0x0 /usr/lib/gcc/arm-none-eabi/4.9.3/armv6-m/crtbegin.o

.ARM.extab
 *(.ARM.extab* .gnu.linkonce.armextab.*)
                0x0001c9e4                __exidx_start = .

.ARM.exidx      0x0001c9e4        0x8
 *(.ARM.exidx* .gnu.linkonce.armexidx.*)
 .ARM.exidx     0x0001c9e4        0x8 /usr/lib/gcc/arm-none-eabi/4.9.3/../../../arm-none-eabi/lib/armv6-m/crt0.o
 .ARM.exidx     0x0001c9ec        0x0 _build/gcc_startup_nrf51.o
                                  0x8 (size before relaxing)
                0x0001c9ec                __exidx_end = .
                0x0001c9ec                __etext = .

.rel.dyn        0x0001c9ec        0x0
 .rel.iplt      0x0001c9ec        0x0 /usr/lib/gcc/arm-none-eabi/4.9.3/armv6-m/crtbegin.o

.data           0x20002000      0x438 load address 0x0001c9ec
                0x20002000                __data_start__ = .
 *(vtable)
 *(.data*)
 .data          0x20002000        0xc _build/main.o
 *fill*         0x2000200c        0x4 
 .data.impure_data
                0x20002010      0x428 /usr/lib/gcc/arm-none-eabi/4.9.3/../../../arm-none-eabi/lib/armv6-m/libc.a(lib_a-impure.o)
                0x20002438                . = ALIGN (0x4)
                0x20002438                PROVIDE (__preinit_array_start, .)
 *(.preinit_array)
                0x20002438                PROVIDE (__preinit_array_end, .)
                0x20002438                . = ALIGN (0x4)
                0x20002438                PROVIDE (__init_array_start, .)
 *(SORT(.init_array.*))
 *(.init_array)
                0x20002438                PROVIDE (__init_array_end, .)
                0x20002438                . = ALIGN (0x4)
                0x20002438                PROVIDE (__fini_array_start, .)
 *(SORT(.fini_array.*))
 *(.fini_array)
                0x20002438                PROVIDE (__fini_array_end, .)
 *(.jcr)
                0x20002438                . = ALIGN (0x4)
                0x20002438                __data_end__ = .

.igot.plt       0x20002438        0x0 load address 0x0001ce24
 .igot.plt      0x20002438        0x0 /usr/lib/gcc/arm-none-eabi/4.9.3/armv6-m/crtbegin.o

.bss            0x20002438      0x740 load address 0x0001ce24
                0x20002438                . = ALIGN (0x4)
                0x20002438                __bss_start__ = .
 *(.bss*)
 .bss           0x20002438      0x3d4 _build/main.o
 .bss           0x2000280c       0x14 _build/softdevice_handler.o
 .bss           0x20002820       0x38 _build/ble_conn_params.o
 .bss           0x20002858      0x288 _build/pstorage.o
 .bss           0x20002ae0       0x2c _build/app_timer.o
 .bss           0x20002b0c       0x10 _build/app_scheduler.o
 .bss           0x20002b1c       0x20 _build/app_button.o
 .bss           0x20002b3c        0xc _build/app_gpiote.o
 .bss           0x20002b48       0x28 _build/spi_master.o
 *(COMMON)
 COMMON         0x20002b70        0x6 _build/main.o
                0x20002b70                xyz
                0x20002b78                . = ALIGN (0x4)
 *fill*         0x20002b76        0x2 
                0x20002b78                __bss_end__ = .

.heap           0x20002b78        0x0
                0x20002b78                __end__ = .
                0x20002b78                end = __end__
 *(.heap*)
 .heap          0x20002b78        0x0 _build/gcc_startup_nrf51.o
                0x20002b78                __HeapLimit = .

.stack_dummy    0x20002b78      0x800
 *(.stack*)
 .stack         0x20002b78      0x800 _build/gcc_startup_nrf51.o
                0x20004000                __StackTop = (ORIGIN (RAM) + 0x2000)
                0x20003800                __StackLimit = (__StackTop - SIZEOF (.stack_dummy))
                0x20004000                PROVIDE (__stack, __StackTop)
                0x00000001                ASSERT ((__StackLimit >= __HeapLimit), region RAM overflowed with stack)
OUTPUT(_build/ble_app_template_s110_xxaa.out elf32-littlearm)

.ARM.attributes
                0x00000000       0x28
 .ARM.attributes
                0x00000000       0x1e /usr/lib/gcc/arm-none-eabi/4.9.3/armv6-m/crti.o
 .ARM.attributes
                0x0000001e       0x1b /usr/lib/gcc/arm-none-eabi/4.9.3/../../../arm-none-eabi/lib/armv6-m/crt0.o
 .ARM.attributes
                0x00000039       0x31 _build/main.o
 .ARM.attributes
                0x0000006a       0x31 _build/ble_srv_common.o
 .ARM.attributes
                0x0000009b       0x31 _build/ble_advdata.o
 .ARM.attributes
                0x000000cc       0x31 _build/softdevice_handler.o
 .ARM.attributes
                0x000000fd       0x31 _build/ble_conn_params.o
 .ARM.attributes
                0x0000012e       0x31 _build/pstorage.o
 .ARM.attributes
                0x0000015f       0x31 _build/app_timer.o
 .ARM.attributes
                0x00000190       0x31 _build/app_trace.o
 .ARM.attributes
                0x000001c1       0x31 _build/simple_uart.o
 .ARM.attributes
                0x000001f2       0x31 _build/app_scheduler.o
 .ARM.attributes
                0x00000223       0x31 _build/app_button.o
 .ARM.attributes
                0x00000254       0x31 _build/app_gpiote.o
 .ARM.attributes
                0x00000285       0x31 _build/ble_accel_svc.o
 .ARM.attributes
                0x000002b6       0x31 _build/LIS2DH_app.o
 .ARM.attributes
                0x000002e7       0x31 _build/spi_master.o
 .ARM.attributes
                0x00000318       0x31 _build/system_nrf51.o
 .ARM.attributes
                0x00000349       0x1b _build/gcc_startup_nrf51.o
 .ARM.attributes
                0x00000364       0x1e /usr/lib/gcc/arm-none-eabi/4.9.3/armv6-m/libgcc.a(_udivsi3.o)
 .ARM.attributes
                0x00000382       0x1e /usr/lib/gcc/arm-none-eabi/4.9.3/armv6-m/libgcc.a(_dvmd_tls.o)
 .ARM.attributes
                0x000003a0       0x2c /usr/lib/gcc/arm-none-eabi/4.9.3/../../../arm-none-eabi/lib/armv6-m/libc.a(lib_a-atexit.o)
 .ARM.attributes
                0x000003cc       0x2c /usr/lib/gcc/arm-none-eabi/4.9.3/../../../arm-none-eabi/lib/armv6-m/libc.a(lib_a-exit.o)
 .ARM.attributes
                0x000003f8       0x2c /usr/lib/gcc/arm-none-eabi/4.9.3/../../../arm-none-eabi/lib/armv6-m/libc.a(lib_a-fini.o)
 .ARM.attributes
                0x00000424       0x2c /usr/lib/gcc/arm-none-eabi/4.9.3/../../../arm-none-eabi/lib/armv6-m/libc.a(lib_a-impure.o)
 .ARM.attributes
                0x00000450       0x2c /usr/lib/gcc/arm-none-eabi/4.9.3/../../../arm-none-eabi/lib/armv6-m/libc.a(lib_a-init.o)
 .ARM.attributes
                0x0000047c       0x2c /usr/lib/gcc/arm-none-eabi/4.9.3/../../../arm-none-eabi/lib/armv6-m/libc.a(lib_a-memcpy.o)
 .ARM.attributes
                0x000004a8       0x2c /usr/lib/gcc/arm-none-eabi/4.9.3/../../../arm-none-eabi/lib/armv6-m/libc.a(lib_a-memset.o)
 .ARM.attributes
                0x000004d4       0x2c /usr/lib/gcc/arm-none-eabi/4.9.3/../../../arm-none-eabi/lib/armv6-m/libc.a(lib_a-__atexit.o)
 .ARM.attributes
                0x00000500       0x2c /usr/lib/gcc/arm-none-eabi/4.9.3/../../../arm-none-eabi/lib/armv6-m/libc.a(lib_a-__call_atexit.o)
 .ARM.attributes
                0x0000052c       0x1e /usr/lib/gcc/arm-none-eabi/4.9.3/armv6-m/crtn.o
 .ARM.attributes
                0x0000054a       0x2c /usr/lib/gcc/arm-none-eabi/4.9.3/../../../arm-none-eabi/lib/armv6-m/libnosys.a(_exit.o)

.comment        0x00000000       0x58
 .comment       0x00000000       0x38 _build/main.o
                                 0x39 (size before relaxing)
 .comment       0x00000038       0x39 _build/ble_srv_common.o
 .comment       0x00000038       0x39 _build/ble_advdata.o
 .comment       0x00000038       0x39 _build/softdevice_handler.o
 .comment       0x00000038       0x39 _build/ble_conn_params.o
 .comment       0x00000038       0x39 _build/pstorage.o
 .comment       0x00000038       0x39 _build/app_timer.o
 .comment       0x00000038       0x39 _build/app_trace.o
 .comment       0x00000038       0x39 _build/simple_uart.o
 .comment       0x00000038       0x39 _build/app_scheduler.o
 .comment       0x00000038       0x39 _build/app_button.o
 .comment       0x00000038       0x39 _build/app_gpiote.o
 .comment       0x00000038       0x39 _build/ble_accel_svc.o
 .comment       0x00000038       0x39 _build/LIS2DH_app.o
 .comment       0x00000038       0x39 _build/spi_master.o
 .comment       0x00000038       0x39 _build/system_nrf51.o
 .comment       0x00000038       0x20 /usr/lib/gcc/arm-none-eabi/4.9.3/../../../arm-none-eabi/lib/armv6-m/libc.a(lib_a-atexit.o)
                                 0x21 (size before relaxing)
 .comment       0x00000058       0x21 /usr/lib/gcc/arm-none-eabi/4.9.3/../../../arm-none-eabi/lib/armv6-m/libc.a(lib_a-exit.o)
 .comment       0x00000058       0x21 /usr/lib/gcc/arm-none-eabi/4.9.3/../../../arm-none-eabi/lib/armv6-m/libc.a(lib_a-fini.o)
 .comment       0x00000058       0x21 /usr/lib/gcc/arm-none-eabi/4.9.3/../../../arm-none-eabi/lib/armv6-m/libc.a(lib_a-impure.o)
 .comment       0x00000058       0x21 /usr/lib/gcc/arm-none-eabi/4.9.3/../../../arm-none-eabi/lib/armv6-m/libc.a(lib_a-init.o)
 .comment       0x00000058       0x21 /usr/lib/gcc/arm-none-eabi/4.9.3/../../../arm-none-eabi/lib/armv6-m/libc.a(lib_a-memcpy.o)
 .comment       0x00000058       0x21 /usr/lib/gcc/arm-none-eabi/4.9.3/../../../arm-none-eabi/lib/armv6-m/libc.a(lib_a-memset.o)
 .comment       0x00000058       0x21 /usr/lib/gcc/arm-none-eabi/4.9.3/../../../arm-none-eabi/lib/armv6-m/libc.a(lib_a-__atexit.o)
 .comment       0x00000058       0x21 /usr/lib/gcc/arm-none-eabi/4.9.3/../../../arm-none-eabi/lib/armv6-m/libc.a(lib_a-__call_atexit.o)
 .comment       0x00000058       0x21 /usr/lib/gcc/arm-none-eabi/4.9.3/../../../arm-none-eabi/lib/armv6-m/libnosys.a(_exit.o)

.debug_line     0x00000000     0x8d85
 .debug_line    0x00000000       0x80 /usr/lib/gcc/arm-none-eabi/4.9.3/../../../arm-none-eabi/lib/armv6-m/crt0.o
 .debug_line    0x00000080     0x1312 _build/main.o
 .debug_line    0x00001392      0x472 _build/ble_srv_common.o
 .debug_line    0x00001804      0x963 _build/ble_advdata.o
 .debug_line    0x00002167      0xcbd _build/softdevice_handler.o
 .debug_line    0x00002e24      0x90e _build/ble_conn_params.o
 .debug_line    0x00003732      0xc39 _build/pstorage.o
 .debug_line    0x0000436b      0xca6 _build/app_timer.o
 .debug_line    0x00005011      0x425 _build/app_trace.o
 .debug_line    0x00005436      0x2ee _build/simple_uart.o
 .debug_line    0x00005724      0x850 _build/app_scheduler.o
 .debug_line    0x00005f74      0x484 _build/app_button.o
 .debug_line    0x000063f8      0x4d4 _build/app_gpiote.o
 .debug_line    0x000068cc      0x89a _build/ble_accel_svc.o
 .debug_line    0x00007166      0x47d _build/LIS2DH_app.o
 .debug_line    0x000075e3      0x9b4 _build/spi_master.o
 .debug_line    0x00007f97      0x263 _build/system_nrf51.o
 .debug_line    0x000081fa       0x98 _build/gcc_startup_nrf51.o
 .debug_line    0x00008292       0x6c /usr/lib/gcc/arm-none-eabi/4.9.3/armv6-m/libgcc.a(_udivsi3.o)
 .debug_line    0x000082fe       0x5e /usr/lib/gcc/arm-none-eabi/4.9.3/armv6-m/libgcc.a(_dvmd_tls.o)
 .debug_line    0x0000835c       0xbb /usr/lib/gcc/arm-none-eabi/4.9.3/../../../arm-none-eabi/lib/armv6-m/libc.a(lib_a-atexit.o)
 .debug_line    0x00008417      0x165 /usr/lib/gcc/arm-none-eabi/4.9.3/../../../arm-none-eabi/lib/armv6-m/libc.a(lib_a-exit.o)
 .debug_line    0x0000857c       0x9d /usr/lib/gcc/arm-none-eabi/4.9.3/../../../arm-none-eabi/lib/armv6-m/libc.a(lib_a-fini.o)
 .debug_line    0x00008619       0xe8 /usr/lib/gcc/arm-none-eabi/4.9.3/../../../arm-none-eabi/lib/armv6-m/libc.a(lib_a-impure.o)
 .debug_line    0x00008701       0xbe /usr/lib/gcc/arm-none-eabi/4.9.3/../../../arm-none-eabi/lib/armv6-m/libc.a(lib_a-init.o)
 .debug_line    0x000087bf      0x116 /usr/lib/gcc/arm-none-eabi/4.9.3/../../../arm-none-eabi/lib/armv6-m/libc.a(lib_a-memcpy.o)
 .debug_line    0x000088d5      0x113 /usr/lib/gcc/arm-none-eabi/4.9.3/../../../arm-none-eabi/lib/armv6-m/libc.a(lib_a-memset.o)
 .debug_line    0x000089e8      0x17a /usr/lib/gcc/arm-none-eabi/4.9.3/../../../arm-none-eabi/lib/armv6-m/libc.a(lib_a-__atexit.o)
 .debug_line    0x00008b62      0x1cb /usr/lib/gcc/arm-none-eabi/4.9.3/../../../arm-none-eabi/lib/armv6-m/libc.a(lib_a-__call_atexit.o)
 .debug_line    0x00008d2d       0x58 /usr/lib/gcc/arm-none-eabi/4.9.3/../../../arm-none-eabi/lib/armv6-m/libnosys.a(_exit.o)

.debug_info     0x00000000    0x1b596
 .debug_info    0x00000000       0xa4 /usr/lib/gcc/arm-none-eabi/4.9.3/../../../arm-none-eabi/lib/armv6-m/crt0.o
 .debug_info    0x000000a4     0x4713 _build/main.o
 .debug_info    0x000047b7      0xa44 _build/ble_srv_common.o
 .debug_info    0x000051fb     0x20d3 _build/ble_advdata.o
 .debug_info    0x000072ce     0x3624 _build/softdevice_handler.o
 .debug_info    0x0000a8f2     0x2a67 _build/ble_conn_params.o
 .debug_info    0x0000d359     0x1928 _build/pstorage.o
 .debug_info    0x0000ec81     0x1f4e _build/app_timer.o
 .debug_info    0x00010bcf      0x962 _build/app_trace.o
 .debug_info    0x00011531      0x6ab _build/simple_uart.o
 .debug_info    0x00011bdc     0x1353 _build/app_scheduler.o
 .debug_info    0x00012f2f      0x597 _build/app_button.o
 .debug_info    0x000134c6      0x9c9 _build/app_gpiote.o
 .debug_info    0x00013e8f     0x2ac2 _build/ble_accel_svc.o
 .debug_info    0x00016951      0x492 _build/LIS2DH_app.o
 .debug_info    0x00016de3     0x19df _build/spi_master.o
 .debug_info    0x000187c2      0x1b1 _build/system_nrf51.o
 .debug_info    0x00018973       0xbd _build/gcc_startup_nrf51.o
 .debug_info    0x00018a30       0xb9 /usr/lib/gcc/arm-none-eabi/4.9.3/armv6-m/libgcc.a(_udivsi3.o)
 .debug_info    0x00018ae9       0xb9 /usr/lib/gcc/arm-none-eabi/4.9.3/armv6-m/libgcc.a(_dvmd_tls.o)
 .debug_info    0x00018ba2      0x10a /usr/lib/gcc/arm-none-eabi/4.9.3/../../../arm-none-eabi/lib/armv6-m/libc.a(lib_a-atexit.o)
 .debug_info    0x00018cac      0x8e4 /usr/lib/gcc/arm-none-eabi/4.9.3/../../../arm-none-eabi/lib/armv6-m/libc.a(lib_a-exit.o)
 .debug_info    0x00019590       0xef /usr/lib/gcc/arm-none-eabi/4.9.3/../../../arm-none-eabi/lib/armv6-m/libc.a(lib_a-fini.o)
 .debug_info    0x0001967f      0x894 /usr/lib/gcc/arm-none-eabi/4.9.3/../../../arm-none-eabi/lib/armv6-m/libc.a(lib_a-impure.o)
 .debug_info    0x00019f13      0x105 /usr/lib/gcc/arm-none-eabi/4.9.3/../../../arm-none-eabi/lib/armv6-m/libc.a(lib_a-init.o)
 .debug_info    0x0001a018      0x131 /usr/lib/gcc/arm-none-eabi/4.9.3/../../../arm-none-eabi/lib/armv6-m/libc.a(lib_a-memcpy.o)
 .debug_info    0x0001a149      0x117 /usr/lib/gcc/arm-none-eabi/4.9.3/../../../arm-none-eabi/lib/armv6-m/libc.a(lib_a-memset.o)
 .debug_info    0x0001a260      0x934 /usr/lib/gcc/arm-none-eabi/4.9.3/../../../arm-none-eabi/lib/armv6-m/libc.a(lib_a-__atexit.o)
 .debug_info    0x0001ab94      0x9aa /usr/lib/gcc/arm-none-eabi/4.9.3/../../../arm-none-eabi/lib/armv6-m/libc.a(lib_a-__call_atexit.o)
 .debug_info    0x0001b53e       0x58 /usr/lib/gcc/arm-none-eabi/4.9.3/../../../arm-none-eabi/lib/armv6-m/libnosys.a(_exit.o)

.debug_abbrev   0x00000000     0x3288
 .debug_abbrev  0x00000000       0x14 /usr/lib/gcc/arm-none-eabi/4.9.3/../../../arm-none-eabi/lib/armv6-m/crt0.o
 .debug_abbrev  0x00000014      0x43a _build/main.o
 .debug_abbrev  0x0000044e      0x1ae _build/ble_srv_common.o
 .debug_abbrev  0x000005fc      0x288 _build/ble_advdata.o
 .debug_abbrev  0x00000884      0x311 _build/softdevice_handler.o
 .debug_abbrev  0x00000b95      0x33d _build/ble_conn_params.o
 .debug_abbrev  0x00000ed2      0x285 _build/pstorage.o
 .debug_abbrev  0x00001157      0x367 _build/app_timer.o
 .debug_abbrev  0x000014be      0x1fc _build/app_trace.o
 .debug_abbrev  0x000016ba      0x190 _build/simple_uart.o
 .debug_abbrev  0x0000184a      0x252 _build/app_scheduler.o
 .debug_abbrev  0x00001a9c      0x1a3 _build/app_button.o
 .debug_abbrev  0x00001c3f      0x24f _build/app_gpiote.o
 .debug_abbrev  0x00001e8e      0x315 _build/ble_accel_svc.o
 .debug_abbrev  0x000021a3      0x190 _build/LIS2DH_app.o
 .debug_abbrev  0x00002333      0x266 _build/spi_master.o
 .debug_abbrev  0x00002599       0xf4 _build/system_nrf51.o
 .debug_abbrev  0x0000268d       0x14 _build/gcc_startup_nrf51.o
 .debug_abbrev  0x000026a1       0x14 /usr/lib/gcc/arm-none-eabi/4.9.3/armv6-m/libgcc.a(_udivsi3.o)
 .debug_abbrev  0x000026b5       0x14 /usr/lib/gcc/arm-none-eabi/4.9.3/armv6-m/libgcc.a(_dvmd_tls.o)
 .debug_abbrev  0x000026c9       0xb5 /usr/lib/gcc/arm-none-eabi/4.9.3/../../../arm-none-eabi/lib/armv6-m/libc.a(lib_a-atexit.o)
 .debug_abbrev  0x0000277e      0x1e6 /usr/lib/gcc/arm-none-eabi/4.9.3/../../../arm-none-eabi/lib/armv6-m/libc.a(lib_a-exit.o)
 .debug_abbrev  0x00002964       0xba /usr/lib/gcc/arm-none-eabi/4.9.3/../../../arm-none-eabi/lib/armv6-m/libc.a(lib_a-fini.o)
 .debug_abbrev  0x00002a1e      0x180 /usr/lib/gcc/arm-none-eabi/4.9.3/../../../arm-none-eabi/lib/armv6-m/libc.a(lib_a-impure.o)
 .debug_abbrev  0x00002b9e       0xba /usr/lib/gcc/arm-none-eabi/4.9.3/../../../arm-none-eabi/lib/armv6-m/libc.a(lib_a-init.o)
 .debug_abbrev  0x00002c58       0xab /usr/lib/gcc/arm-none-eabi/4.9.3/../../../arm-none-eabi/lib/armv6-m/libc.a(lib_a-memcpy.o)
 .debug_abbrev  0x00002d03       0x9f /usr/lib/gcc/arm-none-eabi/4.9.3/../../../arm-none-eabi/lib/armv6-m/libc.a(lib_a-memset.o)
 .debug_abbrev  0x00002da2      0x20f /usr/lib/gcc/arm-none-eabi/4.9.3/../../../arm-none-eabi/lib/armv6-m/libc.a(lib_a-__atexit.o)
 .debug_abbrev  0x00002fb1      0x282 /usr/lib/gcc/arm-none-eabi/4.9.3/../../../arm-none-eabi/lib/armv6-m/libc.a(lib_a-__call_atexit.o)
 .debug_abbrev  0x00003233       0x55 /usr/lib/gcc/arm-none-eabi/4.9.3/../../../arm-none-eabi/lib/armv6-m/libnosys.a(_exit.o)

.debug_aranges  0x00000000     0x1cc0
 .debug_aranges
                0x00000000       0x20 /usr/lib/gcc/arm-none-eabi/4.9.3/../../../arm-none-eabi/lib/armv6-m/crt0.o
 .debug_aranges
                0x00000020      0x4a0 _build/main.o
 .debug_aranges
                0x000004c0       0xd0 _build/ble_srv_common.o
 .debug_aranges
                0x00000590      0x240 _build/ble_advdata.o
 .debug_aranges
                0x000007d0      0x3c0 _build/softdevice_handler.o
 .debug_aranges
                0x00000b90      0x230 _build/ble_conn_params.o
 .debug_aranges
                0x00000dc0      0x238 _build/pstorage.o
 .debug_aranges
                0x00000ff8      0x300 _build/app_timer.o
 .debug_aranges
                0x000012f8       0x30 _build/app_trace.o
 .debug_aranges
                0x00001328       0x58 _build/simple_uart.o
 .debug_aranges
                0x00001380      0x1f0 _build/app_scheduler.o
 .debug_aranges
                0x00001570       0x58 _build/app_button.o
 .debug_aranges
                0x000015c8       0x78 _build/app_gpiote.o
 .debug_aranges
                0x00001640      0x210 _build/ble_accel_svc.o
 .debug_aranges
                0x00001850       0x60 _build/LIS2DH_app.o
 .debug_aranges
                0x000018b0      0x238 _build/spi_master.o
 .debug_aranges
                0x00001ae8       0x38 _build/system_nrf51.o
 .debug_aranges
                0x00001b20       0x20 _build/gcc_startup_nrf51.o
 .debug_aranges
                0x00001b40       0x20 /usr/lib/gcc/arm-none-eabi/4.9.3/armv6-m/libgcc.a(_udivsi3.o)
 .debug_aranges
                0x00001b60       0x20 /usr/lib/gcc/arm-none-eabi/4.9.3/armv6-m/libgcc.a(_dvmd_tls.o)
 .debug_aranges
                0x00001b80       0x20 /usr/lib/gcc/arm-none-eabi/4.9.3/../../../arm-none-eabi/lib/armv6-m/libc.a(lib_a-atexit.o)
 .debug_aranges
                0x00001ba0       0x20 /usr/lib/gcc/arm-none-eabi/4.9.3/../../../arm-none-eabi/lib/armv6-m/libc.a(lib_a-exit.o)
 .debug_aranges
                0x00001bc0       0x20 /usr/lib/gcc/arm-none-eabi/4.9.3/../../../arm-none-eabi/lib/armv6-m/libc.a(lib_a-fini.o)
 .debug_aranges
                0x00001be0       0x18 /usr/lib/gcc/arm-none-eabi/4.9.3/../../../arm-none-eabi/lib/armv6-m/libc.a(lib_a-impure.o)
 .debug_aranges
                0x00001bf8       0x20 /usr/lib/gcc/arm-none-eabi/4.9.3/../../../arm-none-eabi/lib/armv6-m/libc.a(lib_a-init.o)
 .debug_aranges
                0x00001c18       0x20 /usr/lib/gcc/arm-none-eabi/4.9.3/../../../arm-none-eabi/lib/armv6-m/libc.a(lib_a-memcpy.o)
 .debug_aranges
                0x00001c38       0x20 /usr/lib/gcc/arm-none-eabi/4.9.3/../../../arm-none-eabi/lib/armv6-m/libc.a(lib_a-memset.o)
 .debug_aranges
                0x00001c58       0x20 /usr/lib/gcc/arm-none-eabi/4.9.3/../../../arm-none-eabi/lib/armv6-m/libc.a(lib_a-__atexit.o)
 .debug_aranges
                0x00001c78       0x28 /usr/lib/gcc/arm-none-eabi/4.9.3/../../../arm-none-eabi/lib/armv6-m/libc.a(lib_a-__call_atexit.o)
 .debug_aranges
                0x00001ca0       0x20 /usr/lib/gcc/arm-none-eabi/4.9.3/../../../arm-none-eabi/lib/armv6-m/libnosys.a(_exit.o)

.debug_ranges   0x00000000     0x1b00
 .debug_ranges  0x00000000      0x490 _build/main.o
 .debug_ranges  0x00000490       0xc0 _build/ble_srv_common.o
 .debug_ranges  0x00000550      0x230 _build/ble_advdata.o
 .debug_ranges  0x00000780      0x3b0 _build/softdevice_handler.o
 .debug_ranges  0x00000b30      0x238 _build/ble_conn_params.o
 .debug_ranges  0x00000d68      0x258 _build/pstorage.o
 .debug_ranges  0x00000fc0      0x2f0 _build/app_timer.o
 .debug_ranges  0x000012b0       0x20 _build/app_trace.o
 .debug_ranges  0x000012d0       0x48 _build/simple_uart.o
 .debug_ranges  0x00001318      0x1e0 _build/app_scheduler.o
 .debug_ranges  0x000014f8       0x48 _build/app_button.o
 .debug_ranges  0x00001540       0x68 _build/app_gpiote.o
 .debug_ranges  0x000015a8      0x200 _build/ble_accel_svc.o
 .debug_ranges  0x000017a8       0x50 _build/LIS2DH_app.o
 .debug_ranges  0x000017f8      0x228 _build/spi_master.o
 .debug_ranges  0x00001a20       0x28 _build/system_nrf51.o
 .debug_ranges  0x00001a48       0x10 /usr/lib/gcc/arm-none-eabi/4.9.3/../../../arm-none-eabi/lib/armv6-m/libc.a(lib_a-atexit.o)
 .debug_ranges  0x00001a58       0x10 /usr/lib/gcc/arm-none-eabi/4.9.3/../../../arm-none-eabi/lib/armv6-m/libc.a(lib_a-exit.o)
 .debug_ranges  0x00001a68       0x10 /usr/lib/gcc/arm-none-eabi/4.9.3/../../../arm-none-eabi/lib/armv6-m/libc.a(lib_a-fini.o)
 .debug_ranges  0x00001a78       0x10 /usr/lib/gcc/arm-none-eabi/4.9.3/../../../arm-none-eabi/lib/armv6-m/libc.a(lib_a-init.o)
 .debug_ranges  0x00001a88       0x10 /usr/lib/gcc/arm-none-eabi/4.9.3/../../../arm-none-eabi/lib/armv6-m/libc.a(lib_a-memcpy.o)
 .debug_ranges  0x00001a98       0x10 /usr/lib/gcc/arm-none-eabi/4.9.3/../../../arm-none-eabi/lib/armv6-m/libc.a(lib_a-memset.o)
 .debug_ranges  0x00001aa8       0x10 /usr/lib/gcc/arm-none-eabi/4.9.3/../../../arm-none-eabi/lib/armv6-m/libc.a(lib_a-__atexit.o)
 .debug_ranges  0x00001ab8       0x38 /usr/lib/gcc/arm-none-eabi/4.9.3/../../../arm-none-eabi/lib/armv6-m/libc.a(lib_a-__call_atexit.o)
 .debug_ranges  0x00001af0       0x10 /usr/lib/gcc/arm-none-eabi/4.9.3/../../../arm-none-eabi/lib/armv6-m/libnosys.a(_exit.o)

.debug_macro    0x00000000     0xd3ca
 .debug_macro   0x00000000      0x49c _build/main.o
 .debug_macro   0x0000049c      0x856 _build/main.o
 .debug_macro   0x00000cf2       0x22 _build/main.o
 .debug_macro   0x00000d14       0x44 _build/main.o
 .debug_macro   0x00000d58       0x1c _build/main.o
 .debug_macro   0x00000d74      0x1f7 _build/main.o
 .debug_macro   0x00000f6b       0x58 _build/main.o
 .debug_macro   0x00000fc3       0x35 _build/main.o
 .debug_macro   0x00000ff8       0x9c _build/main.o
 .debug_macro   0x00001094      0x166 _build/main.o
 .debug_macro   0x000011fa       0x52 _build/main.o
 .debug_macro   0x0000124c       0x16 _build/main.o
 .debug_macro   0x00001262       0x43 _build/main.o
 .debug_macro   0x000012a5      0x180 _build/main.o
 .debug_macro   0x00001425      0x29d _build/main.o
 .debug_macro   0x000016c2       0x10 _build/main.o
 .debug_macro   0x000016d2       0x35 _build/main.o
 .debug_macro   0x00001707       0xf4 _build/main.o
 .debug_macro   0x000017fb       0x22 _build/main.o
 .debug_macro   0x0000181d       0x3a _build/main.o
 .debug_macro   0x00001857       0x1f _build/main.o
 .debug_macro   0x00001876      0x242 _build/main.o
 .debug_macro   0x00001ab8      0x1d2 _build/main.o
 .debug_macro   0x00001c8a     0x746b _build/main.o
 .debug_macro   0x000090f5      0x976 _build/main.o
 .debug_macro   0x00009a6b       0x10 _build/main.o
 .debug_macro   0x00009a7b       0x22 _build/main.o
 .debug_macro   0x00009a9d       0x8e _build/main.o
 .debug_macro   0x00009b2b       0x16 _build/main.o
 .debug_macro   0x00009b41       0xd6 _build/main.o
 .debug_macro   0x00009c17      0x1e1 _build/main.o
 .debug_macro   0x00009df8       0x10 _build/main.o
 .debug_macro   0x00009e08      0x308 _build/main.o
 .debug_macro   0x0000a110       0x34 _build/main.o
 .debug_macro   0x0000a144       0x22 _build/main.o
 .debug_macro   0x0000a166      0x1d5 _build/main.o
 .debug_macro   0x0000a33b       0x16 _build/main.o
 .debug_macro   0x0000a351       0xb8 _build/main.o
 .debug_macro   0x0000a409       0x1c _build/main.o
 .debug_macro   0x0000a425       0xa6 _build/main.o
 .debug_macro   0x0000a4cb       0x22 _build/main.o
 .debug_macro   0x0000a4ed      0x245 _build/main.o
 .debug_macro   0x0000a732       0xd0 _build/main.o
 .debug_macro   0x0000a802       0x16 _build/main.o
 .debug_macro   0x0000a818       0x16 _build/main.o
 .debug_macro   0x0000a82e       0x16 _build/main.o
 .debug_macro   0x0000a844       0x29 _build/main.o
 .debug_macro   0x0000a86d       0x46 _build/main.o
 .debug_macro   0x0000a8b3       0x64 _build/main.o
 .debug_macro   0x0000a917       0x1c _build/main.o
 .debug_macro   0x0000a933       0x16 _build/main.o
 .debug_macro   0x0000a949       0x10 _build/main.o
 .debug_macro   0x0000a959       0x16 _build/main.o
 .debug_macro   0x0000a96f       0x1c _build/main.o
 .debug_macro   0x0000a98b       0x10 _build/main.o
 .debug_macro   0x0000a99b       0x10 _build/main.o
 .debug_macro   0x0000a9ab       0x22 _build/main.o
 .debug_macro   0x0000a9cd       0xbd _build/main.o
 .debug_macro   0x0000aa8a       0x16 _build/main.o
 .debug_macro   0x0000aaa0      0x16d _build/main.o
 .debug_macro   0x0000ac0d       0x41 _build/main.o
 .debug_macro   0x0000ac4e       0x22 _build/main.o
 .debug_macro   0x0000ac70       0x16 _build/main.o
 .debug_macro   0x0000ac86       0x22 _build/main.o
 .debug_macro   0x0000aca8       0x2e _build/main.o
 .debug_macro   0x0000acd6       0x46 _build/main.o
 .debug_macro   0x0000ad1c       0x22 _build/main.o
 .debug_macro   0x0000ad3e       0x10 _build/main.o
 .debug_macro   0x0000ad4e       0xee _build/main.o
 .debug_macro   0x0000ae3c      0x17b _build/ble_srv_common.o
 .debug_macro   0x0000afb7       0x1c _build/ble_srv_common.o
 .debug_macro   0x0000afd3      0x1cd _build/ble_advdata.o
 .debug_macro   0x0000b1a0      0x268 _build/softdevice_handler.o
 .debug_macro   0x0000b408      0x10e _build/softdevice_handler.o
 .debug_macro   0x0000b516       0x7f _build/softdevice_handler.o
 .debug_macro   0x0000b595       0x4a _build/softdevice_handler.o
 .debug_macro   0x0000b5df       0x40 _build/softdevice_handler.o
 .debug_macro   0x0000b61f      0x30e _build/softdevice_handler.o
 .debug_macro   0x0000b92d       0x3a _build/softdevice_handler.o
 .debug_macro   0x0000b967       0x10 _build/softdevice_handler.o
 .debug_macro   0x0000b977       0x10 _build/softdevice_handler.o
 .debug_macro   0x0000b987      0x256 _build/ble_conn_params.o
 .debug_macro   0x0000bbdd       0x1c _build/ble_conn_params.o
 .debug_macro   0x0000bbf9      0x262 _build/pstorage.o
 .debug_macro   0x0000be5b       0x40 _build/pstorage.o
 .debug_macro   0x0000be9b      0x299 _build/app_timer.o
 .debug_macro   0x0000c134       0x28 _build/app_timer.o
 .debug_macro   0x0000c15c      0x24b _build/app_trace.o
 .debug_macro   0x0000c3a7       0x16 _build/app_trace.o
 .debug_macro   0x0000c3bd       0x52 _build/app_trace.o
 .debug_macro   0x0000c40f       0x22 _build/app_trace.o
 .debug_macro   0x0000c431       0x18 _build/app_trace.o
 .debug_macro   0x0000c449       0x28 _build/app_trace.o
 .debug_macro   0x0000c471       0x1c _build/app_trace.o
 .debug_macro   0x0000c48d       0xca _build/app_trace.o
 .debug_macro   0x0000c557       0xdf _build/simple_uart.o
 .debug_macro   0x0000c636      0x20f _build/app_scheduler.o
 .debug_macro   0x0000c845      0x22b _build/app_button.o
 .debug_macro   0x0000ca70       0x28 _build/app_button.o
 .debug_macro   0x0000ca98      0x1f8 _build/app_gpiote.o
 .debug_macro   0x0000cc90      0x1c7 _build/ble_accel_svc.o
 .debug_macro   0x0000ce57      0x1db _build/LIS2DH_app.o
 .debug_macro   0x0000d032       0xe8 _build/LIS2DH_app.o
 .debug_macro   0x0000d11a       0x1c _build/LIS2DH_app.o
 .debug_macro   0x0000d136      0x1b7 _build/spi_master.o
 .debug_macro   0x0000d2ed       0x16 _build/spi_master.o
 .debug_macro   0x0000d303       0xc7 _build/system_nrf51.o

.debug_str      0x00000000    0x40105
 .debug_str     0x00000000    0x3c392 _build/main.o
                              0x3c8a0 (size before relaxing)
 .debug_str     0x0003c392       0xa2 _build/ble_srv_common.o
                               0xa454 (size before relaxing)
 .debug_str     0x0003c434      0x290 _build/ble_advdata.o
                               0xba84 (size before relaxing)
 .debug_str     0x0003c6c4      0x266 _build/softdevice_handler.o
                              0x347f0 (size before relaxing)
 .debug_str     0x0003c92a      0x1e3 _build/ble_conn_params.o
                               0xda96 (size before relaxing)
 .debug_str     0x0003cb0d      0xb6c _build/pstorage.o
                              0x33bab (size before relaxing)
 .debug_str     0x0003d679      0xc2d _build/app_timer.o
                              0x3492f (size before relaxing)
 .debug_str     0x0003e2a6      0x73d _build/app_trace.o
                              0x33165 (size before relaxing)
 .debug_str     0x0003e9e3      0x228 _build/simple_uart.o
                              0x2ed8f (size before relaxing)
 .debug_str     0x0003ec0b      0x24f _build/app_scheduler.o
                              0x301be (size before relaxing)
 .debug_str     0x0003ee5a      0x1f0 _build/app_button.o
                              0x32f70 (size before relaxing)
 .debug_str     0x0003f04a      0x214 _build/app_gpiote.o
                              0x31ff1 (size before relaxing)
 .debug_str     0x0003f25e       0xf8 _build/ble_accel_svc.o
                               0xc313 (size before relaxing)
 .debug_str     0x0003f356      0x2a7 _build/LIS2DH_app.o
                              0x3107b (size before relaxing)
 .debug_str     0x0003f5fd      0x427 _build/spi_master.o
                              0x2f0be (size before relaxing)
 .debug_str     0x0003fa24      0x108 _build/system_nrf51.o
                              0x2eb06 (size before relaxing)
 .debug_str     0x0003fb2c      0x144 /usr/lib/gcc/arm-none-eabi/4.9.3/../../../arm-none-eabi/lib/armv6-m/libc.a(lib_a-atexit.o)
                                0x1dd (size before relaxing)
 .debug_str     0x0003fc70       0x3d /usr/lib/gcc/arm-none-eabi/4.9.3/../../../arm-none-eabi/lib/armv6-m/libc.a(lib_a-exit.o)
                                0x57a (size before relaxing)
 .debug_str     0x0003fcad       0xbc /usr/lib/gcc/arm-none-eabi/4.9.3/../../../arm-none-eabi/lib/armv6-m/libc.a(lib_a-fini.o)
                                0x1d5 (size before relaxing)
 .debug_str     0x0003fd69       0x96 /usr/lib/gcc/arm-none-eabi/4.9.3/../../../arm-none-eabi/lib/armv6-m/libc.a(lib_a-impure.o)
                                0x571 (size before relaxing)
 .debug_str     0x0003fdff       0x8a /usr/lib/gcc/arm-none-eabi/4.9.3/../../../arm-none-eabi/lib/armv6-m/libc.a(lib_a-init.o)
                                0x1ff (size before relaxing)
 .debug_str     0x0003fe89       0xba /usr/lib/gcc/arm-none-eabi/4.9.3/../../../arm-none-eabi/lib/armv6-m/libc.a(lib_a-memcpy.o)
                                0x1c7 (size before relaxing)
 .debug_str     0x0003ff43       0x42 /usr/lib/gcc/arm-none-eabi/4.9.3/../../../arm-none-eabi/lib/armv6-m/libc.a(lib_a-memset.o)
                                0x1b4 (size before relaxing)
 .debug_str     0x0003ff85       0x30 /usr/lib/gcc/arm-none-eabi/4.9.3/../../../arm-none-eabi/lib/armv6-m/libc.a(lib_a-__atexit.o)
                                0x5b9 (size before relaxing)
 .debug_str     0x0003ffb5       0x70 /usr/lib/gcc/arm-none-eabi/4.9.3/../../../arm-none-eabi/lib/armv6-m/libc.a(lib_a-__call_atexit.o)
                                0x5d1 (size before relaxing)
 .debug_str     0x00040025       0xe0 /usr/lib/gcc/arm-none-eabi/4.9.3/../../../arm-none-eabi/lib/armv6-m/libnosys.a(_exit.o)
                                 0xe6 (size before relaxing)

.debug_frame    0x00000000     0x42c8
 .debug_frame   0x00000000      0xb48 _build/main.o
 .debug_frame   0x00000b48      0x1a0 _build/ble_srv_common.o
 .debug_frame   0x00000ce8      0x550 _build/ble_advdata.o
 .debug_frame   0x00001238      0x7e0 _build/softdevice_handler.o
 .debug_frame   0x00001a18      0x50c _build/ble_conn_params.o
 .debug_frame   0x00001f24      0x568 _build/pstorage.o
 .debug_frame   0x0000248c      0x864 _build/app_timer.o
 .debug_frame   0x00002cf0       0x70 _build/app_trace.o
 .debug_frame   0x00002d60      0x110 _build/simple_uart.o
 .debug_frame   0x00002e70      0x440 _build/app_scheduler.o
 .debug_frame   0x000032b0      0x10c _build/app_button.o
 .debug_frame   0x000033bc      0x194 _build/app_gpiote.o
 .debug_frame   0x00003550      0x490 _build/ble_accel_svc.o
 .debug_frame   0x000039e0      0x130 _build/LIS2DH_app.o
 .debug_frame   0x00003b10      0x564 _build/spi_master.o
 .debug_frame   0x00004074       0x80 _build/system_nrf51.o
 .debug_frame   0x000040f4       0x20 /usr/lib/gcc/arm-none-eabi/4.9.3/armv6-m/libgcc.a(_udivsi3.o)
 .debug_frame   0x00004114       0x28 /usr/lib/gcc/arm-none-eabi/4.9.3/../../../arm-none-eabi/lib/armv6-m/libc.a(lib_a-atexit.o)
 .debug_frame   0x0000413c       0x28 /usr/lib/gcc/arm-none-eabi/4.9.3/../../../arm-none-eabi/lib/armv6-m/libc.a(lib_a-exit.o)
 .debug_frame   0x00004164       0x2c /usr/lib/gcc/arm-none-eabi/4.9.3/../../../arm-none-eabi/lib/armv6-m/libc.a(lib_a-fini.o)
 .debug_frame   0x00004190       0x2c /usr/lib/gcc/arm-none-eabi/4.9.3/../../../arm-none-eabi/lib/armv6-m/libc.a(lib_a-init.o)
 .debug_frame   0x000041bc       0x30 /usr/lib/gcc/arm-none-eabi/4.9.3/../../../arm-none-eabi/lib/armv6-m/libc.a(lib_a-memcpy.o)
 .debug_frame   0x000041ec       0x30 /usr/lib/gcc/arm-none-eabi/4.9.3/../../../arm-none-eabi/lib/armv6-m/libc.a(lib_a-memset.o)
 .debug_frame   0x0000421c       0x38 /usr/lib/gcc/arm-none-eabi/4.9.3/../../../arm-none-eabi/lib/armv6-m/libc.a(lib_a-__atexit.o)
 .debug_frame   0x00004254       0x54 /usr/lib/gcc/arm-none-eabi/4.9.3/../../../arm-none-eabi/lib/armv6-m/libc.a(lib_a-__call_atexit.o)
 .debug_frame   0x000042a8       0x20 /usr/lib/gcc/arm-none-eabi/4.9.3/../../../arm-none-eabi/lib/armv6-m/libnosys.a(_exit.o)

.debug_loc      0x00000000      0xaab
 .debug_loc     0x00000000       0x2c /usr/lib/gcc/arm-none-eabi/4.9.3/../../../arm-none-eabi/lib/armv6-m/libc.a(lib_a-atexit.o)
 .debug_loc     0x0000002c       0x1e /usr/lib/gcc/arm-none-eabi/4.9.3/../../../arm-none-eabi/lib/armv6-m/libc.a(lib_a-exit.o)
 .debug_loc     0x0000004a       0x2b /usr/lib/gcc/arm-none-eabi/4.9.3/../../../arm-none-eabi/lib/armv6-m/libc.a(lib_a-fini.o)
 .debug_loc     0x00000075       0x84 /usr/lib/gcc/arm-none-eabi/4.9.3/../../../arm-none-eabi/lib/armv6-m/libc.a(lib_a-init.o)
 .debug_loc     0x000000f9      0x375 /usr/lib/gcc/arm-none-eabi/4.9.3/../../../arm-none-eabi/lib/armv6-m/libc.a(lib_a-memcpy.o)
 .debug_loc     0x0000046e      0x1b0 /usr/lib/gcc/arm-none-eabi/4.9.3/../../../arm-none-eabi/lib/armv6-m/libc.a(lib_a-memset.o)
 .debug_loc     0x0000061e      0x1b9 /usr/lib/gcc/arm-none-eabi/4.9.3/../../../arm-none-eabi/lib/armv6-m/libc.a(lib_a-__atexit.o)
 .debug_loc     0x000007d7      0x2d4 /usr/lib/gcc/arm-none-eabi/4.9.3/../../../arm-none-eabi/lib/armv6-m/libc.a(lib_a-__call_atexit.o)

.stabstr        0x00000000      0x14d
 .stabstr       0x00000000      0x14d /usr/lib/gcc/arm-none-eabi/4.9.3/../../../arm-none-eabi/lib/armv6-m/libnosys.a(close.o)
