Archive member included to satisfy reference by file (symbol)

/usr/lib/gcc/arm-none-eabi/4.9.3/armv6-m/libgcc.a(_udivsi3.o)
                              _build/main.o (__aeabi_uidiv)
/usr/lib/gcc/arm-none-eabi/4.9.3/armv6-m/libgcc.a(_dvmd_tls.o)
                              /usr/lib/gcc/arm-none-eabi/4.9.3/armv6-m/libgcc.a(_udivsi3.o) (__aeabi_idiv0)
/usr/lib/gcc/arm-none-eabi/4.9.3/../../../arm-none-eabi/lib/armv6-m/libc.a(lib_a-atexit.o)
                              /usr/lib/gcc/arm-none-eabi/4.9.3/../../../arm-none-eabi/lib/armv6-m/crt0.o (atexit)
/usr/lib/gcc/arm-none-eabi/4.9.3/../../../arm-none-eabi/lib/armv6-m/libc.a(lib_a-exit.o)
                              /usr/lib/gcc/arm-none-eabi/4.9.3/../../../arm-none-eabi/lib/armv6-m/crt0.o (exit)
/usr/lib/gcc/arm-none-eabi/4.9.3/../../../arm-none-eabi/lib/armv6-m/libc.a(lib_a-fini.o)
                              /usr/lib/gcc/arm-none-eabi/4.9.3/../../../arm-none-eabi/lib/armv6-m/crt0.o (__libc_fini_array)
/usr/lib/gcc/arm-none-eabi/4.9.3/../../../arm-none-eabi/lib/armv6-m/libc.a(lib_a-impure.o)
                              /usr/lib/gcc/arm-none-eabi/4.9.3/../../../arm-none-eabi/lib/armv6-m/libc.a(lib_a-exit.o) (_global_impure_ptr)
/usr/lib/gcc/arm-none-eabi/4.9.3/../../../arm-none-eabi/lib/armv6-m/libc.a(lib_a-init.o)
                              /usr/lib/gcc/arm-none-eabi/4.9.3/../../../arm-none-eabi/lib/armv6-m/crt0.o (__libc_init_array)
/usr/lib/gcc/arm-none-eabi/4.9.3/../../../arm-none-eabi/lib/armv6-m/libc.a(lib_a-memcpy.o)
                              _build/main.o (memcpy)
/usr/lib/gcc/arm-none-eabi/4.9.3/../../../arm-none-eabi/lib/armv6-m/libc.a(lib_a-memset.o)
                              /usr/lib/gcc/arm-none-eabi/4.9.3/../../../arm-none-eabi/lib/armv6-m/crt0.o (memset)
/usr/lib/gcc/arm-none-eabi/4.9.3/../../../arm-none-eabi/lib/armv6-m/libc.a(lib_a-__atexit.o)
                              /usr/lib/gcc/arm-none-eabi/4.9.3/../../../arm-none-eabi/lib/armv6-m/libc.a(lib_a-atexit.o) (__register_exitproc)
/usr/lib/gcc/arm-none-eabi/4.9.3/../../../arm-none-eabi/lib/armv6-m/libc.a(lib_a-__call_atexit.o)
                              /usr/lib/gcc/arm-none-eabi/4.9.3/../../../arm-none-eabi/lib/armv6-m/libc.a(lib_a-exit.o) (__call_exitprocs)
/usr/lib/gcc/arm-none-eabi/4.9.3/../../../arm-none-eabi/lib/armv6-m/libnosys.a(_exit.o)
                              /usr/lib/gcc/arm-none-eabi/4.9.3/../../../arm-none-eabi/lib/armv6-m/libc.a(lib_a-exit.o) (_exit)

Discarded input sections

 .group         0x00000000        0x8 _build/main.o
 .group         0x00000000        0x8 _build/main.o
 .group         0x00000000        0x8 _build/main.o
 .group         0x00000000        0x8 _build/main.o
 .group         0x00000000        0x8 _build/main.o
 .group         0x00000000        0x8 _build/main.o
 .group         0x00000000        0x8 _build/main.o
 .group         0x00000000        0x8 _build/main.o
 .group         0x00000000        0x8 _build/main.o
 .group         0x00000000        0x8 _build/main.o
 .group         0x00000000        0x8 _build/main.o
 .group         0x00000000        0x8 _build/main.o
 .group         0x00000000        0x8 _build/main.o
 .group         0x00000000        0x8 _build/main.o
 .group         0x00000000        0x8 _build/main.o
 .group         0x00000000        0x8 _build/main.o
 .group         0x00000000        0x8 _build/main.o
 .group         0x00000000        0x8 _build/main.o
 .group         0x00000000        0x8 _build/main.o
 .group         0x00000000        0x8 _build/main.o
 .group         0x00000000        0x8 _build/main.o
 .group         0x00000000        0x8 _build/main.o
 .group         0x00000000        0x8 _build/main.o
 .group         0x00000000        0x8 _build/main.o
 .group         0x00000000        0x8 _build/main.o
 .group         0x00000000        0x8 _build/main.o
 .group         0x00000000        0x8 _build/main.o
 .group         0x00000000        0x8 _build/main.o
 .group         0x00000000        0x8 _build/nrf_delay.o
 .group         0x00000000        0x8 _build/nrf_delay.o
 .group         0x00000000        0x8 _build/nrf_delay.o
 .group         0x00000000        0x8 _build/nrf_delay.o
 .group         0x00000000        0x8 _build/nrf_delay.o
 .group         0x00000000        0x8 _build/nrf_delay.o
 .group         0x00000000        0x8 _build/nrf_delay.o
 .group         0x00000000        0x8 _build/nrf_delay.o
 .group         0x00000000        0x8 _build/nrf_delay.o
 .group         0x00000000        0x8 _build/nrf_delay.o
 .group         0x00000000        0x8 _build/nrf_delay.o
 .group         0x00000000        0x8 _build/nrf_delay.o
 .group         0x00000000        0x8 _build/nrf_delay.o
 .group         0x00000000        0x8 _build/nrf_delay.o
 .group         0x00000000        0x8 _build/nrf_delay.o
 .group         0x00000000        0x8 _build/nrf_delay.o
 .group         0x00000000        0x8 _build/nrf_delay.o
 .group         0x00000000        0x8 _build/nrf_delay.o
 .group         0x00000000        0x8 _build/nrf_delay.o
 .group         0x00000000        0x8 _build/nrf_delay.o
 .group         0x00000000        0x8 _build/nrf_delay.o
 .group         0x00000000        0x8 _build/nrf_delay.o
 .group         0x00000000        0x8 _build/nrf_delay.o
 .group         0x00000000        0x8 _build/nrf_delay.o
 .group         0x00000000        0x8 _build/nrf_delay.o
 .group         0x00000000        0x8 _build/nrf_delay.o
 .group         0x00000000        0x8 _build/nrf_delay.o
 .group         0x00000000        0x8 _build/nrf_delay.o
 .group         0x00000000        0x8 _build/nrf_delay.o
 .group         0x00000000        0x8 _build/nrf_delay.o
 .debug_macro   0x00000000      0x844 _build/nrf_delay.o
 .debug_macro   0x00000000       0x58 _build/nrf_delay.o
 .debug_macro   0x00000000       0x22 _build/nrf_delay.o
 .debug_macro   0x00000000       0x35 _build/nrf_delay.o
 .debug_macro   0x00000000       0x9c _build/nrf_delay.o
 .debug_macro   0x00000000       0x52 _build/nrf_delay.o
 .debug_macro   0x00000000       0x16 _build/nrf_delay.o
 .debug_macro   0x00000000       0x43 _build/nrf_delay.o
 .debug_macro   0x00000000      0x180 _build/nrf_delay.o
 .debug_macro   0x00000000       0x22 _build/nrf_delay.o
 .debug_macro   0x00000000       0x3a _build/nrf_delay.o
 .debug_macro   0x00000000       0x1c _build/nrf_delay.o
 .debug_macro   0x00000000      0x1f7 _build/nrf_delay.o
 .debug_macro   0x00000000       0x1f _build/nrf_delay.o
 .debug_macro   0x00000000      0x242 _build/nrf_delay.o
 .debug_macro   0x00000000      0x1d2 _build/nrf_delay.o
 .debug_macro   0x00000000     0x746b _build/nrf_delay.o
 .debug_macro   0x00000000      0x976 _build/nrf_delay.o
 .group         0x00000000        0x8 _build/simple_uart.o
 .group         0x00000000        0x8 _build/simple_uart.o
 .group         0x00000000        0x8 _build/simple_uart.o
 .group         0x00000000        0x8 _build/simple_uart.o
 .group         0x00000000        0x8 _build/simple_uart.o
 .group         0x00000000        0x8 _build/simple_uart.o
 .group         0x00000000        0x8 _build/simple_uart.o
 .group         0x00000000        0x8 _build/simple_uart.o
 .group         0x00000000        0x8 _build/simple_uart.o
 .group         0x00000000        0x8 _build/simple_uart.o
 .group         0x00000000        0x8 _build/simple_uart.o
 .group         0x00000000        0x8 _build/simple_uart.o
 .group         0x00000000        0x8 _build/simple_uart.o
 .group         0x00000000        0x8 _build/simple_uart.o
 .debug_macro   0x00000000      0x844 _build/simple_uart.o
 .debug_macro   0x00000000       0x22 _build/simple_uart.o
 .debug_macro   0x00000000       0x44 _build/simple_uart.o
 .debug_macro   0x00000000       0x1c _build/simple_uart.o
 .debug_macro   0x00000000      0x1f7 _build/simple_uart.o
 .debug_macro   0x00000000       0x22 _build/simple_uart.o
 .debug_macro   0x00000000       0x3a _build/simple_uart.o
 .debug_macro   0x00000000       0x1f _build/simple_uart.o
 .debug_macro   0x00000000      0x242 _build/simple_uart.o
 .debug_macro   0x00000000      0x1d2 _build/simple_uart.o
 .debug_macro   0x00000000     0x746b _build/simple_uart.o
 .debug_macro   0x00000000      0x976 _build/simple_uart.o
 .debug_macro   0x00000000       0x10 _build/simple_uart.o
 .debug_macro   0x00000000       0x22 _build/simple_uart.o
 .group         0x00000000        0x8 _build/LIS2DH.o
 .group         0x00000000        0x8 _build/LIS2DH.o
 .group         0x00000000        0x8 _build/LIS2DH.o
 .group         0x00000000        0x8 _build/LIS2DH.o
 .group         0x00000000        0x8 _build/LIS2DH.o
 .group         0x00000000        0x8 _build/LIS2DH.o
 .group         0x00000000        0x8 _build/LIS2DH.o
 .group         0x00000000        0x8 _build/LIS2DH.o
 .group         0x00000000        0x8 _build/LIS2DH.o
 .group         0x00000000        0x8 _build/LIS2DH.o
 .group         0x00000000        0x8 _build/LIS2DH.o
 .group         0x00000000        0x8 _build/LIS2DH.o
 .group         0x00000000        0x8 _build/LIS2DH.o
 .group         0x00000000        0x8 _build/LIS2DH.o
 .debug_macro   0x00000000      0x844 _build/LIS2DH.o
 .debug_macro   0x00000000       0x22 _build/LIS2DH.o
 .debug_macro   0x00000000       0x3a _build/LIS2DH.o
 .debug_macro   0x00000000       0x22 _build/LIS2DH.o
 .debug_macro   0x00000000       0x44 _build/LIS2DH.o
 .debug_macro   0x00000000       0x1c _build/LIS2DH.o
 .debug_macro   0x00000000      0x1f7 _build/LIS2DH.o
 .debug_macro   0x00000000       0x1f _build/LIS2DH.o
 .debug_macro   0x00000000      0x242 _build/LIS2DH.o
 .debug_macro   0x00000000      0x1d2 _build/LIS2DH.o
 .debug_macro   0x00000000     0x746b _build/LIS2DH.o
 .debug_macro   0x00000000       0xd0 _build/LIS2DH.o
 .debug_macro   0x00000000      0x976 _build/LIS2DH.o
 .debug_macro   0x00000000       0x10 _build/LIS2DH.o
 .group         0x00000000        0x8 _build/system_nrf51.o
 .group         0x00000000        0x8 _build/system_nrf51.o
 .group         0x00000000        0x8 _build/system_nrf51.o
 .group         0x00000000        0x8 _build/system_nrf51.o
 .group         0x00000000        0x8 _build/system_nrf51.o
 .group         0x00000000        0x8 _build/system_nrf51.o
 .group         0x00000000        0x8 _build/system_nrf51.o
 .group         0x00000000        0x8 _build/system_nrf51.o
 .group         0x00000000        0x8 _build/system_nrf51.o
 .group         0x00000000        0x8 _build/system_nrf51.o
 .group         0x00000000        0x8 _build/system_nrf51.o
 .group         0x00000000        0x8 _build/system_nrf51.o
 .group         0x00000000        0x8 _build/system_nrf51.o
 .group         0x00000000        0x8 _build/system_nrf51.o
 .debug_macro   0x00000000      0x844 _build/system_nrf51.o
 .debug_macro   0x00000000       0x22 _build/system_nrf51.o
 .debug_macro   0x00000000       0x44 _build/system_nrf51.o
 .debug_macro   0x00000000       0x1c _build/system_nrf51.o
 .debug_macro   0x00000000      0x1f7 _build/system_nrf51.o
 .debug_macro   0x00000000       0x22 _build/system_nrf51.o
 .debug_macro   0x00000000       0x22 _build/system_nrf51.o
 .debug_macro   0x00000000       0x3a _build/system_nrf51.o
 .debug_macro   0x00000000       0x1f _build/system_nrf51.o
 .debug_macro   0x00000000      0x242 _build/system_nrf51.o
 .debug_macro   0x00000000      0x1d2 _build/system_nrf51.o
 .debug_macro   0x00000000     0x746b _build/system_nrf51.o
 .debug_macro   0x00000000      0x976 _build/system_nrf51.o
 .debug_macro   0x00000000       0x10 _build/system_nrf51.o

Memory Configuration

Name             Origin             Length             Attributes
FLASH            0x00000000         0x00040000         xr
RAM              0x20000000         0x00004000         xrw
*default*        0x00000000         0xffffffff

Linker script and memory map

LOAD /usr/lib/gcc/arm-none-eabi/4.9.3/armv6-m/crti.o
LOAD /usr/lib/gcc/arm-none-eabi/4.9.3/armv6-m/crtbegin.o
LOAD /usr/lib/gcc/arm-none-eabi/4.9.3/../../../arm-none-eabi/lib/armv6-m/crt0.o
LOAD _build/main.o
LOAD _build/nrf_delay.o
LOAD _build/simple_uart.o
LOAD _build/LIS2DH.o
LOAD _build/system_nrf51.o
LOAD _build/gcc_startup_nrf51.o
START GROUP
LOAD /usr/lib/gcc/arm-none-eabi/4.9.3/armv6-m/libgcc.a
LOAD /usr/lib/gcc/arm-none-eabi/4.9.3/../../../arm-none-eabi/lib/armv6-m/libc.a
END GROUP
LOAD /usr/lib/gcc/arm-none-eabi/4.9.3/armv6-m/crtend.o
LOAD /usr/lib/gcc/arm-none-eabi/4.9.3/armv6-m/crtn.o
START GROUP
LOAD /usr/lib/gcc/arm-none-eabi/4.9.3/armv6-m/libgcc.a
LOAD /usr/lib/gcc/arm-none-eabi/4.9.3/../../../arm-none-eabi/lib/armv6-m/libc.a
LOAD /usr/lib/gcc/arm-none-eabi/4.9.3/../../../arm-none-eabi/lib/armv6-m/libnosys.a
END GROUP

.text           0x00000000     0x1dd8
 *(.Vectors)
 .Vectors       0x00000000       0xc0 _build/gcc_startup_nrf51.o
                0x00000000                __Vectors
 *(.text*)
 .text          0x000000c0        0x0 /usr/lib/gcc/arm-none-eabi/4.9.3/armv6-m/crti.o
 .text          0x000000c0       0xb4 /usr/lib/gcc/arm-none-eabi/4.9.3/armv6-m/crtbegin.o
 .text          0x00000174       0x6c /usr/lib/gcc/arm-none-eabi/4.9.3/../../../arm-none-eabi/lib/armv6-m/crt0.o
                0x00000174                _mainCRTStartup
                0x00000174                _start
 .text          0x000001e0      0xee4 _build/main.o
                0x00000220                LED_INIT
                0x00000238                LEDS_ON
                0x00000254                LEDS_OFF
                0x0000026c                LED_LPM
                0x00000288                LED_BAR
                0x00000374                BUT_INIT
                0x00000384                uart_put_dec32bit
                0x0000089c                uart_put_decbyte
                0x00000970                uart_put_decaccel
                0x00000b78                combine
                0x00000bb0                dot
                0x00000bfc                lowest_led
                0x00000df0                main
 .text          0x000010c4       0x5c _build/nrf_delay.o
                0x000010f8                nrf_delay_ms
 .text          0x00001120      0x284 _build/simple_uart.o
                0x000011a0                simple_uart_get
                0x000011d0                simple_uart_get_with_timeout
                0x00001240                simple_uart_put
                0x0000127c                simple_uart_putstring
                0x000012cc                simple_uart_config
 .text          0x000013a4      0x274 _build/LIS2DH.o
                0x00001434                SPI_INIT
                0x000014ac                SEL_CS
                0x000014c0                REL_CS
                0x000014d4                SPI_TXRX
                0x00001548                reg_write
                0x00001588                reg_read
                0x000015d0                reg_write_ver
 .text          0x00001618      0x124 _build/system_nrf51.o
                0x00001618                SystemCoreClockUpdate
                0x00001630                SystemInit
 .text          0x0000173c       0x54 _build/gcc_startup_nrf51.o
                0x0000173c                Reset_Handler
                0x00001784                NMI_Handler
                0x00001786                HardFault_Handler
                0x00001788                SVC_Handler
                0x0000178a                PendSV_Handler
                0x0000178c                SysTick_Handler
                0x0000178e                TIMER2_IRQHandler
                0x0000178e                SPI0_TWI0_IRQHandler
                0x0000178e                RTC0_IRQHandler
                0x0000178e                GPIOTE_IRQHandler
                0x0000178e                POWER_CLOCK_IRQHandler
                0x0000178e                RADIO_IRQHandler
                0x0000178e                LPCOMP_IRQHandler
                0x0000178e                SWI4_IRQHandler
                0x0000178e                TEMP_IRQHandler
                0x0000178e                QDEC_IRQHandler
                0x0000178e                UART0_IRQHandler
                0x0000178e                SWI5_IRQHandler
                0x0000178e                TIMER0_IRQHandler
                0x0000178e                SWI0_IRQHandler
                0x0000178e                TIMER1_IRQHandler
                0x0000178e                ECB_IRQHandler
                0x0000178e                Default_Handler
                0x0000178e                ADC_IRQHandler
                0x0000178e                SWI3_IRQHandler
                0x0000178e                CCM_AAR_IRQHandler
                0x0000178e                WDT_IRQHandler
                0x0000178e                SWI2_IRQHandler
                0x0000178e                RNG_IRQHandler
                0x0000178e                SPI1_TWI1_IRQHandler
                0x0000178e                RTC1_IRQHandler
                0x0000178e                SWI1_IRQHandler
 .text          0x00001790      0x120 /usr/lib/gcc/arm-none-eabi/4.9.3/armv6-m/libgcc.a(_udivsi3.o)
                0x00001790                __udivsi3
                0x00001790                __aeabi_uidiv
                0x0000189c                __aeabi_uidivmod
 .text          0x000018b0        0x4 /usr/lib/gcc/arm-none-eabi/4.9.3/armv6-m/libgcc.a(_dvmd_tls.o)
                0x000018b0                __aeabi_ldiv0
                0x000018b0                __aeabi_idiv0
 .text          0x000018b4        0x0 /usr/lib/gcc/arm-none-eabi/4.9.3/../../../arm-none-eabi/lib/armv6-m/libc.a(lib_a-atexit.o)
 .text.atexit   0x000018b4       0x10 /usr/lib/gcc/arm-none-eabi/4.9.3/../../../arm-none-eabi/lib/armv6-m/libc.a(lib_a-atexit.o)
                0x000018b4                atexit
 .text          0x000018c4        0x0 /usr/lib/gcc/arm-none-eabi/4.9.3/../../../arm-none-eabi/lib/armv6-m/libc.a(lib_a-exit.o)
 .text.exit     0x000018c4       0x20 /usr/lib/gcc/arm-none-eabi/4.9.3/../../../arm-none-eabi/lib/armv6-m/libc.a(lib_a-exit.o)
                0x000018c4                exit
 .text          0x000018e4        0x0 /usr/lib/gcc/arm-none-eabi/4.9.3/../../../arm-none-eabi/lib/armv6-m/libc.a(lib_a-fini.o)
 .text.__libc_fini_array
                0x000018e4       0x30 /usr/lib/gcc/arm-none-eabi/4.9.3/../../../arm-none-eabi/lib/armv6-m/libc.a(lib_a-fini.o)
                0x000018e4                __libc_fini_array
 .text          0x00001914        0x0 /usr/lib/gcc/arm-none-eabi/4.9.3/../../../arm-none-eabi/lib/armv6-m/libc.a(lib_a-impure.o)
 .text          0x00001914        0x0 /usr/lib/gcc/arm-none-eabi/4.9.3/../../../arm-none-eabi/lib/armv6-m/libc.a(lib_a-init.o)
 .text.__libc_init_array
                0x00001914       0x48 /usr/lib/gcc/arm-none-eabi/4.9.3/../../../arm-none-eabi/lib/armv6-m/libc.a(lib_a-init.o)
                0x00001914                __libc_init_array
 .text          0x0000195c        0x0 /usr/lib/gcc/arm-none-eabi/4.9.3/../../../arm-none-eabi/lib/armv6-m/libc.a(lib_a-memcpy.o)
 .text.memcpy   0x0000195c       0x84 /usr/lib/gcc/arm-none-eabi/4.9.3/../../../arm-none-eabi/lib/armv6-m/libc.a(lib_a-memcpy.o)
                0x0000195c                memcpy
 .text          0x000019e0        0x0 /usr/lib/gcc/arm-none-eabi/4.9.3/../../../arm-none-eabi/lib/armv6-m/libc.a(lib_a-memset.o)
 .text.memset   0x000019e0       0x9c /usr/lib/gcc/arm-none-eabi/4.9.3/../../../arm-none-eabi/lib/armv6-m/libc.a(lib_a-memset.o)
                0x000019e0                memset
 .text          0x00001a7c        0x0 /usr/lib/gcc/arm-none-eabi/4.9.3/../../../arm-none-eabi/lib/armv6-m/libc.a(lib_a-__atexit.o)
 .text.__register_exitproc
                0x00001a7c       0xc0 /usr/lib/gcc/arm-none-eabi/4.9.3/../../../arm-none-eabi/lib/armv6-m/libc.a(lib_a-__atexit.o)
                0x00001a7c                __register_exitproc
 .text          0x00001b3c        0x0 /usr/lib/gcc/arm-none-eabi/4.9.3/../../../arm-none-eabi/lib/armv6-m/libc.a(lib_a-__call_atexit.o)
 .text.startup.register_fini
                0x00001b3c       0x18 /usr/lib/gcc/arm-none-eabi/4.9.3/../../../arm-none-eabi/lib/armv6-m/libc.a(lib_a-__call_atexit.o)
 .text.__call_exitprocs
                0x00001b54      0x118 /usr/lib/gcc/arm-none-eabi/4.9.3/../../../arm-none-eabi/lib/armv6-m/libc.a(lib_a-__call_atexit.o)
                0x00001b54                __call_exitprocs
 .text          0x00001c6c        0x0 /usr/lib/gcc/arm-none-eabi/4.9.3/armv6-m/crtend.o
 .text          0x00001c6c        0x0 /usr/lib/gcc/arm-none-eabi/4.9.3/armv6-m/crtn.o
 .text          0x00001c6c        0x0 /usr/lib/gcc/arm-none-eabi/4.9.3/../../../arm-none-eabi/lib/armv6-m/libnosys.a(_exit.o)
 .text._exit    0x00001c6c        0x4 /usr/lib/gcc/arm-none-eabi/4.9.3/../../../arm-none-eabi/lib/armv6-m/libnosys.a(_exit.o)
                0x00001c6c                _exit
 *(.init)
 .init          0x00001c70        0x4 /usr/lib/gcc/arm-none-eabi/4.9.3/armv6-m/crti.o
                0x00001c70                _init
 .init          0x00001c74        0x8 /usr/lib/gcc/arm-none-eabi/4.9.3/armv6-m/crtn.o
 *(.fini)
 .fini          0x00001c7c        0x4 /usr/lib/gcc/arm-none-eabi/4.9.3/armv6-m/crti.o
                0x00001c7c                _fini
 .fini          0x00001c80        0x8 /usr/lib/gcc/arm-none-eabi/4.9.3/armv6-m/crtn.o
 *crtbegin.o(.ctors)
 *crtbegin?.o(.ctors)
 *(EXCLUDE_FILE(*crtend.o *crtend?.o) .ctors)
 *(SORT(.ctors.*))
 *(.ctors)
 *crtbegin.o(.dtors)
 *crtbegin?.o(.dtors)
 *(EXCLUDE_FILE(*crtend.o *crtend?.o) .dtors)
 *(SORT(.dtors.*))
 *(.dtors)
 *(.rodata*)
 .rodata        0x00001c88      0x144 _build/main.o
 .rodata.str1.4
                0x00001dcc        0x4 /usr/lib/gcc/arm-none-eabi/4.9.3/../../../arm-none-eabi/lib/armv6-m/libc.a(lib_a-impure.o)
 .rodata._global_impure_ptr
                0x00001dd0        0x4 /usr/lib/gcc/arm-none-eabi/4.9.3/../../../arm-none-eabi/lib/armv6-m/libc.a(lib_a-impure.o)
                0x00001dd0                _global_impure_ptr
 *(.eh_frame*)
 .eh_frame      0x00001dd4        0x0 /usr/lib/gcc/arm-none-eabi/4.9.3/armv6-m/crtbegin.o
 .eh_frame      0x00001dd4        0x4 /usr/lib/gcc/arm-none-eabi/4.9.3/armv6-m/crtend.o

.glue_7         0x00001dd8        0x0
 .glue_7        0x00001dd8        0x0 linker stubs

.glue_7t        0x00001dd8        0x0
 .glue_7t       0x00001dd8        0x0 linker stubs

.vfp11_veneer   0x00001dd8        0x0
 .vfp11_veneer  0x00001dd8        0x0 linker stubs

.v4_bx          0x00001dd8        0x0
 .v4_bx         0x00001dd8        0x0 linker stubs

.iplt           0x00001dd8        0x0
 .iplt          0x00001dd8        0x0 /usr/lib/gcc/arm-none-eabi/4.9.3/armv6-m/crtbegin.o

.ARM.extab      0x00001dd8        0x0
 *(.ARM.extab* .gnu.linkonce.armextab.*)
 .ARM.extab     0x00001dd8        0x0 /usr/lib/gcc/arm-none-eabi/4.9.3/../../../arm-none-eabi/lib/armv6-m/crt0.o
 .ARM.extab     0x00001dd8        0x0 _build/gcc_startup_nrf51.o
                0x00001dd8                __exidx_start = .

.ARM.exidx      0x00001dd8        0x8
 *(.ARM.exidx* .gnu.linkonce.armexidx.*)
 .ARM.exidx     0x00001dd8        0x8 /usr/lib/gcc/arm-none-eabi/4.9.3/../../../arm-none-eabi/lib/armv6-m/crt0.o
 .ARM.exidx     0x00001de0        0x0 _build/gcc_startup_nrf51.o
                                  0x8 (size before relaxing)
                0x00001de0                __exidx_end = .
                0x00001de0                __etext = .

.rel.dyn        0x00001de0        0x0
 .rel.iplt      0x00001de0        0x0 /usr/lib/gcc/arm-none-eabi/4.9.3/armv6-m/crtbegin.o

.data           0x20000000      0x444 load address 0x00001de0
                0x20000000                __data_start__ = .
 *(vtable)
 *(.data*)
 .data          0x20000000        0x0 /usr/lib/gcc/arm-none-eabi/4.9.3/armv6-m/crti.o
 .data          0x20000000        0x4 /usr/lib/gcc/arm-none-eabi/4.9.3/armv6-m/crtbegin.o
                0x20000000                __dso_handle
 .data          0x20000004        0x0 /usr/lib/gcc/arm-none-eabi/4.9.3/../../../arm-none-eabi/lib/armv6-m/crt0.o
 .data          0x20000004        0x0 _build/main.o
 .data          0x20000004        0x0 _build/nrf_delay.o
 .data          0x20000004        0x0 _build/simple_uart.o
 .data          0x20000004        0x0 _build/LIS2DH.o
 .data          0x20000004        0x4 _build/system_nrf51.o
                0x20000004                SystemCoreClock
 .data          0x20000008        0x0 _build/gcc_startup_nrf51.o
 .data          0x20000008        0x0 /usr/lib/gcc/arm-none-eabi/4.9.3/armv6-m/libgcc.a(_udivsi3.o)
 .data          0x20000008        0x0 /usr/lib/gcc/arm-none-eabi/4.9.3/armv6-m/libgcc.a(_dvmd_tls.o)
 .data          0x20000008        0x0 /usr/lib/gcc/arm-none-eabi/4.9.3/../../../arm-none-eabi/lib/armv6-m/libc.a(lib_a-atexit.o)
 .data          0x20000008        0x0 /usr/lib/gcc/arm-none-eabi/4.9.3/../../../arm-none-eabi/lib/armv6-m/libc.a(lib_a-exit.o)
 .data          0x20000008        0x0 /usr/lib/gcc/arm-none-eabi/4.9.3/../../../arm-none-eabi/lib/armv6-m/libc.a(lib_a-fini.o)
 .data          0x20000008        0x0 /usr/lib/gcc/arm-none-eabi/4.9.3/../../../arm-none-eabi/lib/armv6-m/libc.a(lib_a-impure.o)
 .data.impure_data
                0x20000008      0x428 /usr/lib/gcc/arm-none-eabi/4.9.3/../../../arm-none-eabi/lib/armv6-m/libc.a(lib_a-impure.o)
 .data._impure_ptr
                0x20000430        0x4 /usr/lib/gcc/arm-none-eabi/4.9.3/../../../arm-none-eabi/lib/armv6-m/libc.a(lib_a-impure.o)
                0x20000430                _impure_ptr
 .data          0x20000434        0x0 /usr/lib/gcc/arm-none-eabi/4.9.3/../../../arm-none-eabi/lib/armv6-m/libc.a(lib_a-init.o)
 .data          0x20000434        0x0 /usr/lib/gcc/arm-none-eabi/4.9.3/../../../arm-none-eabi/lib/armv6-m/libc.a(lib_a-memcpy.o)
 .data          0x20000434        0x0 /usr/lib/gcc/arm-none-eabi/4.9.3/../../../arm-none-eabi/lib/armv6-m/libc.a(lib_a-memset.o)
 .data          0x20000434        0x0 /usr/lib/gcc/arm-none-eabi/4.9.3/../../../arm-none-eabi/lib/armv6-m/libc.a(lib_a-__atexit.o)
 .data          0x20000434        0x0 /usr/lib/gcc/arm-none-eabi/4.9.3/../../../arm-none-eabi/lib/armv6-m/libc.a(lib_a-__call_atexit.o)
 .data          0x20000434        0x0 /usr/lib/gcc/arm-none-eabi/4.9.3/armv6-m/crtend.o
 .data          0x20000434        0x0 /usr/lib/gcc/arm-none-eabi/4.9.3/armv6-m/crtn.o
 .data          0x20000434        0x0 /usr/lib/gcc/arm-none-eabi/4.9.3/../../../arm-none-eabi/lib/armv6-m/libnosys.a(_exit.o)
                0x20000434                . = ALIGN (0x4)
                0x20000434                PROVIDE (__preinit_array_start, .)
 *(.preinit_array)
                0x20000434                PROVIDE (__preinit_array_end, .)
                0x20000434                . = ALIGN (0x4)
                0x20000434                PROVIDE (__init_array_start, .)
 *(SORT(.init_array.*))
 .init_array.00000
                0x20000434        0x4 /usr/lib/gcc/arm-none-eabi/4.9.3/../../../arm-none-eabi/lib/armv6-m/libc.a(lib_a-__call_atexit.o)
 *(.init_array)
 .init_array    0x20000438        0x4 /usr/lib/gcc/arm-none-eabi/4.9.3/armv6-m/crtbegin.o
                0x2000043c                PROVIDE (__init_array_end, .)
                0x2000043c                . = ALIGN (0x4)
                0x2000043c                PROVIDE (__fini_array_start, .)
 *(SORT(.fini_array.*))
 *(.fini_array)
 .fini_array    0x2000043c        0x4 /usr/lib/gcc/arm-none-eabi/4.9.3/armv6-m/crtbegin.o
                0x20000440                PROVIDE (__fini_array_end, .)
 *(.jcr)
 .jcr           0x20000440        0x0 /usr/lib/gcc/arm-none-eabi/4.9.3/armv6-m/crtbegin.o
 .jcr           0x20000440        0x4 /usr/lib/gcc/arm-none-eabi/4.9.3/armv6-m/crtend.o
                0x20000444                . = ALIGN (0x4)
                0x20000444                __data_end__ = .

.tm_clone_table
                0x20000444        0x0 load address 0x00002224
 .tm_clone_table
                0x20000444        0x0 /usr/lib/gcc/arm-none-eabi/4.9.3/armv6-m/crtbegin.o
 .tm_clone_table
                0x20000444        0x0 /usr/lib/gcc/arm-none-eabi/4.9.3/armv6-m/crtend.o

.igot.plt       0x20000444        0x0 load address 0x00002224
 .igot.plt      0x20000444        0x0 /usr/lib/gcc/arm-none-eabi/4.9.3/armv6-m/crtbegin.o

.bss            0x20000444       0x1c load address 0x00002224
                0x20000444                . = ALIGN (0x4)
                0x20000444                __bss_start__ = .
 *(.bss*)
 .bss           0x20000444        0x0 /usr/lib/gcc/arm-none-eabi/4.9.3/armv6-m/crti.o
 .bss           0x20000444       0x1c /usr/lib/gcc/arm-none-eabi/4.9.3/armv6-m/crtbegin.o
 .bss           0x20000460        0x0 /usr/lib/gcc/arm-none-eabi/4.9.3/../../../arm-none-eabi/lib/armv6-m/crt0.o
 .bss           0x20000460        0x0 _build/main.o
 .bss           0x20000460        0x0 _build/nrf_delay.o
 .bss           0x20000460        0x0 _build/simple_uart.o
 .bss           0x20000460        0x0 _build/LIS2DH.o
 .bss           0x20000460        0x0 _build/system_nrf51.o
 .bss           0x20000460        0x0 _build/gcc_startup_nrf51.o
 .bss           0x20000460        0x0 /usr/lib/gcc/arm-none-eabi/4.9.3/armv6-m/libgcc.a(_udivsi3.o)
 .bss           0x20000460        0x0 /usr/lib/gcc/arm-none-eabi/4.9.3/armv6-m/libgcc.a(_dvmd_tls.o)
 .bss           0x20000460        0x0 /usr/lib/gcc/arm-none-eabi/4.9.3/../../../arm-none-eabi/lib/armv6-m/libc.a(lib_a-atexit.o)
 .bss           0x20000460        0x0 /usr/lib/gcc/arm-none-eabi/4.9.3/../../../arm-none-eabi/lib/armv6-m/libc.a(lib_a-exit.o)
 .bss           0x20000460        0x0 /usr/lib/gcc/arm-none-eabi/4.9.3/../../../arm-none-eabi/lib/armv6-m/libc.a(lib_a-fini.o)
 .bss           0x20000460        0x0 /usr/lib/gcc/arm-none-eabi/4.9.3/../../../arm-none-eabi/lib/armv6-m/libc.a(lib_a-impure.o)
 .bss           0x20000460        0x0 /usr/lib/gcc/arm-none-eabi/4.9.3/../../../arm-none-eabi/lib/armv6-m/libc.a(lib_a-init.o)
 .bss           0x20000460        0x0 /usr/lib/gcc/arm-none-eabi/4.9.3/../../../arm-none-eabi/lib/armv6-m/libc.a(lib_a-memcpy.o)
 .bss           0x20000460        0x0 /usr/lib/gcc/arm-none-eabi/4.9.3/../../../arm-none-eabi/lib/armv6-m/libc.a(lib_a-memset.o)
 .bss           0x20000460        0x0 /usr/lib/gcc/arm-none-eabi/4.9.3/../../../arm-none-eabi/lib/armv6-m/libc.a(lib_a-__atexit.o)
 .bss           0x20000460        0x0 /usr/lib/gcc/arm-none-eabi/4.9.3/../../../arm-none-eabi/lib/armv6-m/libc.a(lib_a-__call_atexit.o)
 .bss           0x20000460        0x0 /usr/lib/gcc/arm-none-eabi/4.9.3/armv6-m/crtend.o
 .bss           0x20000460        0x0 /usr/lib/gcc/arm-none-eabi/4.9.3/armv6-m/crtn.o
 .bss           0x20000460        0x0 /usr/lib/gcc/arm-none-eabi/4.9.3/../../../arm-none-eabi/lib/armv6-m/libnosys.a(_exit.o)
 *(COMMON)
                0x20000460                . = ALIGN (0x4)
                0x20000460                __bss_end__ = .

.heap           0x20000460      0x800
                0x20000460                __end__ = .
                0x20000460                end = __end__
 *(.heap*)
 .heap          0x20000460      0x800 _build/gcc_startup_nrf51.o
                0x20000460                __HeapBase
                0x20000c60                __HeapLimit = .

.stack_dummy    0x20000460      0x800
 *(.stack*)
 .stack         0x20000460      0x800 _build/gcc_startup_nrf51.o
                0x20004000                __StackTop = (ORIGIN (RAM) + 0x4000)
                0x20003800                __StackLimit = (__StackTop - SIZEOF (.stack_dummy))
                0x20004000                PROVIDE (__stack, __StackTop)
                0x00000001                ASSERT ((__StackLimit >= __HeapLimit), region RAM overflowed with stack)
OUTPUT(_build/accel_test_xxaa.out elf32-littlearm)

.ARM.attributes
                0x00000000       0x28
 .ARM.attributes
                0x00000000       0x1e /usr/lib/gcc/arm-none-eabi/4.9.3/armv6-m/crti.o
 .ARM.attributes
                0x0000001e       0x2c /usr/lib/gcc/arm-none-eabi/4.9.3/armv6-m/crtbegin.o
 .ARM.attributes
                0x0000004a       0x1b /usr/lib/gcc/arm-none-eabi/4.9.3/../../../arm-none-eabi/lib/armv6-m/crt0.o
 .ARM.attributes
                0x00000065       0x31 _build/main.o
 .ARM.attributes
                0x00000096       0x31 _build/nrf_delay.o
 .ARM.attributes
                0x000000c7       0x31 _build/simple_uart.o
 .ARM.attributes
                0x000000f8       0x31 _build/LIS2DH.o
 .ARM.attributes
                0x00000129       0x31 _build/system_nrf51.o
 .ARM.attributes
                0x0000015a       0x1b _build/gcc_startup_nrf51.o
 .ARM.attributes
                0x00000175       0x1e /usr/lib/gcc/arm-none-eabi/4.9.3/armv6-m/libgcc.a(_udivsi3.o)
 .ARM.attributes
                0x00000193       0x1e /usr/lib/gcc/arm-none-eabi/4.9.3/armv6-m/libgcc.a(_dvmd_tls.o)
 .ARM.attributes
                0x000001b1       0x2c /usr/lib/gcc/arm-none-eabi/4.9.3/../../../arm-none-eabi/lib/armv6-m/libc.a(lib_a-atexit.o)
 .ARM.attributes
                0x000001dd       0x2c /usr/lib/gcc/arm-none-eabi/4.9.3/../../../arm-none-eabi/lib/armv6-m/libc.a(lib_a-exit.o)
 .ARM.attributes
                0x00000209       0x2c /usr/lib/gcc/arm-none-eabi/4.9.3/../../../arm-none-eabi/lib/armv6-m/libc.a(lib_a-fini.o)
 .ARM.attributes
                0x00000235       0x2c /usr/lib/gcc/arm-none-eabi/4.9.3/../../../arm-none-eabi/lib/armv6-m/libc.a(lib_a-impure.o)
 .ARM.attributes
                0x00000261       0x2c /usr/lib/gcc/arm-none-eabi/4.9.3/../../../arm-none-eabi/lib/armv6-m/libc.a(lib_a-init.o)
 .ARM.attributes
                0x0000028d       0x2c /usr/lib/gcc/arm-none-eabi/4.9.3/../../../arm-none-eabi/lib/armv6-m/libc.a(lib_a-memcpy.o)
 .ARM.attributes
                0x000002b9       0x2c /usr/lib/gcc/arm-none-eabi/4.9.3/../../../arm-none-eabi/lib/armv6-m/libc.a(lib_a-memset.o)
 .ARM.attributes
                0x000002e5       0x2c /usr/lib/gcc/arm-none-eabi/4.9.3/../../../arm-none-eabi/lib/armv6-m/libc.a(lib_a-__atexit.o)
 .ARM.attributes
                0x00000311       0x2c /usr/lib/gcc/arm-none-eabi/4.9.3/../../../arm-none-eabi/lib/armv6-m/libc.a(lib_a-__call_atexit.o)
 .ARM.attributes
                0x0000033d       0x2c /usr/lib/gcc/arm-none-eabi/4.9.3/armv6-m/crtend.o
 .ARM.attributes
                0x00000369       0x1e /usr/lib/gcc/arm-none-eabi/4.9.3/armv6-m/crtn.o
 .ARM.attributes
                0x00000387       0x2c /usr/lib/gcc/arm-none-eabi/4.9.3/../../../arm-none-eabi/lib/armv6-m/libnosys.a(_exit.o)

.comment        0x00000000       0x58
 .comment       0x00000000       0x38 /usr/lib/gcc/arm-none-eabi/4.9.3/armv6-m/crtbegin.o
                                 0x39 (size before relaxing)
 .comment       0x00000038       0x39 _build/main.o
 .comment       0x00000038       0x39 _build/nrf_delay.o
 .comment       0x00000038       0x39 _build/simple_uart.o
 .comment       0x00000038       0x39 _build/LIS2DH.o
 .comment       0x00000038       0x39 _build/system_nrf51.o
 .comment       0x00000038       0x20 /usr/lib/gcc/arm-none-eabi/4.9.3/../../../arm-none-eabi/lib/armv6-m/libc.a(lib_a-atexit.o)
                                 0x21 (size before relaxing)
 .comment       0x00000058       0x21 /usr/lib/gcc/arm-none-eabi/4.9.3/../../../arm-none-eabi/lib/armv6-m/libc.a(lib_a-exit.o)
 .comment       0x00000058       0x21 /usr/lib/gcc/arm-none-eabi/4.9.3/../../../arm-none-eabi/lib/armv6-m/libc.a(lib_a-fini.o)
 .comment       0x00000058       0x21 /usr/lib/gcc/arm-none-eabi/4.9.3/../../../arm-none-eabi/lib/armv6-m/libc.a(lib_a-impure.o)
 .comment       0x00000058       0x21 /usr/lib/gcc/arm-none-eabi/4.9.3/../../../arm-none-eabi/lib/armv6-m/libc.a(lib_a-init.o)
 .comment       0x00000058       0x21 /usr/lib/gcc/arm-none-eabi/4.9.3/../../../arm-none-eabi/lib/armv6-m/libc.a(lib_a-memcpy.o)
 .comment       0x00000058       0x21 /usr/lib/gcc/arm-none-eabi/4.9.3/../../../arm-none-eabi/lib/armv6-m/libc.a(lib_a-memset.o)
 .comment       0x00000058       0x21 /usr/lib/gcc/arm-none-eabi/4.9.3/../../../arm-none-eabi/lib/armv6-m/libc.a(lib_a-__atexit.o)
 .comment       0x00000058       0x21 /usr/lib/gcc/arm-none-eabi/4.9.3/../../../arm-none-eabi/lib/armv6-m/libc.a(lib_a-__call_atexit.o)
 .comment       0x00000058       0x39 /usr/lib/gcc/arm-none-eabi/4.9.3/armv6-m/crtend.o
 .comment       0x00000058       0x21 /usr/lib/gcc/arm-none-eabi/4.9.3/../../../arm-none-eabi/lib/armv6-m/libnosys.a(_exit.o)

.debug_line     0x00000000     0x1ab5
 .debug_line    0x00000000       0x80 /usr/lib/gcc/arm-none-eabi/4.9.3/../../../arm-none-eabi/lib/armv6-m/crt0.o
 .debug_line    0x00000080      0x4bc _build/main.o
 .debug_line    0x0000053c      0x2aa _build/nrf_delay.o
 .debug_line    0x000007e6      0x27d _build/simple_uart.o
 .debug_line    0x00000a63      0x29c _build/LIS2DH.o
 .debug_line    0x00000cff      0x22e _build/system_nrf51.o
 .debug_line    0x00000f2d       0x95 _build/gcc_startup_nrf51.o
 .debug_line    0x00000fc2       0x6c /usr/lib/gcc/arm-none-eabi/4.9.3/armv6-m/libgcc.a(_udivsi3.o)
 .debug_line    0x0000102e       0x5e /usr/lib/gcc/arm-none-eabi/4.9.3/armv6-m/libgcc.a(_dvmd_tls.o)
 .debug_line    0x0000108c       0xbb /usr/lib/gcc/arm-none-eabi/4.9.3/../../../arm-none-eabi/lib/armv6-m/libc.a(lib_a-atexit.o)
 .debug_line    0x00001147      0x165 /usr/lib/gcc/arm-none-eabi/4.9.3/../../../arm-none-eabi/lib/armv6-m/libc.a(lib_a-exit.o)
 .debug_line    0x000012ac       0x9d /usr/lib/gcc/arm-none-eabi/4.9.3/../../../arm-none-eabi/lib/armv6-m/libc.a(lib_a-fini.o)
 .debug_line    0x00001349       0xe8 /usr/lib/gcc/arm-none-eabi/4.9.3/../../../arm-none-eabi/lib/armv6-m/libc.a(lib_a-impure.o)
 .debug_line    0x00001431       0xbe /usr/lib/gcc/arm-none-eabi/4.9.3/../../../arm-none-eabi/lib/armv6-m/libc.a(lib_a-init.o)
 .debug_line    0x000014ef      0x116 /usr/lib/gcc/arm-none-eabi/4.9.3/../../../arm-none-eabi/lib/armv6-m/libc.a(lib_a-memcpy.o)
 .debug_line    0x00001605      0x113 /usr/lib/gcc/arm-none-eabi/4.9.3/../../../arm-none-eabi/lib/armv6-m/libc.a(lib_a-memset.o)
 .debug_line    0x00001718      0x17a /usr/lib/gcc/arm-none-eabi/4.9.3/../../../arm-none-eabi/lib/armv6-m/libc.a(lib_a-__atexit.o)
 .debug_line    0x00001892      0x1cb /usr/lib/gcc/arm-none-eabi/4.9.3/../../../arm-none-eabi/lib/armv6-m/libc.a(lib_a-__call_atexit.o)
 .debug_line    0x00001a5d       0x58 /usr/lib/gcc/arm-none-eabi/4.9.3/../../../arm-none-eabi/lib/armv6-m/libnosys.a(_exit.o)

.debug_info     0x00000000     0x40d5
 .debug_info    0x00000000       0xa4 /usr/lib/gcc/arm-none-eabi/4.9.3/../../../arm-none-eabi/lib/armv6-m/crt0.o
 .debug_info    0x000000a4      0x57d _build/main.o
 .debug_info    0x00000621       0xdd _build/nrf_delay.o
 .debug_info    0x000006fe      0x6ab _build/simple_uart.o
 .debug_info    0x00000da9      0x56e _build/LIS2DH.o
 .debug_info    0x00001317      0x1b1 _build/system_nrf51.o
 .debug_info    0x000014c8       0xa7 _build/gcc_startup_nrf51.o
 .debug_info    0x0000156f       0xb9 /usr/lib/gcc/arm-none-eabi/4.9.3/armv6-m/libgcc.a(_udivsi3.o)
 .debug_info    0x00001628       0xb9 /usr/lib/gcc/arm-none-eabi/4.9.3/armv6-m/libgcc.a(_dvmd_tls.o)
 .debug_info    0x000016e1      0x10a /usr/lib/gcc/arm-none-eabi/4.9.3/../../../arm-none-eabi/lib/armv6-m/libc.a(lib_a-atexit.o)
 .debug_info    0x000017eb      0x8e4 /usr/lib/gcc/arm-none-eabi/4.9.3/../../../arm-none-eabi/lib/armv6-m/libc.a(lib_a-exit.o)
 .debug_info    0x000020cf       0xef /usr/lib/gcc/arm-none-eabi/4.9.3/../../../arm-none-eabi/lib/armv6-m/libc.a(lib_a-fini.o)
 .debug_info    0x000021be      0x894 /usr/lib/gcc/arm-none-eabi/4.9.3/../../../arm-none-eabi/lib/armv6-m/libc.a(lib_a-impure.o)
 .debug_info    0x00002a52      0x105 /usr/lib/gcc/arm-none-eabi/4.9.3/../../../arm-none-eabi/lib/armv6-m/libc.a(lib_a-init.o)
 .debug_info    0x00002b57      0x131 /usr/lib/gcc/arm-none-eabi/4.9.3/../../../arm-none-eabi/lib/armv6-m/libc.a(lib_a-memcpy.o)
 .debug_info    0x00002c88      0x117 /usr/lib/gcc/arm-none-eabi/4.9.3/../../../arm-none-eabi/lib/armv6-m/libc.a(lib_a-memset.o)
 .debug_info    0x00002d9f      0x934 /usr/lib/gcc/arm-none-eabi/4.9.3/../../../arm-none-eabi/lib/armv6-m/libc.a(lib_a-__atexit.o)
 .debug_info    0x000036d3      0x9aa /usr/lib/gcc/arm-none-eabi/4.9.3/../../../arm-none-eabi/lib/armv6-m/libc.a(lib_a-__call_atexit.o)
 .debug_info    0x0000407d       0x58 /usr/lib/gcc/arm-none-eabi/4.9.3/../../../arm-none-eabi/lib/armv6-m/libnosys.a(_exit.o)

.debug_abbrev   0x00000000     0x127d
 .debug_abbrev  0x00000000       0x14 /usr/lib/gcc/arm-none-eabi/4.9.3/../../../arm-none-eabi/lib/armv6-m/crt0.o
 .debug_abbrev  0x00000014      0x1ed _build/main.o
 .debug_abbrev  0x00000201       0x80 _build/nrf_delay.o
 .debug_abbrev  0x00000281      0x190 _build/simple_uart.o
 .debug_abbrev  0x00000411      0x17d _build/LIS2DH.o
 .debug_abbrev  0x0000058e       0xf4 _build/system_nrf51.o
 .debug_abbrev  0x00000682       0x14 _build/gcc_startup_nrf51.o
 .debug_abbrev  0x00000696       0x14 /usr/lib/gcc/arm-none-eabi/4.9.3/armv6-m/libgcc.a(_udivsi3.o)
 .debug_abbrev  0x000006aa       0x14 /usr/lib/gcc/arm-none-eabi/4.9.3/armv6-m/libgcc.a(_dvmd_tls.o)
 .debug_abbrev  0x000006be       0xb5 /usr/lib/gcc/arm-none-eabi/4.9.3/../../../arm-none-eabi/lib/armv6-m/libc.a(lib_a-atexit.o)
 .debug_abbrev  0x00000773      0x1e6 /usr/lib/gcc/arm-none-eabi/4.9.3/../../../arm-none-eabi/lib/armv6-m/libc.a(lib_a-exit.o)
 .debug_abbrev  0x00000959       0xba /usr/lib/gcc/arm-none-eabi/4.9.3/../../../arm-none-eabi/lib/armv6-m/libc.a(lib_a-fini.o)
 .debug_abbrev  0x00000a13      0x180 /usr/lib/gcc/arm-none-eabi/4.9.3/../../../arm-none-eabi/lib/armv6-m/libc.a(lib_a-impure.o)
 .debug_abbrev  0x00000b93       0xba /usr/lib/gcc/arm-none-eabi/4.9.3/../../../arm-none-eabi/lib/armv6-m/libc.a(lib_a-init.o)
 .debug_abbrev  0x00000c4d       0xab /usr/lib/gcc/arm-none-eabi/4.9.3/../../../arm-none-eabi/lib/armv6-m/libc.a(lib_a-memcpy.o)
 .debug_abbrev  0x00000cf8       0x9f /usr/lib/gcc/arm-none-eabi/4.9.3/../../../arm-none-eabi/lib/armv6-m/libc.a(lib_a-memset.o)
 .debug_abbrev  0x00000d97      0x20f /usr/lib/gcc/arm-none-eabi/4.9.3/../../../arm-none-eabi/lib/armv6-m/libc.a(lib_a-__atexit.o)
 .debug_abbrev  0x00000fa6      0x282 /usr/lib/gcc/arm-none-eabi/4.9.3/../../../arm-none-eabi/lib/armv6-m/libc.a(lib_a-__call_atexit.o)
 .debug_abbrev  0x00001228       0x55 /usr/lib/gcc/arm-none-eabi/4.9.3/../../../arm-none-eabi/lib/armv6-m/libnosys.a(_exit.o)

.debug_aranges  0x00000000      0x260
 .debug_aranges
                0x00000000       0x20 /usr/lib/gcc/arm-none-eabi/4.9.3/../../../arm-none-eabi/lib/armv6-m/crt0.o
 .debug_aranges
                0x00000020       0x20 _build/main.o
 .debug_aranges
                0x00000040       0x20 _build/nrf_delay.o
 .debug_aranges
                0x00000060       0x20 _build/simple_uart.o
 .debug_aranges
                0x00000080       0x20 _build/LIS2DH.o
 .debug_aranges
                0x000000a0       0x20 _build/system_nrf51.o
 .debug_aranges
                0x000000c0       0x20 _build/gcc_startup_nrf51.o
 .debug_aranges
                0x000000e0       0x20 /usr/lib/gcc/arm-none-eabi/4.9.3/armv6-m/libgcc.a(_udivsi3.o)
 .debug_aranges
                0x00000100       0x20 /usr/lib/gcc/arm-none-eabi/4.9.3/armv6-m/libgcc.a(_dvmd_tls.o)
 .debug_aranges
                0x00000120       0x20 /usr/lib/gcc/arm-none-eabi/4.9.3/../../../arm-none-eabi/lib/armv6-m/libc.a(lib_a-atexit.o)
 .debug_aranges
                0x00000140       0x20 /usr/lib/gcc/arm-none-eabi/4.9.3/../../../arm-none-eabi/lib/armv6-m/libc.a(lib_a-exit.o)
 .debug_aranges
                0x00000160       0x20 /usr/lib/gcc/arm-none-eabi/4.9.3/../../../arm-none-eabi/lib/armv6-m/libc.a(lib_a-fini.o)
 .debug_aranges
                0x00000180       0x18 /usr/lib/gcc/arm-none-eabi/4.9.3/../../../arm-none-eabi/lib/armv6-m/libc.a(lib_a-impure.o)
 .debug_aranges
                0x00000198       0x20 /usr/lib/gcc/arm-none-eabi/4.9.3/../../../arm-none-eabi/lib/armv6-m/libc.a(lib_a-init.o)
 .debug_aranges
                0x000001b8       0x20 /usr/lib/gcc/arm-none-eabi/4.9.3/../../../arm-none-eabi/lib/armv6-m/libc.a(lib_a-memcpy.o)
 .debug_aranges
                0x000001d8       0x20 /usr/lib/gcc/arm-none-eabi/4.9.3/../../../arm-none-eabi/lib/armv6-m/libc.a(lib_a-memset.o)
 .debug_aranges
                0x000001f8       0x20 /usr/lib/gcc/arm-none-eabi/4.9.3/../../../arm-none-eabi/lib/armv6-m/libc.a(lib_a-__atexit.o)
 .debug_aranges
                0x00000218       0x28 /usr/lib/gcc/arm-none-eabi/4.9.3/../../../arm-none-eabi/lib/armv6-m/libc.a(lib_a-__call_atexit.o)
 .debug_aranges
                0x00000240       0x20 /usr/lib/gcc/arm-none-eabi/4.9.3/../../../arm-none-eabi/lib/armv6-m/libnosys.a(_exit.o)

.debug_macro    0x00000000     0xa14f
 .debug_macro   0x00000000      0x1c1 _build/main.o
 .debug_macro   0x000001c1      0x844 _build/main.o
 .debug_macro   0x00000a05       0x22 _build/main.o
 .debug_macro   0x00000a27       0x22 _build/main.o
 .debug_macro   0x00000a49       0x44 _build/main.o
 .debug_macro   0x00000a8d       0x1c _build/main.o
 .debug_macro   0x00000aa9      0x1f7 _build/main.o
 .debug_macro   0x00000ca0       0x22 _build/main.o
 .debug_macro   0x00000cc2       0x3a _build/main.o
 .debug_macro   0x00000cfc       0x1f _build/main.o
 .debug_macro   0x00000d1b      0x242 _build/main.o
 .debug_macro   0x00000f5d      0x1d2 _build/main.o
 .debug_macro   0x0000112f     0x746b _build/main.o
 .debug_macro   0x0000859a      0x976 _build/main.o
 .debug_macro   0x00008f10       0x10 _build/main.o
 .debug_macro   0x00008f20       0xd0 _build/main.o
 .debug_macro   0x00008ff0       0x58 _build/main.o
 .debug_macro   0x00009048       0x35 _build/main.o
 .debug_macro   0x0000907d       0x9c _build/main.o
 .debug_macro   0x00009119       0x16 _build/main.o
 .debug_macro   0x0000912f      0x10e _build/main.o
 .debug_macro   0x0000923d       0x7f _build/main.o
 .debug_macro   0x000092bc       0x52 _build/main.o
 .debug_macro   0x0000930e       0x16 _build/main.o
 .debug_macro   0x00009324       0x43 _build/main.o
 .debug_macro   0x00009367      0x180 _build/main.o
 .debug_macro   0x000094e7       0x16 _build/main.o
 .debug_macro   0x000094fd       0x29 _build/main.o
 .debug_macro   0x00009526       0xe8 _build/main.o
 .debug_macro   0x0000960e      0x19b _build/nrf_delay.o
 .debug_macro   0x000097a9       0x16 _build/nrf_delay.o
 .debug_macro   0x000097bf       0x4a _build/nrf_delay.o
 .debug_macro   0x00009809       0x97 _build/nrf_delay.o
 .debug_macro   0x000098a0      0x29d _build/nrf_delay.o
 .debug_macro   0x00009b3d       0xef _build/nrf_delay.o
 .debug_macro   0x00009c2c       0x10 _build/nrf_delay.o
 .debug_macro   0x00009c3c       0x10 _build/nrf_delay.o
 .debug_macro   0x00009c4c       0x22 _build/nrf_delay.o
 .debug_macro   0x00009c6e       0xbd _build/nrf_delay.o
 .debug_macro   0x00009d2b       0x16 _build/nrf_delay.o
 .debug_macro   0x00009d41      0x16d _build/nrf_delay.o
 .debug_macro   0x00009eae       0x1c _build/nrf_delay.o
 .debug_macro   0x00009eca       0xdf _build/simple_uart.o
 .debug_macro   0x00009fa9       0xdf _build/LIS2DH.o
 .debug_macro   0x0000a088       0xc7 _build/system_nrf51.o

.debug_str      0x00000000    0x32c68
 .debug_str     0x00000000    0x303b5 _build/main.o
                              0x305c9 (size before relaxing)
 .debug_str     0x000303b5     0x1a7c _build/nrf_delay.o
                              0x31960 (size before relaxing)
 .debug_str     0x00031e31      0x2d4 _build/simple_uart.o
                              0x2ed20 (size before relaxing)
 .debug_str     0x00032105       0xec _build/LIS2DH.o
                              0x2ecf4 (size before relaxing)
 .debug_str     0x000321f1      0x105 _build/system_nrf51.o
                              0x2ea97 (size before relaxing)
 .debug_str     0x000322f6      0x144 /usr/lib/gcc/arm-none-eabi/4.9.3/../../../arm-none-eabi/lib/armv6-m/libc.a(lib_a-atexit.o)
                                0x1dd (size before relaxing)
 .debug_str     0x0003243a      0x3c9 /usr/lib/gcc/arm-none-eabi/4.9.3/../../../arm-none-eabi/lib/armv6-m/libc.a(lib_a-exit.o)
                                0x57a (size before relaxing)
 .debug_str     0x00032803       0xbc /usr/lib/gcc/arm-none-eabi/4.9.3/../../../arm-none-eabi/lib/armv6-m/libc.a(lib_a-fini.o)
                                0x1d5 (size before relaxing)
 .debug_str     0x000328bf       0x96 /usr/lib/gcc/arm-none-eabi/4.9.3/../../../arm-none-eabi/lib/armv6-m/libc.a(lib_a-impure.o)
                                0x571 (size before relaxing)
 .debug_str     0x00032955       0x90 /usr/lib/gcc/arm-none-eabi/4.9.3/../../../arm-none-eabi/lib/armv6-m/libc.a(lib_a-init.o)
                                0x1ff (size before relaxing)
 .debug_str     0x000329e5       0xba /usr/lib/gcc/arm-none-eabi/4.9.3/../../../arm-none-eabi/lib/armv6-m/libc.a(lib_a-memcpy.o)
                                0x1c7 (size before relaxing)
 .debug_str     0x00032a9f       0x49 /usr/lib/gcc/arm-none-eabi/4.9.3/../../../arm-none-eabi/lib/armv6-m/libc.a(lib_a-memset.o)
                                0x1b4 (size before relaxing)
 .debug_str     0x00032ae8       0x30 /usr/lib/gcc/arm-none-eabi/4.9.3/../../../arm-none-eabi/lib/armv6-m/libc.a(lib_a-__atexit.o)
                                0x5b9 (size before relaxing)
 .debug_str     0x00032b18       0x70 /usr/lib/gcc/arm-none-eabi/4.9.3/../../../arm-none-eabi/lib/armv6-m/libc.a(lib_a-__call_atexit.o)
                                0x5d1 (size before relaxing)
 .debug_str     0x00032b88       0xe0 /usr/lib/gcc/arm-none-eabi/4.9.3/../../../arm-none-eabi/lib/armv6-m/libnosys.a(_exit.o)
                                 0xe6 (size before relaxing)

.debug_frame    0x00000000      0x6dc
 .debug_frame   0x00000000      0x1c4 _build/main.o
 .debug_frame   0x000001c4       0x50 _build/nrf_delay.o
 .debug_frame   0x00000214      0x110 _build/simple_uart.o
 .debug_frame   0x00000324      0x164 _build/LIS2DH.o
 .debug_frame   0x00000488       0x80 _build/system_nrf51.o
 .debug_frame   0x00000508       0x20 /usr/lib/gcc/arm-none-eabi/4.9.3/armv6-m/libgcc.a(_udivsi3.o)
 .debug_frame   0x00000528       0x28 /usr/lib/gcc/arm-none-eabi/4.9.3/../../../arm-none-eabi/lib/armv6-m/libc.a(lib_a-atexit.o)
 .debug_frame   0x00000550       0x28 /usr/lib/gcc/arm-none-eabi/4.9.3/../../../arm-none-eabi/lib/armv6-m/libc.a(lib_a-exit.o)
 .debug_frame   0x00000578       0x2c /usr/lib/gcc/arm-none-eabi/4.9.3/../../../arm-none-eabi/lib/armv6-m/libc.a(lib_a-fini.o)
 .debug_frame   0x000005a4       0x2c /usr/lib/gcc/arm-none-eabi/4.9.3/../../../arm-none-eabi/lib/armv6-m/libc.a(lib_a-init.o)
 .debug_frame   0x000005d0       0x30 /usr/lib/gcc/arm-none-eabi/4.9.3/../../../arm-none-eabi/lib/armv6-m/libc.a(lib_a-memcpy.o)
 .debug_frame   0x00000600       0x30 /usr/lib/gcc/arm-none-eabi/4.9.3/../../../arm-none-eabi/lib/armv6-m/libc.a(lib_a-memset.o)
 .debug_frame   0x00000630       0x38 /usr/lib/gcc/arm-none-eabi/4.9.3/../../../arm-none-eabi/lib/armv6-m/libc.a(lib_a-__atexit.o)
 .debug_frame   0x00000668       0x54 /usr/lib/gcc/arm-none-eabi/4.9.3/../../../arm-none-eabi/lib/armv6-m/libc.a(lib_a-__call_atexit.o)
 .debug_frame   0x000006bc       0x20 /usr/lib/gcc/arm-none-eabi/4.9.3/../../../arm-none-eabi/lib/armv6-m/libnosys.a(_exit.o)

.debug_loc      0x00000000      0xaab
 .debug_loc     0x00000000       0x2c /usr/lib/gcc/arm-none-eabi/4.9.3/../../../arm-none-eabi/lib/armv6-m/libc.a(lib_a-atexit.o)
 .debug_loc     0x0000002c       0x1e /usr/lib/gcc/arm-none-eabi/4.9.3/../../../arm-none-eabi/lib/armv6-m/libc.a(lib_a-exit.o)
 .debug_loc     0x0000004a       0x2b /usr/lib/gcc/arm-none-eabi/4.9.3/../../../arm-none-eabi/lib/armv6-m/libc.a(lib_a-fini.o)
 .debug_loc     0x00000075       0x84 /usr/lib/gcc/arm-none-eabi/4.9.3/../../../arm-none-eabi/lib/armv6-m/libc.a(lib_a-init.o)
 .debug_loc     0x000000f9      0x375 /usr/lib/gcc/arm-none-eabi/4.9.3/../../../arm-none-eabi/lib/armv6-m/libc.a(lib_a-memcpy.o)
 .debug_loc     0x0000046e      0x1b0 /usr/lib/gcc/arm-none-eabi/4.9.3/../../../arm-none-eabi/lib/armv6-m/libc.a(lib_a-memset.o)
 .debug_loc     0x0000061e      0x1b9 /usr/lib/gcc/arm-none-eabi/4.9.3/../../../arm-none-eabi/lib/armv6-m/libc.a(lib_a-__atexit.o)
 .debug_loc     0x000007d7      0x2d4 /usr/lib/gcc/arm-none-eabi/4.9.3/../../../arm-none-eabi/lib/armv6-m/libc.a(lib_a-__call_atexit.o)

.debug_ranges   0x00000000       0xb8
 .debug_ranges  0x00000000       0x10 /usr/lib/gcc/arm-none-eabi/4.9.3/../../../arm-none-eabi/lib/armv6-m/libc.a(lib_a-atexit.o)
 .debug_ranges  0x00000010       0x10 /usr/lib/gcc/arm-none-eabi/4.9.3/../../../arm-none-eabi/lib/armv6-m/libc.a(lib_a-exit.o)
 .debug_ranges  0x00000020       0x10 /usr/lib/gcc/arm-none-eabi/4.9.3/../../../arm-none-eabi/lib/armv6-m/libc.a(lib_a-fini.o)
 .debug_ranges  0x00000030       0x10 /usr/lib/gcc/arm-none-eabi/4.9.3/../../../arm-none-eabi/lib/armv6-m/libc.a(lib_a-init.o)
 .debug_ranges  0x00000040       0x10 /usr/lib/gcc/arm-none-eabi/4.9.3/../../../arm-none-eabi/lib/armv6-m/libc.a(lib_a-memcpy.o)
 .debug_ranges  0x00000050       0x10 /usr/lib/gcc/arm-none-eabi/4.9.3/../../../arm-none-eabi/lib/armv6-m/libc.a(lib_a-memset.o)
 .debug_ranges  0x00000060       0x10 /usr/lib/gcc/arm-none-eabi/4.9.3/../../../arm-none-eabi/lib/armv6-m/libc.a(lib_a-__atexit.o)
 .debug_ranges  0x00000070       0x38 /usr/lib/gcc/arm-none-eabi/4.9.3/../../../arm-none-eabi/lib/armv6-m/libc.a(lib_a-__call_atexit.o)
 .debug_ranges  0x000000a8       0x10 /usr/lib/gcc/arm-none-eabi/4.9.3/../../../arm-none-eabi/lib/armv6-m/libnosys.a(_exit.o)
