Archive member included because of file (symbol)

/usr/bin/../lib/gcc/arm-none-eabi/4.9.3/armv6-m/libgcc.a(_udivsi3.o)
                              _build/main.o (__aeabi_uidiv)
/usr/bin/../lib/gcc/arm-none-eabi/4.9.3/armv6-m/libgcc.a(_dvmd_tls.o)
                              /usr/bin/../lib/gcc/arm-none-eabi/4.9.3/armv6-m/libgcc.a(_udivsi3.o) (__aeabi_idiv0)
/usr/bin/../lib/gcc/arm-none-eabi/4.9.3/../../../../arm-none-eabi/lib/armv6-m/libc.a(lib_a-exit.o)
                              /usr/bin/../lib/gcc/arm-none-eabi/4.9.3/../../../../arm-none-eabi/lib/armv6-m/crt0.o (exit)
/usr/bin/../lib/gcc/arm-none-eabi/4.9.3/../../../../arm-none-eabi/lib/armv6-m/libc.a(lib_a-impure.o)
                              /usr/bin/../lib/gcc/arm-none-eabi/4.9.3/../../../../arm-none-eabi/lib/armv6-m/libc.a(lib_a-exit.o) (_global_impure_ptr)
/usr/bin/../lib/gcc/arm-none-eabi/4.9.3/../../../../arm-none-eabi/lib/armv6-m/libc.a(lib_a-init.o)
                              /usr/bin/../lib/gcc/arm-none-eabi/4.9.3/../../../../arm-none-eabi/lib/armv6-m/crt0.o (__libc_init_array)
/usr/bin/../lib/gcc/arm-none-eabi/4.9.3/../../../../arm-none-eabi/lib/armv6-m/libc.a(lib_a-memcpy.o)
                              _build/main.o (memcpy)
/usr/bin/../lib/gcc/arm-none-eabi/4.9.3/../../../../arm-none-eabi/lib/armv6-m/libc.a(lib_a-memset.o)
                              /usr/bin/../lib/gcc/arm-none-eabi/4.9.3/../../../../arm-none-eabi/lib/armv6-m/crt0.o (memset)
/usr/bin/../lib/gcc/arm-none-eabi/4.9.3/../../../../arm-none-eabi/lib/armv6-m/libc.a(lib_a-__call_atexit.o)
                              /usr/bin/../lib/gcc/arm-none-eabi/4.9.3/../../../../arm-none-eabi/lib/armv6-m/libc.a(lib_a-exit.o) (__call_exitprocs)
/usr/bin/../lib/gcc/arm-none-eabi/4.9.3/../../../../arm-none-eabi/lib/armv6-m/libc.a(lib_a-atexit.o)
                              /usr/bin/../lib/gcc/arm-none-eabi/4.9.3/../../../../arm-none-eabi/lib/armv6-m/libc.a(lib_a-__call_atexit.o) (atexit)
/usr/bin/../lib/gcc/arm-none-eabi/4.9.3/../../../../arm-none-eabi/lib/armv6-m/libc.a(lib_a-fini.o)
                              /usr/bin/../lib/gcc/arm-none-eabi/4.9.3/../../../../arm-none-eabi/lib/armv6-m/libc.a(lib_a-__call_atexit.o) (__libc_fini_array)
/usr/bin/../lib/gcc/arm-none-eabi/4.9.3/../../../../arm-none-eabi/lib/armv6-m/libc.a(lib_a-__atexit.o)
                              /usr/bin/../lib/gcc/arm-none-eabi/4.9.3/../../../../arm-none-eabi/lib/armv6-m/libc.a(lib_a-atexit.o) (__register_exitproc)
/usr/bin/../lib/gcc/arm-none-eabi/4.9.3/../../../../arm-none-eabi/lib/armv6-m/libnosys.a(_exit.o)
                              /usr/bin/../lib/gcc/arm-none-eabi/4.9.3/../../../../arm-none-eabi/lib/armv6-m/libc.a(lib_a-exit.o) (_exit)

Discarded input sections

 .group         0x0000000000000000        0x8 _build/main.o
 .group         0x0000000000000000        0x8 _build/main.o
 .group         0x0000000000000000        0x8 _build/main.o
 .group         0x0000000000000000        0x8 _build/main.o
 .group         0x0000000000000000        0x8 _build/main.o
 .group         0x0000000000000000        0x8 _build/main.o
 .group         0x0000000000000000        0x8 _build/main.o
 .group         0x0000000000000000        0x8 _build/main.o
 .group         0x0000000000000000        0x8 _build/main.o
 .group         0x0000000000000000        0x8 _build/main.o
 .group         0x0000000000000000        0x8 _build/main.o
 .group         0x0000000000000000        0x8 _build/main.o
 .group         0x0000000000000000        0x8 _build/main.o
 .group         0x0000000000000000        0x8 _build/main.o
 .group         0x0000000000000000        0x8 _build/main.o
 .group         0x0000000000000000        0x8 _build/main.o
 .group         0x0000000000000000        0x8 _build/main.o
 .group         0x0000000000000000        0x8 _build/main.o
 .group         0x0000000000000000        0x8 _build/main.o
 .group         0x0000000000000000        0x8 _build/main.o
 .group         0x0000000000000000        0x8 _build/main.o
 .group         0x0000000000000000        0x8 _build/main.o
 .group         0x0000000000000000        0x8 _build/main.o
 .group         0x0000000000000000        0x8 _build/main.o
 .group         0x0000000000000000        0x8 _build/main.o
 .group         0x0000000000000000        0x8 _build/main.o
 .group         0x0000000000000000        0x8 _build/main.o
 .group         0x0000000000000000        0x8 _build/main.o
 .group         0x0000000000000000        0x8 _build/main.o
 .group         0x0000000000000000        0x8 _build/main.o
 .group         0x0000000000000000        0x8 _build/nrf_delay.o
 .group         0x0000000000000000        0x8 _build/nrf_delay.o
 .group         0x0000000000000000        0x8 _build/nrf_delay.o
 .group         0x0000000000000000        0x8 _build/nrf_delay.o
 .group         0x0000000000000000        0x8 _build/nrf_delay.o
 .group         0x0000000000000000        0x8 _build/nrf_delay.o
 .group         0x0000000000000000        0x8 _build/nrf_delay.o
 .group         0x0000000000000000        0x8 _build/nrf_delay.o
 .group         0x0000000000000000        0x8 _build/nrf_delay.o
 .group         0x0000000000000000        0x8 _build/nrf_delay.o
 .group         0x0000000000000000        0x8 _build/nrf_delay.o
 .group         0x0000000000000000        0x8 _build/nrf_delay.o
 .group         0x0000000000000000        0x8 _build/nrf_delay.o
 .group         0x0000000000000000        0x8 _build/nrf_delay.o
 .group         0x0000000000000000        0x8 _build/nrf_delay.o
 .group         0x0000000000000000        0x8 _build/nrf_delay.o
 .group         0x0000000000000000        0x8 _build/nrf_delay.o
 .group         0x0000000000000000        0x8 _build/nrf_delay.o
 .group         0x0000000000000000        0x8 _build/nrf_delay.o
 .group         0x0000000000000000        0x8 _build/nrf_delay.o
 .group         0x0000000000000000        0x8 _build/nrf_delay.o
 .group         0x0000000000000000        0x8 _build/nrf_delay.o
 .group         0x0000000000000000        0x8 _build/nrf_delay.o
 .group         0x0000000000000000        0x8 _build/nrf_delay.o
 .group         0x0000000000000000        0x8 _build/nrf_delay.o
 .group         0x0000000000000000        0x8 _build/nrf_delay.o
 .group         0x0000000000000000        0x8 _build/nrf_delay.o
 .group         0x0000000000000000        0x8 _build/nrf_delay.o
 .group         0x0000000000000000        0x8 _build/nrf_delay.o
 .group         0x0000000000000000        0x8 _build/nrf_delay.o
 .group         0x0000000000000000        0x8 _build/nrf_delay.o
 .debug_macro   0x0000000000000000      0x844 _build/nrf_delay.o
 .debug_macro   0x0000000000000000       0x58 _build/nrf_delay.o
 .debug_macro   0x0000000000000000       0x22 _build/nrf_delay.o
 .debug_macro   0x0000000000000000       0x35 _build/nrf_delay.o
 .debug_macro   0x0000000000000000       0x9c _build/nrf_delay.o
 .debug_macro   0x0000000000000000      0x29d _build/nrf_delay.o
 .debug_macro   0x0000000000000000       0x52 _build/nrf_delay.o
 .debug_macro   0x0000000000000000       0x16 _build/nrf_delay.o
 .debug_macro   0x0000000000000000       0x43 _build/nrf_delay.o
 .debug_macro   0x0000000000000000      0x180 _build/nrf_delay.o
 .debug_macro   0x0000000000000000       0x22 _build/nrf_delay.o
 .debug_macro   0x0000000000000000       0x22 _build/nrf_delay.o
 .debug_macro   0x0000000000000000       0x3a _build/nrf_delay.o
 .debug_macro   0x0000000000000000       0xe3 _build/nrf_delay.o
 .debug_macro   0x0000000000000000      0x1df _build/nrf_delay.o
 .debug_macro   0x0000000000000000       0x1f _build/nrf_delay.o
 .debug_macro   0x0000000000000000      0x242 _build/nrf_delay.o
 .debug_macro   0x0000000000000000      0x1d2 _build/nrf_delay.o
 .debug_macro   0x0000000000000000     0x746b _build/nrf_delay.o
 .debug_macro   0x0000000000000000      0x976 _build/nrf_delay.o
 .group         0x0000000000000000        0x8 _build/simple_uart.o
 .group         0x0000000000000000        0x8 _build/simple_uart.o
 .group         0x0000000000000000        0x8 _build/simple_uart.o
 .group         0x0000000000000000        0x8 _build/simple_uart.o
 .group         0x0000000000000000        0x8 _build/simple_uart.o
 .group         0x0000000000000000        0x8 _build/simple_uart.o
 .group         0x0000000000000000        0x8 _build/simple_uart.o
 .group         0x0000000000000000        0x8 _build/simple_uart.o
 .group         0x0000000000000000        0x8 _build/simple_uart.o
 .group         0x0000000000000000        0x8 _build/simple_uart.o
 .group         0x0000000000000000        0x8 _build/simple_uart.o
 .group         0x0000000000000000        0x8 _build/simple_uart.o
 .group         0x0000000000000000        0x8 _build/simple_uart.o
 .group         0x0000000000000000        0x8 _build/simple_uart.o
 .group         0x0000000000000000        0x8 _build/simple_uart.o
 .debug_macro   0x0000000000000000      0x844 _build/simple_uart.o
 .debug_macro   0x0000000000000000       0x22 _build/simple_uart.o
 .debug_macro   0x0000000000000000       0x44 _build/simple_uart.o
 .debug_macro   0x0000000000000000       0xe3 _build/simple_uart.o
 .debug_macro   0x0000000000000000       0x22 _build/simple_uart.o
 .debug_macro   0x0000000000000000      0x1df _build/simple_uart.o
 .debug_macro   0x0000000000000000       0x22 _build/simple_uart.o
 .debug_macro   0x0000000000000000       0x3a _build/simple_uart.o
 .debug_macro   0x0000000000000000       0x1f _build/simple_uart.o
 .debug_macro   0x0000000000000000      0x242 _build/simple_uart.o
 .debug_macro   0x0000000000000000      0x1d2 _build/simple_uart.o
 .debug_macro   0x0000000000000000     0x746b _build/simple_uart.o
 .debug_macro   0x0000000000000000      0x976 _build/simple_uart.o
 .debug_macro   0x0000000000000000       0x10 _build/simple_uart.o
 .debug_macro   0x0000000000000000       0x22 _build/simple_uart.o
 .group         0x0000000000000000        0x8 _build/LIS2DH_simple.o
 .group         0x0000000000000000        0x8 _build/LIS2DH_simple.o
 .group         0x0000000000000000        0x8 _build/LIS2DH_simple.o
 .group         0x0000000000000000        0x8 _build/LIS2DH_simple.o
 .group         0x0000000000000000        0x8 _build/LIS2DH_simple.o
 .group         0x0000000000000000        0x8 _build/LIS2DH_simple.o
 .group         0x0000000000000000        0x8 _build/LIS2DH_simple.o
 .group         0x0000000000000000        0x8 _build/LIS2DH_simple.o
 .group         0x0000000000000000        0x8 _build/LIS2DH_simple.o
 .group         0x0000000000000000        0x8 _build/LIS2DH_simple.o
 .group         0x0000000000000000        0x8 _build/LIS2DH_simple.o
 .group         0x0000000000000000        0x8 _build/LIS2DH_simple.o
 .group         0x0000000000000000        0x8 _build/LIS2DH_simple.o
 .group         0x0000000000000000        0x8 _build/LIS2DH_simple.o
 .group         0x0000000000000000        0x8 _build/LIS2DH_simple.o
 .group         0x0000000000000000        0x8 _build/LIS2DH_simple.o
 .group         0x0000000000000000        0x8 _build/LIS2DH_simple.o
 .group         0x0000000000000000        0x8 _build/LIS2DH_simple.o
 .group         0x0000000000000000        0x8 _build/LIS2DH_simple.o
 .group         0x0000000000000000        0x8 _build/LIS2DH_simple.o
 .group         0x0000000000000000        0x8 _build/LIS2DH_simple.o
 .group         0x0000000000000000        0x8 _build/LIS2DH_simple.o
 .group         0x0000000000000000        0x8 _build/LIS2DH_simple.o
 .group         0x0000000000000000        0x8 _build/LIS2DH_simple.o
 .group         0x0000000000000000        0x8 _build/LIS2DH_simple.o
 .group         0x0000000000000000        0x8 _build/LIS2DH_simple.o
 .group         0x0000000000000000        0x8 _build/LIS2DH_simple.o
 .group         0x0000000000000000        0x8 _build/LIS2DH_simple.o
 .group         0x0000000000000000        0x8 _build/LIS2DH_simple.o
 .debug_macro   0x0000000000000000      0x844 _build/LIS2DH_simple.o
 .debug_macro   0x0000000000000000       0x22 _build/LIS2DH_simple.o
 .debug_macro   0x0000000000000000       0x3a _build/LIS2DH_simple.o
 .debug_macro   0x0000000000000000       0x22 _build/LIS2DH_simple.o
 .debug_macro   0x0000000000000000       0x44 _build/LIS2DH_simple.o
 .debug_macro   0x0000000000000000       0xe3 _build/LIS2DH_simple.o
 .debug_macro   0x0000000000000000       0x22 _build/LIS2DH_simple.o
 .debug_macro   0x0000000000000000      0x1df _build/LIS2DH_simple.o
 .debug_macro   0x0000000000000000       0x1f _build/LIS2DH_simple.o
 .debug_macro   0x0000000000000000      0x242 _build/LIS2DH_simple.o
 .debug_macro   0x0000000000000000      0x1d2 _build/LIS2DH_simple.o
 .debug_macro   0x0000000000000000     0x746b _build/LIS2DH_simple.o
 .debug_macro   0x0000000000000000       0xd0 _build/LIS2DH_simple.o
 .debug_macro   0x0000000000000000       0x58 _build/LIS2DH_simple.o
 .debug_macro   0x0000000000000000       0x35 _build/LIS2DH_simple.o
 .debug_macro   0x0000000000000000       0x9c _build/LIS2DH_simple.o
 .debug_macro   0x0000000000000000       0x16 _build/LIS2DH_simple.o
 .debug_macro   0x0000000000000000      0x10e _build/LIS2DH_simple.o
 .debug_macro   0x0000000000000000       0x7f _build/LIS2DH_simple.o
 .debug_macro   0x0000000000000000       0x52 _build/LIS2DH_simple.o
 .debug_macro   0x0000000000000000       0x16 _build/LIS2DH_simple.o
 .debug_macro   0x0000000000000000       0x43 _build/LIS2DH_simple.o
 .debug_macro   0x0000000000000000      0x180 _build/LIS2DH_simple.o
 .debug_macro   0x0000000000000000      0x29d _build/LIS2DH_simple.o
 .debug_macro   0x0000000000000000       0x16 _build/LIS2DH_simple.o
 .debug_macro   0x0000000000000000       0x29 _build/LIS2DH_simple.o
 .debug_macro   0x0000000000000000       0xe8 _build/LIS2DH_simple.o
 .debug_macro   0x0000000000000000      0x976 _build/LIS2DH_simple.o
 .debug_macro   0x0000000000000000       0x10 _build/LIS2DH_simple.o
 .group         0x0000000000000000        0x8 _build/system_nrf51.o
 .group         0x0000000000000000        0x8 _build/system_nrf51.o
 .group         0x0000000000000000        0x8 _build/system_nrf51.o
 .group         0x0000000000000000        0x8 _build/system_nrf51.o
 .group         0x0000000000000000        0x8 _build/system_nrf51.o
 .group         0x0000000000000000        0x8 _build/system_nrf51.o
 .group         0x0000000000000000        0x8 _build/system_nrf51.o
 .group         0x0000000000000000        0x8 _build/system_nrf51.o
 .group         0x0000000000000000        0x8 _build/system_nrf51.o
 .group         0x0000000000000000        0x8 _build/system_nrf51.o
 .group         0x0000000000000000        0x8 _build/system_nrf51.o
 .group         0x0000000000000000        0x8 _build/system_nrf51.o
 .group         0x0000000000000000        0x8 _build/system_nrf51.o
 .group         0x0000000000000000        0x8 _build/system_nrf51.o
 .group         0x0000000000000000        0x8 _build/system_nrf51.o
 .debug_macro   0x0000000000000000      0x844 _build/system_nrf51.o
 .debug_macro   0x0000000000000000       0x22 _build/system_nrf51.o
 .debug_macro   0x0000000000000000       0x44 _build/system_nrf51.o
 .debug_macro   0x0000000000000000       0xe3 _build/system_nrf51.o
 .debug_macro   0x0000000000000000       0x22 _build/system_nrf51.o
 .debug_macro   0x0000000000000000      0x1df _build/system_nrf51.o
 .debug_macro   0x0000000000000000       0x22 _build/system_nrf51.o
 .debug_macro   0x0000000000000000       0x22 _build/system_nrf51.o
 .debug_macro   0x0000000000000000       0x3a _build/system_nrf51.o
 .debug_macro   0x0000000000000000       0x1f _build/system_nrf51.o
 .debug_macro   0x0000000000000000      0x242 _build/system_nrf51.o
 .debug_macro   0x0000000000000000      0x1d2 _build/system_nrf51.o
 .debug_macro   0x0000000000000000     0x746b _build/system_nrf51.o
 .debug_macro   0x0000000000000000      0x976 _build/system_nrf51.o
 .debug_macro   0x0000000000000000       0x10 _build/system_nrf51.o

Memory Configuration

Name             Origin             Length             Attributes
FLASH            0x0000000000000000 0x0000000000040000 xr
RAM              0x0000000020000000 0x0000000000004000 xrw
*default*        0x0000000000000000 0xffffffffffffffff

Linker script and memory map

LOAD /usr/bin/../lib/gcc/arm-none-eabi/4.9.3/armv6-m/crti.o
LOAD /usr/bin/../lib/gcc/arm-none-eabi/4.9.3/armv6-m/crtbegin.o
LOAD /usr/bin/../lib/gcc/arm-none-eabi/4.9.3/../../../../arm-none-eabi/lib/armv6-m/crt0.o
LOAD _build/main.o
LOAD _build/nrf_delay.o
LOAD _build/simple_uart.o
LOAD _build/LIS2DH_simple.o
LOAD _build/system_nrf51.o
LOAD _build/gcc_startup_nrf51.o
START GROUP
LOAD /usr/bin/../lib/gcc/arm-none-eabi/4.9.3/armv6-m/libgcc.a
LOAD /usr/bin/../lib/gcc/arm-none-eabi/4.9.3/../../../../arm-none-eabi/lib/armv6-m/libc.a
END GROUP
LOAD /usr/bin/../lib/gcc/arm-none-eabi/4.9.3/armv6-m/crtend.o
LOAD /usr/bin/../lib/gcc/arm-none-eabi/4.9.3/armv6-m/crtn.o
START GROUP
LOAD /usr/bin/../lib/gcc/arm-none-eabi/4.9.3/armv6-m/libgcc.a
LOAD /usr/bin/../lib/gcc/arm-none-eabi/4.9.3/../../../../arm-none-eabi/lib/armv6-m/libc.a
LOAD /usr/bin/../lib/gcc/arm-none-eabi/4.9.3/../../../../arm-none-eabi/lib/armv6-m/libnosys.a
END GROUP

.text           0x0000000000000000     0x1d88
 *(.Vectors)
 .Vectors       0x0000000000000000       0xc0 _build/gcc_startup_nrf51.o
                0x0000000000000000                __Vectors
 *(.text*)
 .text          0x00000000000000c0        0x0 /usr/bin/../lib/gcc/arm-none-eabi/4.9.3/armv6-m/crti.o
 .text          0x00000000000000c0       0x60 /usr/bin/../lib/gcc/arm-none-eabi/4.9.3/armv6-m/crtbegin.o
 .text          0x0000000000000120       0x78 /usr/bin/../lib/gcc/arm-none-eabi/4.9.3/../../../../arm-none-eabi/lib/armv6-m/crt0.o
                0x0000000000000120                _mainCRTStartup
                0x0000000000000120                _start
 .text          0x0000000000000198      0xe04 _build/main.o
                0x00000000000001d8                LED_INIT
                0x00000000000001f0                LEDS_ON
                0x000000000000020c                LEDS_OFF
                0x0000000000000224                LED_LPM
                0x0000000000000240                LED_BAR
                0x000000000000032c                BUT_INIT
                0x000000000000033c                uart_put_dec32bit
                0x0000000000000854                uart_put_decbyte
                0x0000000000000928                uart_put_decaccel
                0x0000000000000b30                combine
                0x0000000000000b68                dot
                0x0000000000000bb4                lowest_led
                0x0000000000000da8                main
 .text          0x0000000000000f9c       0x5c _build/nrf_delay.o
                0x0000000000000fd0                nrf_delay_ms
 .text          0x0000000000000ff8      0x284 _build/simple_uart.o
                0x0000000000001078                simple_uart_get
                0x00000000000010a8                simple_uart_get_with_timeout
                0x0000000000001118                simple_uart_put
                0x0000000000001154                simple_uart_putstring
                0x00000000000011a4                simple_uart_config
 .text          0x000000000000127c      0x388 _build/LIS2DH_simple.o
                0x0000000000001340                ACCEL_SPI_INIT
                0x00000000000013b8                SEL_CS
                0x00000000000013cc                REL_CS
                0x00000000000013e0                SPI_TXRX
                0x0000000000001454                reg_write
                0x0000000000001494                reg_read
                0x00000000000014dc                reg_write_ver
                0x0000000000001524                update_xyz
 .text          0x0000000000001604      0x124 _build/system_nrf51.o
                0x0000000000001604                SystemCoreClockUpdate
                0x000000000000161c                SystemInit
 .text          0x0000000000001728       0x54 _build/gcc_startup_nrf51.o
                0x0000000000001728                Reset_Handler
                0x0000000000001770                NMI_Handler
                0x0000000000001772                HardFault_Handler
                0x0000000000001774                SVC_Handler
                0x0000000000001776                PendSV_Handler
                0x0000000000001778                SysTick_Handler
                0x000000000000177a                TIMER2_IRQHandler
                0x000000000000177a                SPI0_TWI0_IRQHandler
                0x000000000000177a                RTC0_IRQHandler
                0x000000000000177a                GPIOTE_IRQHandler
                0x000000000000177a                POWER_CLOCK_IRQHandler
                0x000000000000177a                RADIO_IRQHandler
                0x000000000000177a                LPCOMP_IRQHandler
                0x000000000000177a                SWI4_IRQHandler
                0x000000000000177a                TEMP_IRQHandler
                0x000000000000177a                QDEC_IRQHandler
                0x000000000000177a                UART0_IRQHandler
                0x000000000000177a                SWI5_IRQHandler
                0x000000000000177a                TIMER0_IRQHandler
                0x000000000000177a                SWI0_IRQHandler
                0x000000000000177a                TIMER1_IRQHandler
                0x000000000000177a                ECB_IRQHandler
                0x000000000000177a                Default_Handler
                0x000000000000177a                ADC_IRQHandler
                0x000000000000177a                SWI3_IRQHandler
                0x000000000000177a                CCM_AAR_IRQHandler
                0x000000000000177a                WDT_IRQHandler
                0x000000000000177a                SWI2_IRQHandler
                0x000000000000177a                RNG_IRQHandler
                0x000000000000177a                SPI1_TWI1_IRQHandler
                0x000000000000177a                RTC1_IRQHandler
                0x000000000000177a                SWI1_IRQHandler
 .text          0x000000000000177c      0x120 /usr/bin/../lib/gcc/arm-none-eabi/4.9.3/armv6-m/libgcc.a(_udivsi3.o)
                0x000000000000177c                __udivsi3
                0x000000000000177c                __aeabi_uidiv
                0x0000000000001888                __aeabi_uidivmod
 .text          0x000000000000189c        0x4 /usr/bin/../lib/gcc/arm-none-eabi/4.9.3/armv6-m/libgcc.a(_dvmd_tls.o)
                0x000000000000189c                __aeabi_ldiv0
                0x000000000000189c                __aeabi_idiv0
 .text          0x00000000000018a0        0x0 /usr/bin/../lib/gcc/arm-none-eabi/4.9.3/../../../../arm-none-eabi/lib/armv6-m/libc.a(lib_a-exit.o)
 .text.exit     0x00000000000018a0       0x20 /usr/bin/../lib/gcc/arm-none-eabi/4.9.3/../../../../arm-none-eabi/lib/armv6-m/libc.a(lib_a-exit.o)
                0x00000000000018a0                exit
 .text          0x00000000000018c0        0x0 /usr/bin/../lib/gcc/arm-none-eabi/4.9.3/../../../../arm-none-eabi/lib/armv6-m/libc.a(lib_a-impure.o)
 .text          0x00000000000018c0        0x0 /usr/bin/../lib/gcc/arm-none-eabi/4.9.3/../../../../arm-none-eabi/lib/armv6-m/libc.a(lib_a-init.o)
 .text.__libc_init_array
                0x00000000000018c0       0x48 /usr/bin/../lib/gcc/arm-none-eabi/4.9.3/../../../../arm-none-eabi/lib/armv6-m/libc.a(lib_a-init.o)
                0x00000000000018c0                __libc_init_array
 .text          0x0000000000001908        0x0 /usr/bin/../lib/gcc/arm-none-eabi/4.9.3/../../../../arm-none-eabi/lib/armv6-m/libc.a(lib_a-memcpy.o)
 .text.memcpy   0x0000000000001908       0x7c /usr/bin/../lib/gcc/arm-none-eabi/4.9.3/../../../../arm-none-eabi/lib/armv6-m/libc.a(lib_a-memcpy.o)
                0x0000000000001908                memcpy
 .text          0x0000000000001984        0x0 /usr/bin/../lib/gcc/arm-none-eabi/4.9.3/../../../../arm-none-eabi/lib/armv6-m/libc.a(lib_a-memset.o)
 .text.memset   0x0000000000001984       0x8c /usr/bin/../lib/gcc/arm-none-eabi/4.9.3/../../../../arm-none-eabi/lib/armv6-m/libc.a(lib_a-memset.o)
                0x0000000000001984                memset
 .text          0x0000000000001a10        0x0 /usr/bin/../lib/gcc/arm-none-eabi/4.9.3/../../../../arm-none-eabi/lib/armv6-m/libc.a(lib_a-__call_atexit.o)
 .text.startup.register_fini
                0x0000000000001a10       0x18 /usr/bin/../lib/gcc/arm-none-eabi/4.9.3/../../../../arm-none-eabi/lib/armv6-m/libc.a(lib_a-__call_atexit.o)
 .text.__call_exitprocs
                0x0000000000001a28      0x108 /usr/bin/../lib/gcc/arm-none-eabi/4.9.3/../../../../arm-none-eabi/lib/armv6-m/libc.a(lib_a-__call_atexit.o)
                0x0000000000001a28                __call_exitprocs
 .text          0x0000000000001b30        0x0 /usr/bin/../lib/gcc/arm-none-eabi/4.9.3/../../../../arm-none-eabi/lib/armv6-m/libc.a(lib_a-atexit.o)
 .text.atexit   0x0000000000001b30       0x10 /usr/bin/../lib/gcc/arm-none-eabi/4.9.3/../../../../arm-none-eabi/lib/armv6-m/libc.a(lib_a-atexit.o)
                0x0000000000001b30                atexit
 .text          0x0000000000001b40        0x0 /usr/bin/../lib/gcc/arm-none-eabi/4.9.3/../../../../arm-none-eabi/lib/armv6-m/libc.a(lib_a-fini.o)
 .text.__libc_fini_array
                0x0000000000001b40       0x34 /usr/bin/../lib/gcc/arm-none-eabi/4.9.3/../../../../arm-none-eabi/lib/armv6-m/libc.a(lib_a-fini.o)
                0x0000000000001b40                __libc_fini_array
 .text          0x0000000000001b74        0x0 /usr/bin/../lib/gcc/arm-none-eabi/4.9.3/../../../../arm-none-eabi/lib/armv6-m/libc.a(lib_a-__atexit.o)
 .text.__register_exitproc
                0x0000000000001b74       0xd4 /usr/bin/../lib/gcc/arm-none-eabi/4.9.3/../../../../arm-none-eabi/lib/armv6-m/libc.a(lib_a-__atexit.o)
                0x0000000000001b74                __register_exitproc
 .text          0x0000000000001c48        0x0 /usr/bin/../lib/gcc/arm-none-eabi/4.9.3/armv6-m/crtend.o
 .text          0x0000000000001c48        0x0 /usr/bin/../lib/gcc/arm-none-eabi/4.9.3/armv6-m/crtn.o
 .text          0x0000000000001c48        0x0 /usr/bin/../lib/gcc/arm-none-eabi/4.9.3/../../../../arm-none-eabi/lib/armv6-m/libnosys.a(_exit.o)
 .text._exit    0x0000000000001c48        0x4 /usr/bin/../lib/gcc/arm-none-eabi/4.9.3/../../../../arm-none-eabi/lib/armv6-m/libnosys.a(_exit.o)
                0x0000000000001c48                _exit
 *(.init)
 .init          0x0000000000001c4c        0x4 /usr/bin/../lib/gcc/arm-none-eabi/4.9.3/armv6-m/crti.o
                0x0000000000001c4c                _init
 .init          0x0000000000001c50        0x8 /usr/bin/../lib/gcc/arm-none-eabi/4.9.3/armv6-m/crtn.o
 *(.fini)
 .fini          0x0000000000001c58        0x4 /usr/bin/../lib/gcc/arm-none-eabi/4.9.3/armv6-m/crti.o
                0x0000000000001c58                _fini
 .fini          0x0000000000001c5c        0x8 /usr/bin/../lib/gcc/arm-none-eabi/4.9.3/armv6-m/crtn.o
 *crtbegin.o(.ctors)
 *crtbegin?.o(.ctors)
 *(EXCLUDE_FILE(*crtend.o *crtend?.o) .ctors)
 *(SORT(.ctors.*))
 *(.ctors)
 *crtbegin.o(.dtors)
 *crtbegin?.o(.dtors)
 *(EXCLUDE_FILE(*crtend.o *crtend?.o) .dtors)
 *(SORT(.dtors.*))
 *(.dtors)
 *(.rodata*)
 .rodata        0x0000000000001c64      0x117 _build/main.o
 *fill*         0x0000000000001d7b        0x1 
 .rodata.str1.4
                0x0000000000001d7c        0x4 /usr/bin/../lib/gcc/arm-none-eabi/4.9.3/../../../../arm-none-eabi/lib/armv6-m/libc.a(lib_a-impure.o)
                                          0x2 (size before relaxing)
 .rodata._global_impure_ptr
                0x0000000000001d80        0x4 /usr/bin/../lib/gcc/arm-none-eabi/4.9.3/../../../../arm-none-eabi/lib/armv6-m/libc.a(lib_a-impure.o)
                0x0000000000001d80                _global_impure_ptr
 *(.eh_frame*)
 .eh_frame      0x0000000000001d84        0x0 /usr/bin/../lib/gcc/arm-none-eabi/4.9.3/armv6-m/crtbegin.o
 .eh_frame      0x0000000000001d84        0x4 /usr/bin/../lib/gcc/arm-none-eabi/4.9.3/armv6-m/crtend.o

.glue_7         0x0000000000001d88        0x0
 .glue_7        0x0000000000000000        0x0 linker stubs

.glue_7t        0x0000000000001d88        0x0
 .glue_7t       0x0000000000000000        0x0 linker stubs

.vfp11_veneer   0x0000000000001d88        0x0
 .vfp11_veneer  0x0000000000000000        0x0 linker stubs

.v4_bx          0x0000000000001d88        0x0
 .v4_bx         0x0000000000000000        0x0 linker stubs

.iplt           0x0000000000001d88        0x0
 .iplt          0x0000000000000000        0x0 /usr/bin/../lib/gcc/arm-none-eabi/4.9.3/armv6-m/crtbegin.o

.ARM.extab      0x0000000000001d88        0x0
 *(.ARM.extab* .gnu.linkonce.armextab.*)
 .ARM.extab     0x0000000000001d88        0x0 /usr/bin/../lib/gcc/arm-none-eabi/4.9.3/../../../../arm-none-eabi/lib/armv6-m/crt0.o
 .ARM.extab     0x0000000000001d88        0x0 _build/gcc_startup_nrf51.o
                0x0000000000001d88                __exidx_start = .

.ARM.exidx      0x0000000000001d88        0x8
 *(.ARM.exidx* .gnu.linkonce.armexidx.*)
 .ARM.exidx     0x0000000000001d88        0x8 /usr/bin/../lib/gcc/arm-none-eabi/4.9.3/../../../../arm-none-eabi/lib/armv6-m/crt0.o
 .ARM.exidx     0x0000000000001d90        0x0 _build/gcc_startup_nrf51.o
                                          0x8 (size before relaxing)
                0x0000000000001d90                __exidx_end = .
                0x0000000000001d90                __etext = .

.rel.dyn        0x0000000000001d90        0x0
 .rel.iplt      0x0000000000000000        0x0 /usr/bin/../lib/gcc/arm-none-eabi/4.9.3/armv6-m/crtbegin.o

.data           0x0000000020000000      0x444 load address 0x0000000000001d90
                0x0000000020000000                __data_start__ = .
 *(vtable)
 *(.data*)
 .data          0x0000000020000000        0x0 /usr/bin/../lib/gcc/arm-none-eabi/4.9.3/armv6-m/crti.o
 .data          0x0000000020000000        0x4 /usr/bin/../lib/gcc/arm-none-eabi/4.9.3/armv6-m/crtbegin.o
                0x0000000020000000                __dso_handle
 .data          0x0000000020000004        0x0 /usr/bin/../lib/gcc/arm-none-eabi/4.9.3/../../../../arm-none-eabi/lib/armv6-m/crt0.o
 .data          0x0000000020000004        0x0 _build/main.o
 .data          0x0000000020000004        0x0 _build/nrf_delay.o
 .data          0x0000000020000004        0x0 _build/simple_uart.o
 .data          0x0000000020000004        0x0 _build/LIS2DH_simple.o
 .data          0x0000000020000004        0x4 _build/system_nrf51.o
                0x0000000020000004                SystemCoreClock
 .data          0x0000000020000008        0x0 _build/gcc_startup_nrf51.o
 .data          0x0000000020000008        0x0 /usr/bin/../lib/gcc/arm-none-eabi/4.9.3/armv6-m/libgcc.a(_udivsi3.o)
 .data          0x0000000020000008        0x0 /usr/bin/../lib/gcc/arm-none-eabi/4.9.3/armv6-m/libgcc.a(_dvmd_tls.o)
 .data          0x0000000020000008        0x0 /usr/bin/../lib/gcc/arm-none-eabi/4.9.3/../../../../arm-none-eabi/lib/armv6-m/libc.a(lib_a-exit.o)
 .data          0x0000000020000008        0x0 /usr/bin/../lib/gcc/arm-none-eabi/4.9.3/../../../../arm-none-eabi/lib/armv6-m/libc.a(lib_a-impure.o)
 .data.impure_data
                0x0000000020000008      0x428 /usr/bin/../lib/gcc/arm-none-eabi/4.9.3/../../../../arm-none-eabi/lib/armv6-m/libc.a(lib_a-impure.o)
 .data._impure_ptr
                0x0000000020000430        0x4 /usr/bin/../lib/gcc/arm-none-eabi/4.9.3/../../../../arm-none-eabi/lib/armv6-m/libc.a(lib_a-impure.o)
                0x0000000020000430                _impure_ptr
 .data          0x0000000020000434        0x0 /usr/bin/../lib/gcc/arm-none-eabi/4.9.3/../../../../arm-none-eabi/lib/armv6-m/libc.a(lib_a-init.o)
 .data          0x0000000020000434        0x0 /usr/bin/../lib/gcc/arm-none-eabi/4.9.3/../../../../arm-none-eabi/lib/armv6-m/libc.a(lib_a-memcpy.o)
 .data          0x0000000020000434        0x0 /usr/bin/../lib/gcc/arm-none-eabi/4.9.3/../../../../arm-none-eabi/lib/armv6-m/libc.a(lib_a-memset.o)
 .data          0x0000000020000434        0x0 /usr/bin/../lib/gcc/arm-none-eabi/4.9.3/../../../../arm-none-eabi/lib/armv6-m/libc.a(lib_a-__call_atexit.o)
 .data          0x0000000020000434        0x0 /usr/bin/../lib/gcc/arm-none-eabi/4.9.3/../../../../arm-none-eabi/lib/armv6-m/libc.a(lib_a-atexit.o)
 .data          0x0000000020000434        0x0 /usr/bin/../lib/gcc/arm-none-eabi/4.9.3/../../../../arm-none-eabi/lib/armv6-m/libc.a(lib_a-fini.o)
 .data          0x0000000020000434        0x0 /usr/bin/../lib/gcc/arm-none-eabi/4.9.3/../../../../arm-none-eabi/lib/armv6-m/libc.a(lib_a-__atexit.o)
 .data          0x0000000020000434        0x0 /usr/bin/../lib/gcc/arm-none-eabi/4.9.3/armv6-m/crtend.o
 .data          0x0000000020000434        0x0 /usr/bin/../lib/gcc/arm-none-eabi/4.9.3/armv6-m/crtn.o
 .data          0x0000000020000434        0x0 /usr/bin/../lib/gcc/arm-none-eabi/4.9.3/../../../../arm-none-eabi/lib/armv6-m/libnosys.a(_exit.o)
                0x0000000020000434                . = ALIGN (0x4)
                0x0000000020000434                PROVIDE (__preinit_array_start, .)
 *(.preinit_array)
                0x0000000020000434                PROVIDE (__preinit_array_end, .)
                0x0000000020000434                . = ALIGN (0x4)
                0x0000000020000434                PROVIDE (__init_array_start, .)
 *(SORT(.init_array.*))
 .init_array.00000
                0x0000000020000434        0x4 /usr/bin/../lib/gcc/arm-none-eabi/4.9.3/../../../../arm-none-eabi/lib/armv6-m/libc.a(lib_a-__call_atexit.o)
 *(.init_array)
 .init_array    0x0000000020000438        0x4 /usr/bin/../lib/gcc/arm-none-eabi/4.9.3/armv6-m/crtbegin.o
                0x000000002000043c                PROVIDE (__init_array_end, .)
                0x000000002000043c                . = ALIGN (0x4)
                0x000000002000043c                PROVIDE (__fini_array_start, .)
 *(SORT(.fini_array.*))
 *(.fini_array)
 .fini_array    0x000000002000043c        0x4 /usr/bin/../lib/gcc/arm-none-eabi/4.9.3/armv6-m/crtbegin.o
                0x0000000020000440                PROVIDE (__fini_array_end, .)
 *(.jcr)
 .jcr           0x0000000020000440        0x0 /usr/bin/../lib/gcc/arm-none-eabi/4.9.3/armv6-m/crtbegin.o
 .jcr           0x0000000020000440        0x4 /usr/bin/../lib/gcc/arm-none-eabi/4.9.3/armv6-m/crtend.o
                0x0000000020000444                . = ALIGN (0x4)
                0x0000000020000444                __data_end__ = .

.igot.plt       0x0000000020000444        0x0 load address 0x00000000000021d4
 .igot.plt      0x0000000000000000        0x0 /usr/bin/../lib/gcc/arm-none-eabi/4.9.3/armv6-m/crtbegin.o

.bss            0x0000000020000444       0x1c load address 0x00000000000021d4
                0x0000000020000444                . = ALIGN (0x4)
                0x0000000020000444                __bss_start__ = .
 *(.bss*)
 .bss           0x0000000020000444        0x0 /usr/bin/../lib/gcc/arm-none-eabi/4.9.3/armv6-m/crti.o
 .bss           0x0000000020000444       0x1c /usr/bin/../lib/gcc/arm-none-eabi/4.9.3/armv6-m/crtbegin.o
 .bss           0x0000000020000460        0x0 /usr/bin/../lib/gcc/arm-none-eabi/4.9.3/../../../../arm-none-eabi/lib/armv6-m/crt0.o
 .bss           0x0000000020000460        0x0 _build/main.o
 .bss           0x0000000020000460        0x0 _build/nrf_delay.o
 .bss           0x0000000020000460        0x0 _build/simple_uart.o
 .bss           0x0000000020000460        0x0 _build/LIS2DH_simple.o
 .bss           0x0000000020000460        0x0 _build/system_nrf51.o
 .bss           0x0000000020000460        0x0 _build/gcc_startup_nrf51.o
 .bss           0x0000000020000460        0x0 /usr/bin/../lib/gcc/arm-none-eabi/4.9.3/armv6-m/libgcc.a(_udivsi3.o)
 .bss           0x0000000020000460        0x0 /usr/bin/../lib/gcc/arm-none-eabi/4.9.3/armv6-m/libgcc.a(_dvmd_tls.o)
 .bss           0x0000000020000460        0x0 /usr/bin/../lib/gcc/arm-none-eabi/4.9.3/../../../../arm-none-eabi/lib/armv6-m/libc.a(lib_a-exit.o)
 .bss           0x0000000020000460        0x0 /usr/bin/../lib/gcc/arm-none-eabi/4.9.3/../../../../arm-none-eabi/lib/armv6-m/libc.a(lib_a-impure.o)
 .bss           0x0000000020000460        0x0 /usr/bin/../lib/gcc/arm-none-eabi/4.9.3/../../../../arm-none-eabi/lib/armv6-m/libc.a(lib_a-init.o)
 .bss           0x0000000020000460        0x0 /usr/bin/../lib/gcc/arm-none-eabi/4.9.3/../../../../arm-none-eabi/lib/armv6-m/libc.a(lib_a-memcpy.o)
 .bss           0x0000000020000460        0x0 /usr/bin/../lib/gcc/arm-none-eabi/4.9.3/../../../../arm-none-eabi/lib/armv6-m/libc.a(lib_a-memset.o)
 .bss           0x0000000020000460        0x0 /usr/bin/../lib/gcc/arm-none-eabi/4.9.3/../../../../arm-none-eabi/lib/armv6-m/libc.a(lib_a-__call_atexit.o)
 .bss           0x0000000020000460        0x0 /usr/bin/../lib/gcc/arm-none-eabi/4.9.3/../../../../arm-none-eabi/lib/armv6-m/libc.a(lib_a-atexit.o)
 .bss           0x0000000020000460        0x0 /usr/bin/../lib/gcc/arm-none-eabi/4.9.3/../../../../arm-none-eabi/lib/armv6-m/libc.a(lib_a-fini.o)
 .bss           0x0000000020000460        0x0 /usr/bin/../lib/gcc/arm-none-eabi/4.9.3/../../../../arm-none-eabi/lib/armv6-m/libc.a(lib_a-__atexit.o)
 .bss           0x0000000020000460        0x0 /usr/bin/../lib/gcc/arm-none-eabi/4.9.3/armv6-m/crtend.o
 .bss           0x0000000020000460        0x0 /usr/bin/../lib/gcc/arm-none-eabi/4.9.3/armv6-m/crtn.o
 .bss           0x0000000020000460        0x0 /usr/bin/../lib/gcc/arm-none-eabi/4.9.3/../../../../arm-none-eabi/lib/armv6-m/libnosys.a(_exit.o)
 *(COMMON)
                0x0000000020000460                . = ALIGN (0x4)
                0x0000000020000460                __bss_end__ = .

.heap           0x0000000020000460      0x800
                0x0000000020000460                __end__ = .
                0x0000000020000460                end = __end__
 *(.heap*)
 .heap          0x0000000020000460      0x800 _build/gcc_startup_nrf51.o
                0x0000000020000460                __HeapBase
                0x0000000020000c60                __HeapLimit = .

.stack_dummy    0x0000000020000460      0x800
 *(.stack*)
 .stack         0x0000000020000460      0x800 _build/gcc_startup_nrf51.o
                0x0000000020004000                __StackTop = (ORIGIN (RAM) + 0x4000)
                0x0000000020003800                __StackLimit = (__StackTop - SIZEOF (.stack_dummy))
                0x0000000020004000                PROVIDE (__stack, __StackTop)
                0x0000000000000001                ASSERT ((__StackLimit >= __HeapLimit), region RAM overflowed with stack)
OUTPUT(_build/accel_test_xxaa.out elf32-littlearm)

.ARM.attributes
                0x0000000000000000       0x28
 .ARM.attributes
                0x0000000000000000       0x1e /usr/bin/../lib/gcc/arm-none-eabi/4.9.3/armv6-m/crti.o
 .ARM.attributes
                0x000000000000001e       0x2c /usr/bin/../lib/gcc/arm-none-eabi/4.9.3/armv6-m/crtbegin.o
 .ARM.attributes
                0x000000000000004a       0x1b /usr/bin/../lib/gcc/arm-none-eabi/4.9.3/../../../../arm-none-eabi/lib/armv6-m/crt0.o
 .ARM.attributes
                0x0000000000000065       0x31 _build/main.o
 .ARM.attributes
                0x0000000000000096       0x31 _build/nrf_delay.o
 .ARM.attributes
                0x00000000000000c7       0x31 _build/simple_uart.o
 .ARM.attributes
                0x00000000000000f8       0x31 _build/LIS2DH_simple.o
 .ARM.attributes
                0x0000000000000129       0x31 _build/system_nrf51.o
 .ARM.attributes
                0x000000000000015a       0x1b _build/gcc_startup_nrf51.o
 .ARM.attributes
                0x0000000000000175       0x1e /usr/bin/../lib/gcc/arm-none-eabi/4.9.3/armv6-m/libgcc.a(_udivsi3.o)
 .ARM.attributes
                0x0000000000000193       0x1e /usr/bin/../lib/gcc/arm-none-eabi/4.9.3/armv6-m/libgcc.a(_dvmd_tls.o)
 .ARM.attributes
                0x00000000000001b1       0x2c /usr/bin/../lib/gcc/arm-none-eabi/4.9.3/../../../../arm-none-eabi/lib/armv6-m/libc.a(lib_a-exit.o)
 .ARM.attributes
                0x00000000000001dd       0x2c /usr/bin/../lib/gcc/arm-none-eabi/4.9.3/../../../../arm-none-eabi/lib/armv6-m/libc.a(lib_a-impure.o)
 .ARM.attributes
                0x0000000000000209       0x2c /usr/bin/../lib/gcc/arm-none-eabi/4.9.3/../../../../arm-none-eabi/lib/armv6-m/libc.a(lib_a-init.o)
 .ARM.attributes
                0x0000000000000235       0x2c /usr/bin/../lib/gcc/arm-none-eabi/4.9.3/../../../../arm-none-eabi/lib/armv6-m/libc.a(lib_a-memcpy.o)
 .ARM.attributes
                0x0000000000000261       0x2c /usr/bin/../lib/gcc/arm-none-eabi/4.9.3/../../../../arm-none-eabi/lib/armv6-m/libc.a(lib_a-memset.o)
 .ARM.attributes
                0x000000000000028d       0x2c /usr/bin/../lib/gcc/arm-none-eabi/4.9.3/../../../../arm-none-eabi/lib/armv6-m/libc.a(lib_a-__call_atexit.o)
 .ARM.attributes
                0x00000000000002b9       0x2c /usr/bin/../lib/gcc/arm-none-eabi/4.9.3/../../../../arm-none-eabi/lib/armv6-m/libc.a(lib_a-atexit.o)
 .ARM.attributes
                0x00000000000002e5       0x2c /usr/bin/../lib/gcc/arm-none-eabi/4.9.3/../../../../arm-none-eabi/lib/armv6-m/libc.a(lib_a-fini.o)
 .ARM.attributes
                0x0000000000000311       0x2c /usr/bin/../lib/gcc/arm-none-eabi/4.9.3/../../../../arm-none-eabi/lib/armv6-m/libc.a(lib_a-__atexit.o)
 .ARM.attributes
                0x000000000000033d       0x2c /usr/bin/../lib/gcc/arm-none-eabi/4.9.3/armv6-m/crtend.o
 .ARM.attributes
                0x0000000000000369       0x1e /usr/bin/../lib/gcc/arm-none-eabi/4.9.3/armv6-m/crtn.o
 .ARM.attributes
                0x0000000000000387       0x2c /usr/bin/../lib/gcc/arm-none-eabi/4.9.3/../../../../arm-none-eabi/lib/armv6-m/libnosys.a(_exit.o)

.comment        0x0000000000000000       0x70
 .comment       0x0000000000000000       0x70 _build/main.o
                                         0x71 (size before relaxing)
 .comment       0x0000000000000000       0x71 _build/nrf_delay.o
 .comment       0x0000000000000000       0x71 _build/simple_uart.o
 .comment       0x0000000000000000       0x71 _build/LIS2DH_simple.o
 .comment       0x0000000000000000       0x71 _build/system_nrf51.o

.debug_info     0x0000000000000000     0x155d
 .debug_info    0x0000000000000000      0x57b _build/main.o
 .debug_info    0x000000000000057b       0xdd _build/nrf_delay.o
 .debug_info    0x0000000000000658      0x6ab _build/simple_uart.o
 .debug_info    0x0000000000000d03      0x5f9 _build/LIS2DH_simple.o
 .debug_info    0x00000000000012fc      0x1b1 _build/system_nrf51.o
 .debug_info    0x00000000000014ad       0xb0 _build/gcc_startup_nrf51.o

.debug_abbrev   0x0000000000000000      0x677
 .debug_abbrev  0x0000000000000000      0x1ed _build/main.o
 .debug_abbrev  0x00000000000001ed       0x80 _build/nrf_delay.o
 .debug_abbrev  0x000000000000026d      0x190 _build/simple_uart.o
 .debug_abbrev  0x00000000000003fd      0x172 _build/LIS2DH_simple.o
 .debug_abbrev  0x000000000000056f       0xf4 _build/system_nrf51.o
 .debug_abbrev  0x0000000000000663       0x14 _build/gcc_startup_nrf51.o

.debug_aranges  0x0000000000000000       0xc0
 .debug_aranges
                0x0000000000000000       0x20 _build/main.o
 .debug_aranges
                0x0000000000000020       0x20 _build/nrf_delay.o
 .debug_aranges
                0x0000000000000040       0x20 _build/simple_uart.o
 .debug_aranges
                0x0000000000000060       0x20 _build/LIS2DH_simple.o
 .debug_aranges
                0x0000000000000080       0x20 _build/system_nrf51.o
 .debug_aranges
                0x00000000000000a0       0x20 _build/gcc_startup_nrf51.o

.debug_macro    0x0000000000000000     0xa35f
 .debug_macro   0x0000000000000000      0x1dd _build/main.o
 .debug_macro   0x00000000000001dd      0x844 _build/main.o
 .debug_macro   0x0000000000000a21       0x22 _build/main.o
 .debug_macro   0x0000000000000a43       0x22 _build/main.o
 .debug_macro   0x0000000000000a65       0x44 _build/main.o
 .debug_macro   0x0000000000000aa9       0xe3 _build/main.o
 .debug_macro   0x0000000000000b8c       0x22 _build/main.o
 .debug_macro   0x0000000000000bae      0x1df _build/main.o
 .debug_macro   0x0000000000000d8d       0x22 _build/main.o
 .debug_macro   0x0000000000000daf       0x3a _build/main.o
 .debug_macro   0x0000000000000de9       0x1f _build/main.o
 .debug_macro   0x0000000000000e08      0x242 _build/main.o
 .debug_macro   0x000000000000104a      0x1d2 _build/main.o
 .debug_macro   0x000000000000121c     0x746b _build/main.o
 .debug_macro   0x0000000000008687      0x976 _build/main.o
 .debug_macro   0x0000000000008ffd       0x10 _build/main.o
 .debug_macro   0x000000000000900d       0xd0 _build/main.o
 .debug_macro   0x00000000000090dd       0x58 _build/main.o
 .debug_macro   0x0000000000009135       0x35 _build/main.o
 .debug_macro   0x000000000000916a       0x9c _build/main.o
 .debug_macro   0x0000000000009206       0x16 _build/main.o
 .debug_macro   0x000000000000921c      0x10e _build/main.o
 .debug_macro   0x000000000000932a       0x7f _build/main.o
 .debug_macro   0x00000000000093a9       0x52 _build/main.o
 .debug_macro   0x00000000000093fb       0x16 _build/main.o
 .debug_macro   0x0000000000009411       0x43 _build/main.o
 .debug_macro   0x0000000000009454      0x180 _build/main.o
 .debug_macro   0x00000000000095d4      0x29d _build/main.o
 .debug_macro   0x0000000000009871       0x16 _build/main.o
 .debug_macro   0x0000000000009887       0x29 _build/main.o
 .debug_macro   0x00000000000098b0       0xe8 _build/main.o
 .debug_macro   0x0000000000009998      0x1aa _build/nrf_delay.o
 .debug_macro   0x0000000000009b42       0x16 _build/nrf_delay.o
 .debug_macro   0x0000000000009b58       0x4a _build/nrf_delay.o
 .debug_macro   0x0000000000009ba2       0x97 _build/nrf_delay.o
 .debug_macro   0x0000000000009c39       0xef _build/nrf_delay.o
 .debug_macro   0x0000000000009d28       0x10 _build/nrf_delay.o
 .debug_macro   0x0000000000009d38       0x10 _build/nrf_delay.o
 .debug_macro   0x0000000000009d48       0x22 _build/nrf_delay.o
 .debug_macro   0x0000000000009d6a       0xbe _build/nrf_delay.o
 .debug_macro   0x0000000000009e28       0x16 _build/nrf_delay.o
 .debug_macro   0x0000000000009e3e      0x197 _build/nrf_delay.o
 .debug_macro   0x0000000000009fd5       0x1c _build/nrf_delay.o
 .debug_macro   0x0000000000009ff1       0xe8 _build/simple_uart.o
 .debug_macro   0x000000000000a0d9      0x1b6 _build/LIS2DH_simple.o
 .debug_macro   0x000000000000a28f       0xd0 _build/system_nrf51.o

.debug_line     0x0000000000000000     0x10a0
 .debug_line    0x0000000000000000      0x49e _build/main.o
 .debug_line    0x000000000000049e      0x2cc _build/nrf_delay.o
 .debug_line    0x000000000000076a      0x29f _build/simple_uart.o
 .debug_line    0x0000000000000a09      0x3b2 _build/LIS2DH_simple.o
 .debug_line    0x0000000000000dbb      0x250 _build/system_nrf51.o
 .debug_line    0x000000000000100b       0x95 _build/gcc_startup_nrf51.o

.debug_str      0x0000000000000000    0x3258b
 .debug_str     0x0000000000000000    0x3143b _build/main.o
                                      0x3165f (size before relaxing)
 .debug_str     0x000000000003143b      0xc6c _build/nrf_delay.o
                                      0x31bdc (size before relaxing)
 .debug_str     0x00000000000320a7      0x2d4 _build/simple_uart.o
                                      0x2eec6 (size before relaxing)
 .debug_str     0x000000000003237b      0x10b _build/LIS2DH_simple.o
                                      0x316b1 (size before relaxing)
 .debug_str     0x0000000000032486      0x105 _build/system_nrf51.o
                                      0x2ec3d (size before relaxing)

.debug_frame    0x0000000000000000      0x718
 .debug_frame   0x0000000000000000      0x1c4 _build/main.o
 .debug_frame   0x00000000000001c4       0x50 _build/nrf_delay.o
 .debug_frame   0x0000000000000214      0x110 _build/simple_uart.o
 .debug_frame   0x0000000000000324      0x1a4 _build/LIS2DH_simple.o
 .debug_frame   0x00000000000004c8       0x80 _build/system_nrf51.o
 .debug_frame   0x0000000000000548       0x20 /usr/bin/../lib/gcc/arm-none-eabi/4.9.3/armv6-m/libgcc.a(_udivsi3.o)
 .debug_frame   0x0000000000000568       0x28 /usr/bin/../lib/gcc/arm-none-eabi/4.9.3/../../../../arm-none-eabi/lib/armv6-m/libc.a(lib_a-exit.o)
 .debug_frame   0x0000000000000590       0x2c /usr/bin/../lib/gcc/arm-none-eabi/4.9.3/../../../../arm-none-eabi/lib/armv6-m/libc.a(lib_a-init.o)
 .debug_frame   0x00000000000005bc       0x2c /usr/bin/../lib/gcc/arm-none-eabi/4.9.3/../../../../arm-none-eabi/lib/armv6-m/libc.a(lib_a-memcpy.o)
 .debug_frame   0x00000000000005e8       0x2c /usr/bin/../lib/gcc/arm-none-eabi/4.9.3/../../../../arm-none-eabi/lib/armv6-m/libc.a(lib_a-memset.o)
 .debug_frame   0x0000000000000614       0x54 /usr/bin/../lib/gcc/arm-none-eabi/4.9.3/../../../../arm-none-eabi/lib/armv6-m/libc.a(lib_a-__call_atexit.o)
 .debug_frame   0x0000000000000668       0x28 /usr/bin/../lib/gcc/arm-none-eabi/4.9.3/../../../../arm-none-eabi/lib/armv6-m/libc.a(lib_a-atexit.o)
 .debug_frame   0x0000000000000690       0x2c /usr/bin/../lib/gcc/arm-none-eabi/4.9.3/../../../../arm-none-eabi/lib/armv6-m/libc.a(lib_a-fini.o)
 .debug_frame   0x00000000000006bc       0x3c /usr/bin/../lib/gcc/arm-none-eabi/4.9.3/../../../../arm-none-eabi/lib/armv6-m/libc.a(lib_a-__atexit.o)
 .debug_frame   0x00000000000006f8       0x20 /usr/bin/../lib/gcc/arm-none-eabi/4.9.3/../../../../arm-none-eabi/lib/armv6-m/libnosys.a(_exit.o)
