Archive member included to satisfy reference by file (symbol)

/usr/lib/gcc/arm-none-eabi/4.9.3/armv6-m/libgcc.a(_udivsi3.o)
                              _build/main.o (__aeabi_uidiv)
/usr/lib/gcc/arm-none-eabi/4.9.3/armv6-m/libgcc.a(_dvmd_tls.o)
                              /usr/lib/gcc/arm-none-eabi/4.9.3/armv6-m/libgcc.a(_udivsi3.o) (__aeabi_idiv0)
/usr/lib/gcc/arm-none-eabi/4.9.3/../../../arm-none-eabi/lib/armv6-m/libc.a(lib_a-atexit.o)
                              /usr/lib/gcc/arm-none-eabi/4.9.3/../../../arm-none-eabi/lib/armv6-m/crt0.o (atexit)
/usr/lib/gcc/arm-none-eabi/4.9.3/../../../arm-none-eabi/lib/armv6-m/libc.a(lib_a-exit.o)
                              /usr/lib/gcc/arm-none-eabi/4.9.3/../../../arm-none-eabi/lib/armv6-m/crt0.o (exit)
/usr/lib/gcc/arm-none-eabi/4.9.3/../../../arm-none-eabi/lib/armv6-m/libc.a(lib_a-fini.o)
                              /usr/lib/gcc/arm-none-eabi/4.9.3/../../../arm-none-eabi/lib/armv6-m/crt0.o (__libc_fini_array)
/usr/lib/gcc/arm-none-eabi/4.9.3/../../../arm-none-eabi/lib/armv6-m/libc.a(lib_a-impure.o)
                              /usr/lib/gcc/arm-none-eabi/4.9.3/../../../arm-none-eabi/lib/armv6-m/libc.a(lib_a-exit.o) (_global_impure_ptr)
/usr/lib/gcc/arm-none-eabi/4.9.3/../../../arm-none-eabi/lib/armv6-m/libc.a(lib_a-init.o)
                              /usr/lib/gcc/arm-none-eabi/4.9.3/../../../arm-none-eabi/lib/armv6-m/crt0.o (__libc_init_array)
/usr/lib/gcc/arm-none-eabi/4.9.3/../../../arm-none-eabi/lib/armv6-m/libc.a(lib_a-memcpy.o)
                              _build/main.o (memcpy)
/usr/lib/gcc/arm-none-eabi/4.9.3/../../../arm-none-eabi/lib/armv6-m/libc.a(lib_a-memset.o)
                              /usr/lib/gcc/arm-none-eabi/4.9.3/../../../arm-none-eabi/lib/armv6-m/crt0.o (memset)
/usr/lib/gcc/arm-none-eabi/4.9.3/../../../arm-none-eabi/lib/armv6-m/libc.a(lib_a-__atexit.o)
                              /usr/lib/gcc/arm-none-eabi/4.9.3/../../../arm-none-eabi/lib/armv6-m/libc.a(lib_a-atexit.o) (__register_exitproc)
/usr/lib/gcc/arm-none-eabi/4.9.3/../../../arm-none-eabi/lib/armv6-m/libc.a(lib_a-__call_atexit.o)
                              /usr/lib/gcc/arm-none-eabi/4.9.3/../../../arm-none-eabi/lib/armv6-m/libc.a(lib_a-exit.o) (__call_exitprocs)
/usr/lib/gcc/arm-none-eabi/4.9.3/../../../arm-none-eabi/lib/armv6-m/libnosys.a(_exit.o)
                              /usr/lib/gcc/arm-none-eabi/4.9.3/../../../arm-none-eabi/lib/armv6-m/libc.a(lib_a-exit.o) (_exit)

Allocating common symbols
Common symbol       size              file

__stdin             0x68              _build/app_trace.o
accel_reg           0x6               _build/main.o
__stdout            0x68              _build/app_trace.o

Discarded input sections

 .group         0x00000000        0x8 _build/main.o
 .group         0x00000000        0x8 _build/main.o
 .group         0x00000000        0x8 _build/main.o
 .group         0x00000000        0x8 _build/main.o
 .group         0x00000000        0x8 _build/main.o
 .group         0x00000000        0x8 _build/main.o
 .group         0x00000000        0x8 _build/main.o
 .group         0x00000000        0x8 _build/main.o
 .group         0x00000000        0x8 _build/main.o
 .group         0x00000000        0x8 _build/main.o
 .group         0x00000000        0x8 _build/main.o
 .group         0x00000000        0x8 _build/main.o
 .group         0x00000000        0x8 _build/main.o
 .group         0x00000000        0x8 _build/main.o
 .group         0x00000000        0x8 _build/main.o
 .group         0x00000000        0x8 _build/main.o
 .group         0x00000000        0x8 _build/main.o
 .group         0x00000000        0x8 _build/main.o
 .group         0x00000000        0x8 _build/main.o
 .group         0x00000000        0x8 _build/main.o
 .group         0x00000000        0x8 _build/main.o
 .group         0x00000000        0x8 _build/main.o
 .group         0x00000000        0x8 _build/main.o
 .group         0x00000000        0x8 _build/main.o
 .group         0x00000000        0x8 _build/main.o
 .group         0x00000000        0x8 _build/main.o
 .group         0x00000000        0x8 _build/main.o
 .group         0x00000000        0x8 _build/main.o
 .group         0x00000000        0x8 _build/main.o
 .group         0x00000000        0x8 _build/main.o
 .group         0x00000000        0x8 _build/main.o
 .group         0x00000000        0x8 _build/main.o
 .group         0x00000000        0x8 _build/main.o
 .group         0x00000000        0x8 _build/main.o
 .group         0x00000000        0x8 _build/main.o
 .group         0x00000000        0x8 _build/main.o
 .group         0x00000000        0x8 _build/main.o
 .group         0x00000000        0x8 _build/main.o
 .group         0x00000000        0x8 _build/main.o
 .group         0x00000000        0x8 _build/main.o
 .group         0x00000000        0x8 _build/main.o
 .group         0x00000000        0x8 _build/main.o
 .group         0x00000000        0x8 _build/main.o
 .group         0x00000000        0x8 _build/main.o
 .group         0x00000000        0x8 _build/main.o
 .group         0x00000000        0x8 _build/main.o
 .group         0x00000000        0x8 _build/nrf_soc.o
 .group         0x00000000        0x8 _build/nrf_soc.o
 .group         0x00000000        0x8 _build/nrf_soc.o
 .group         0x00000000        0x8 _build/nrf_soc.o
 .group         0x00000000        0x8 _build/nrf_soc.o
 .group         0x00000000        0x8 _build/nrf_soc.o
 .group         0x00000000        0x8 _build/nrf_soc.o
 .group         0x00000000        0x8 _build/nrf_soc.o
 .group         0x00000000        0x8 _build/nrf_soc.o
 .group         0x00000000        0x8 _build/nrf_soc.o
 .group         0x00000000        0x8 _build/nrf_soc.o
 .group         0x00000000        0x8 _build/nrf_soc.o
 .group         0x00000000        0x8 _build/nrf_soc.o
 .group         0x00000000        0x8 _build/nrf_soc.o
 .group         0x00000000        0x8 _build/nrf_soc.o
 .group         0x00000000        0x8 _build/nrf_soc.o
 .group         0x00000000        0x8 _build/nrf_soc.o
 .group         0x00000000        0x8 _build/nrf_soc.o
 .group         0x00000000        0x8 _build/nrf_soc.o
 .group         0x00000000        0x8 _build/nrf_soc.o
 .group         0x00000000        0x8 _build/nrf_soc.o
 .group         0x00000000        0x8 _build/nrf_soc.o
 .group         0x00000000        0x8 _build/nrf_soc.o
 .debug_macro   0x00000000      0x844 _build/nrf_soc.o
 .debug_macro   0x00000000       0x58 _build/nrf_soc.o
 .debug_macro   0x00000000       0x22 _build/nrf_soc.o
 .debug_macro   0x00000000       0x35 _build/nrf_soc.o
 .debug_macro   0x00000000       0x9c _build/nrf_soc.o
 .debug_macro   0x00000000       0x16 _build/nrf_soc.o
 .debug_macro   0x00000000       0x52 _build/nrf_soc.o
 .debug_macro   0x00000000       0x16 _build/nrf_soc.o
 .debug_macro   0x00000000       0x43 _build/nrf_soc.o
 .debug_macro   0x00000000      0x180 _build/nrf_soc.o
 .debug_macro   0x00000000       0x16 _build/nrf_soc.o
 .debug_macro   0x00000000       0x29 _build/nrf_soc.o
 .debug_macro   0x00000000       0x1c _build/nrf_soc.o
 .debug_macro   0x00000000      0x1f7 _build/nrf_soc.o
 .debug_macro   0x00000000       0x22 _build/nrf_soc.o
 .debug_macro   0x00000000       0x3a _build/nrf_soc.o
 .debug_macro   0x00000000       0x1f _build/nrf_soc.o
 .debug_macro   0x00000000      0x242 _build/nrf_soc.o
 .debug_macro   0x00000000      0x1d2 _build/nrf_soc.o
 .debug_macro   0x00000000       0x8e _build/nrf_soc.o
 .group         0x00000000        0x8 _build/nrf_delay.o
 .group         0x00000000        0x8 _build/nrf_delay.o
 .group         0x00000000        0x8 _build/nrf_delay.o
 .group         0x00000000        0x8 _build/nrf_delay.o
 .group         0x00000000        0x8 _build/nrf_delay.o
 .group         0x00000000        0x8 _build/nrf_delay.o
 .group         0x00000000        0x8 _build/nrf_delay.o
 .group         0x00000000        0x8 _build/nrf_delay.o
 .group         0x00000000        0x8 _build/nrf_delay.o
 .group         0x00000000        0x8 _build/nrf_delay.o
 .group         0x00000000        0x8 _build/nrf_delay.o
 .group         0x00000000        0x8 _build/nrf_delay.o
 .group         0x00000000        0x8 _build/nrf_delay.o
 .group         0x00000000        0x8 _build/nrf_delay.o
 .group         0x00000000        0x8 _build/nrf_delay.o
 .group         0x00000000        0x8 _build/nrf_delay.o
 .group         0x00000000        0x8 _build/nrf_delay.o
 .group         0x00000000        0x8 _build/nrf_delay.o
 .group         0x00000000        0x8 _build/nrf_delay.o
 .group         0x00000000        0x8 _build/nrf_delay.o
 .group         0x00000000        0x8 _build/nrf_delay.o
 .group         0x00000000        0x8 _build/nrf_delay.o
 .group         0x00000000        0x8 _build/nrf_delay.o
 .group         0x00000000        0x8 _build/nrf_delay.o
 .group         0x00000000        0x8 _build/nrf_delay.o
 .group         0x00000000        0x8 _build/nrf_delay.o
 .group         0x00000000        0x8 _build/nrf_delay.o
 .group         0x00000000        0x8 _build/nrf_delay.o
 .group         0x00000000        0x8 _build/nrf_delay.o
 .group         0x00000000        0x8 _build/nrf_delay.o
 .debug_macro   0x00000000      0x844 _build/nrf_delay.o
 .debug_macro   0x00000000       0x58 _build/nrf_delay.o
 .debug_macro   0x00000000       0x22 _build/nrf_delay.o
 .debug_macro   0x00000000       0x35 _build/nrf_delay.o
 .debug_macro   0x00000000       0x9c _build/nrf_delay.o
 .debug_macro   0x00000000       0x16 _build/nrf_delay.o
 .debug_macro   0x00000000       0x4a _build/nrf_delay.o
 .debug_macro   0x00000000       0x97 _build/nrf_delay.o
 .debug_macro   0x00000000      0x29d _build/nrf_delay.o
 .debug_macro   0x00000000       0xef _build/nrf_delay.o
 .debug_macro   0x00000000       0x10 _build/nrf_delay.o
 .debug_macro   0x00000000       0x52 _build/nrf_delay.o
 .debug_macro   0x00000000       0x16 _build/nrf_delay.o
 .debug_macro   0x00000000       0x43 _build/nrf_delay.o
 .debug_macro   0x00000000      0x180 _build/nrf_delay.o
 .debug_macro   0x00000000       0x10 _build/nrf_delay.o
 .debug_macro   0x00000000       0x22 _build/nrf_delay.o
 .debug_macro   0x00000000       0xbd _build/nrf_delay.o
 .debug_macro   0x00000000       0x16 _build/nrf_delay.o
 .debug_macro   0x00000000      0x16d _build/nrf_delay.o
 .debug_macro   0x00000000       0x1c _build/nrf_delay.o
 .debug_macro   0x00000000       0x22 _build/nrf_delay.o
 .debug_macro   0x00000000       0x3a _build/nrf_delay.o
 .debug_macro   0x00000000       0x1c _build/nrf_delay.o
 .debug_macro   0x00000000      0x1f7 _build/nrf_delay.o
 .debug_macro   0x00000000       0x1f _build/nrf_delay.o
 .debug_macro   0x00000000      0x242 _build/nrf_delay.o
 .debug_macro   0x00000000      0x1d2 _build/nrf_delay.o
 .debug_macro   0x00000000     0x746b _build/nrf_delay.o
 .debug_macro   0x00000000      0x976 _build/nrf_delay.o
 .group         0x00000000        0x8 _build/simple_uart.o
 .group         0x00000000        0x8 _build/simple_uart.o
 .group         0x00000000        0x8 _build/simple_uart.o
 .group         0x00000000        0x8 _build/simple_uart.o
 .group         0x00000000        0x8 _build/simple_uart.o
 .group         0x00000000        0x8 _build/simple_uart.o
 .group         0x00000000        0x8 _build/simple_uart.o
 .group         0x00000000        0x8 _build/simple_uart.o
 .group         0x00000000        0x8 _build/simple_uart.o
 .group         0x00000000        0x8 _build/simple_uart.o
 .group         0x00000000        0x8 _build/simple_uart.o
 .group         0x00000000        0x8 _build/simple_uart.o
 .group         0x00000000        0x8 _build/simple_uart.o
 .group         0x00000000        0x8 _build/simple_uart.o
 .debug_macro   0x00000000      0x844 _build/simple_uart.o
 .debug_macro   0x00000000       0x22 _build/simple_uart.o
 .debug_macro   0x00000000       0x44 _build/simple_uart.o
 .debug_macro   0x00000000       0x1c _build/simple_uart.o
 .debug_macro   0x00000000      0x1f7 _build/simple_uart.o
 .debug_macro   0x00000000       0x22 _build/simple_uart.o
 .debug_macro   0x00000000       0x3a _build/simple_uart.o
 .debug_macro   0x00000000       0x1f _build/simple_uart.o
 .debug_macro   0x00000000      0x242 _build/simple_uart.o
 .debug_macro   0x00000000      0x1d2 _build/simple_uart.o
 .debug_macro   0x00000000     0x746b _build/simple_uart.o
 .debug_macro   0x00000000      0x976 _build/simple_uart.o
 .debug_macro   0x00000000       0x22 _build/simple_uart.o
 .group         0x00000000        0x8 _build/spi_master.o
 .group         0x00000000        0x8 _build/spi_master.o
 .group         0x00000000        0x8 _build/spi_master.o
 .group         0x00000000        0x8 _build/spi_master.o
 .group         0x00000000        0x8 _build/spi_master.o
 .group         0x00000000        0x8 _build/spi_master.o
 .group         0x00000000        0x8 _build/spi_master.o
 .group         0x00000000        0x8 _build/spi_master.o
 .group         0x00000000        0x8 _build/spi_master.o
 .group         0x00000000        0x8 _build/spi_master.o
 .group         0x00000000        0x8 _build/spi_master.o
 .group         0x00000000        0x8 _build/spi_master.o
 .group         0x00000000        0x8 _build/spi_master.o
 .group         0x00000000        0x8 _build/spi_master.o
 .group         0x00000000        0x8 _build/spi_master.o
 .group         0x00000000        0x8 _build/spi_master.o
 .group         0x00000000        0x8 _build/spi_master.o
 .group         0x00000000        0x8 _build/spi_master.o
 .group         0x00000000        0x8 _build/spi_master.o
 .group         0x00000000        0x8 _build/spi_master.o
 .group         0x00000000        0x8 _build/spi_master.o
 .group         0x00000000        0x8 _build/spi_master.o
 .group         0x00000000        0x8 _build/spi_master.o
 .group         0x00000000        0x8 _build/spi_master.o
 .group         0x00000000        0x8 _build/spi_master.o
 .group         0x00000000        0x8 _build/spi_master.o
 .group         0x00000000        0x8 _build/spi_master.o
 .debug_macro   0x00000000      0x844 _build/spi_master.o
 .debug_macro   0x00000000       0x22 _build/spi_master.o
 .debug_macro   0x00000000       0x44 _build/spi_master.o
 .debug_macro   0x00000000       0x1c _build/spi_master.o
 .debug_macro   0x00000000      0x1f7 _build/spi_master.o
 .debug_macro   0x00000000       0x22 _build/spi_master.o
 .debug_macro   0x00000000       0x8e _build/spi_master.o
 .debug_macro   0x00000000       0x16 _build/spi_master.o
 .debug_macro   0x00000000       0x22 _build/spi_master.o
 .debug_macro   0x00000000       0x3a _build/spi_master.o
 .debug_macro   0x00000000       0x1f _build/spi_master.o
 .debug_macro   0x00000000      0x242 _build/spi_master.o
 .debug_macro   0x00000000      0x1d2 _build/spi_master.o
 .debug_macro   0x00000000     0x746b _build/spi_master.o
 .debug_macro   0x00000000       0x58 _build/spi_master.o
 .debug_macro   0x00000000       0x35 _build/spi_master.o
 .debug_macro   0x00000000       0x9c _build/spi_master.o
 .debug_macro   0x00000000       0x16 _build/spi_master.o
 .debug_macro   0x00000000      0x10e _build/spi_master.o
 .debug_macro   0x00000000       0x7f _build/spi_master.o
 .debug_macro   0x00000000       0x52 _build/spi_master.o
 .debug_macro   0x00000000       0x16 _build/spi_master.o
 .debug_macro   0x00000000       0x43 _build/spi_master.o
 .debug_macro   0x00000000      0x180 _build/spi_master.o
 .debug_macro   0x00000000       0x16 _build/spi_master.o
 .debug_macro   0x00000000       0x29 _build/spi_master.o
 .group         0x00000000        0x8 _build/app_timer.o
 .group         0x00000000        0x8 _build/app_timer.o
 .group         0x00000000        0x8 _build/app_timer.o
 .group         0x00000000        0x8 _build/app_timer.o
 .group         0x00000000        0x8 _build/app_timer.o
 .group         0x00000000        0x8 _build/app_timer.o
 .group         0x00000000        0x8 _build/app_timer.o
 .group         0x00000000        0x8 _build/app_timer.o
 .group         0x00000000        0x8 _build/app_timer.o
 .group         0x00000000        0x8 _build/app_timer.o
 .group         0x00000000        0x8 _build/app_timer.o
 .group         0x00000000        0x8 _build/app_timer.o
 .group         0x00000000        0x8 _build/app_timer.o
 .group         0x00000000        0x8 _build/app_timer.o
 .group         0x00000000        0x8 _build/app_timer.o
 .group         0x00000000        0x8 _build/app_timer.o
 .group         0x00000000        0x8 _build/app_timer.o
 .group         0x00000000        0x8 _build/app_timer.o
 .group         0x00000000        0x8 _build/app_timer.o
 .group         0x00000000        0x8 _build/app_timer.o
 .group         0x00000000        0x8 _build/app_timer.o
 .group         0x00000000        0x8 _build/app_timer.o
 .group         0x00000000        0x8 _build/app_timer.o
 .group         0x00000000        0x8 _build/app_timer.o
 .group         0x00000000        0x8 _build/app_timer.o
 .group         0x00000000        0x8 _build/app_timer.o
 .group         0x00000000        0x8 _build/app_timer.o
 .group         0x00000000        0x8 _build/app_timer.o
 .group         0x00000000        0x8 _build/app_timer.o
 .group         0x00000000        0x8 _build/app_timer.o
 .group         0x00000000        0x8 _build/app_timer.o
 .group         0x00000000        0x8 _build/app_timer.o
 .group         0x00000000        0x8 _build/app_timer.o
 .group         0x00000000        0x8 _build/app_timer.o
 .group         0x00000000        0x8 _build/app_timer.o
 .group         0x00000000        0x8 _build/app_timer.o
 .group         0x00000000        0x8 _build/app_timer.o
 .group         0x00000000        0x8 _build/app_timer.o
 .group         0x00000000        0x8 _build/app_timer.o
 .group         0x00000000        0x8 _build/app_timer.o
 .group         0x00000000        0x8 _build/app_timer.o
 .debug_macro   0x00000000      0x844 _build/app_timer.o
 .debug_macro   0x00000000       0x22 _build/app_timer.o
 .debug_macro   0x00000000       0x44 _build/app_timer.o
 .debug_macro   0x00000000       0x1c _build/app_timer.o
 .debug_macro   0x00000000      0x1f7 _build/app_timer.o
 .debug_macro   0x00000000       0x22 _build/app_timer.o
 .debug_macro   0x00000000       0x58 _build/app_timer.o
 .debug_macro   0x00000000       0x35 _build/app_timer.o
 .debug_macro   0x00000000       0x9c _build/app_timer.o
 .debug_macro   0x00000000       0x16 _build/app_timer.o
 .debug_macro   0x00000000       0x97 _build/app_timer.o
 .debug_macro   0x00000000      0x29d _build/app_timer.o
 .debug_macro   0x00000000       0xef _build/app_timer.o
 .debug_macro   0x00000000       0x10 _build/app_timer.o
 .debug_macro   0x00000000       0x52 _build/app_timer.o
 .debug_macro   0x00000000       0x16 _build/app_timer.o
 .debug_macro   0x00000000       0x43 _build/app_timer.o
 .debug_macro   0x00000000      0x180 _build/app_timer.o
 .debug_macro   0x00000000       0x10 _build/app_timer.o
 .debug_macro   0x00000000       0x22 _build/app_timer.o
 .debug_macro   0x00000000       0xbd _build/app_timer.o
 .debug_macro   0x00000000       0x16 _build/app_timer.o
 .debug_macro   0x00000000      0x16d _build/app_timer.o
 .debug_macro   0x00000000       0x8e _build/app_timer.o
 .debug_macro   0x00000000       0x16 _build/app_timer.o
 .debug_macro   0x00000000       0x1c _build/app_timer.o
 .debug_macro   0x00000000       0x41 _build/app_timer.o
 .debug_macro   0x00000000       0x16 _build/app_timer.o
 .debug_macro   0x00000000       0x35 _build/app_timer.o
 .debug_macro   0x00000000       0x16 _build/app_timer.o
 .debug_macro   0x00000000       0x29 _build/app_timer.o
 .debug_macro   0x00000000       0x22 _build/app_timer.o
 .debug_macro   0x00000000       0x3a _build/app_timer.o
 .debug_macro   0x00000000       0x1f _build/app_timer.o
 .debug_macro   0x00000000      0x242 _build/app_timer.o
 .debug_macro   0x00000000      0x1d2 _build/app_timer.o
 .debug_macro   0x00000000     0x746b _build/app_timer.o
 .debug_macro   0x00000000      0x976 _build/app_timer.o
 .group         0x00000000        0x8 _build/app_scheduler.o
 .group         0x00000000        0x8 _build/app_scheduler.o
 .group         0x00000000        0x8 _build/app_scheduler.o
 .group         0x00000000        0x8 _build/app_scheduler.o
 .group         0x00000000        0x8 _build/app_scheduler.o
 .group         0x00000000        0x8 _build/app_scheduler.o
 .group         0x00000000        0x8 _build/app_scheduler.o
 .group         0x00000000        0x8 _build/app_scheduler.o
 .group         0x00000000        0x8 _build/app_scheduler.o
 .group         0x00000000        0x8 _build/app_scheduler.o
 .group         0x00000000        0x8 _build/app_scheduler.o
 .group         0x00000000        0x8 _build/app_scheduler.o
 .group         0x00000000        0x8 _build/app_scheduler.o
 .group         0x00000000        0x8 _build/app_scheduler.o
 .group         0x00000000        0x8 _build/app_scheduler.o
 .group         0x00000000        0x8 _build/app_scheduler.o
 .group         0x00000000        0x8 _build/app_scheduler.o
 .group         0x00000000        0x8 _build/app_scheduler.o
 .group         0x00000000        0x8 _build/app_scheduler.o
 .group         0x00000000        0x8 _build/app_scheduler.o
 .group         0x00000000        0x8 _build/app_scheduler.o
 .group         0x00000000        0x8 _build/app_scheduler.o
 .group         0x00000000        0x8 _build/app_scheduler.o
 .group         0x00000000        0x8 _build/app_scheduler.o
 .group         0x00000000        0x8 _build/app_scheduler.o
 .group         0x00000000        0x8 _build/app_scheduler.o
 .group         0x00000000        0x8 _build/app_scheduler.o
 .group         0x00000000        0x8 _build/app_scheduler.o
 .group         0x00000000        0x8 _build/app_scheduler.o
 .group         0x00000000        0x8 _build/app_scheduler.o
 .group         0x00000000        0x8 _build/app_scheduler.o
 .group         0x00000000        0x8 _build/app_scheduler.o
 .group         0x00000000        0x8 _build/app_scheduler.o
 .debug_macro   0x00000000      0x844 _build/app_scheduler.o
 .debug_macro   0x00000000       0x22 _build/app_scheduler.o
 .debug_macro   0x00000000       0x44 _build/app_scheduler.o
 .debug_macro   0x00000000       0x1c _build/app_scheduler.o
 .debug_macro   0x00000000      0x1f7 _build/app_scheduler.o
 .debug_macro   0x00000000       0x22 _build/app_scheduler.o
 .debug_macro   0x00000000       0x8e _build/app_scheduler.o
 .debug_macro   0x00000000       0x16 _build/app_scheduler.o
 .debug_macro   0x00000000       0x16 _build/app_scheduler.o
 .debug_macro   0x00000000       0x58 _build/app_scheduler.o
 .debug_macro   0x00000000       0x35 _build/app_scheduler.o
 .debug_macro   0x00000000       0x9c _build/app_scheduler.o
 .debug_macro   0x00000000       0x16 _build/app_scheduler.o
 .debug_macro   0x00000000      0x10e _build/app_scheduler.o
 .debug_macro   0x00000000       0x7f _build/app_scheduler.o
 .debug_macro   0x00000000       0x52 _build/app_scheduler.o
 .debug_macro   0x00000000       0x16 _build/app_scheduler.o
 .debug_macro   0x00000000       0x43 _build/app_scheduler.o
 .debug_macro   0x00000000      0x180 _build/app_scheduler.o
 .debug_macro   0x00000000       0x16 _build/app_scheduler.o
 .debug_macro   0x00000000       0x29 _build/app_scheduler.o
 .debug_macro   0x00000000      0x29d _build/app_scheduler.o
 .debug_macro   0x00000000       0x35 _build/app_scheduler.o
 .debug_macro   0x00000000       0x22 _build/app_scheduler.o
 .debug_macro   0x00000000       0x3a _build/app_scheduler.o
 .debug_macro   0x00000000       0x1f _build/app_scheduler.o
 .debug_macro   0x00000000      0x242 _build/app_scheduler.o
 .debug_macro   0x00000000      0x1d2 _build/app_scheduler.o
 .debug_macro   0x00000000       0x10 _build/app_scheduler.o
 .debug_macro   0x00000000       0x22 _build/app_scheduler.o
 .group         0x00000000        0x8 _build/LIS2DH_app.o
 .group         0x00000000        0x8 _build/LIS2DH_app.o
 .group         0x00000000        0x8 _build/LIS2DH_app.o
 .group         0x00000000        0x8 _build/LIS2DH_app.o
 .group         0x00000000        0x8 _build/LIS2DH_app.o
 .group         0x00000000        0x8 _build/LIS2DH_app.o
 .group         0x00000000        0x8 _build/LIS2DH_app.o
 .group         0x00000000        0x8 _build/LIS2DH_app.o
 .group         0x00000000        0x8 _build/LIS2DH_app.o
 .group         0x00000000        0x8 _build/LIS2DH_app.o
 .group         0x00000000        0x8 _build/LIS2DH_app.o
 .group         0x00000000        0x8 _build/LIS2DH_app.o
 .group         0x00000000        0x8 _build/LIS2DH_app.o
 .group         0x00000000        0x8 _build/LIS2DH_app.o
 .group         0x00000000        0x8 _build/LIS2DH_app.o
 .group         0x00000000        0x8 _build/LIS2DH_app.o
 .group         0x00000000        0x8 _build/LIS2DH_app.o
 .group         0x00000000        0x8 _build/LIS2DH_app.o
 .group         0x00000000        0x8 _build/LIS2DH_app.o
 .group         0x00000000        0x8 _build/LIS2DH_app.o
 .group         0x00000000        0x8 _build/LIS2DH_app.o
 .group         0x00000000        0x8 _build/LIS2DH_app.o
 .group         0x00000000        0x8 _build/LIS2DH_app.o
 .group         0x00000000        0x8 _build/LIS2DH_app.o
 .group         0x00000000        0x8 _build/LIS2DH_app.o
 .group         0x00000000        0x8 _build/LIS2DH_app.o
 .group         0x00000000        0x8 _build/LIS2DH_app.o
 .group         0x00000000        0x8 _build/LIS2DH_app.o
 .debug_macro   0x00000000      0x844 _build/LIS2DH_app.o
 .debug_macro   0x00000000       0x22 _build/LIS2DH_app.o
 .debug_macro   0x00000000       0x3a _build/LIS2DH_app.o
 .debug_macro   0x00000000       0x22 _build/LIS2DH_app.o
 .debug_macro   0x00000000       0x44 _build/LIS2DH_app.o
 .debug_macro   0x00000000       0x1c _build/LIS2DH_app.o
 .debug_macro   0x00000000      0x1f7 _build/LIS2DH_app.o
 .debug_macro   0x00000000       0x1f _build/LIS2DH_app.o
 .debug_macro   0x00000000      0x242 _build/LIS2DH_app.o
 .debug_macro   0x00000000      0x1d2 _build/LIS2DH_app.o
 .debug_macro   0x00000000     0x746b _build/LIS2DH_app.o
 .debug_macro   0x00000000       0xd0 _build/LIS2DH_app.o
 .debug_macro   0x00000000       0x58 _build/LIS2DH_app.o
 .debug_macro   0x00000000       0x35 _build/LIS2DH_app.o
 .debug_macro   0x00000000       0x9c _build/LIS2DH_app.o
 .debug_macro   0x00000000       0x16 _build/LIS2DH_app.o
 .debug_macro   0x00000000      0x10e _build/LIS2DH_app.o
 .debug_macro   0x00000000       0x7f _build/LIS2DH_app.o
 .debug_macro   0x00000000       0x52 _build/LIS2DH_app.o
 .debug_macro   0x00000000       0x16 _build/LIS2DH_app.o
 .debug_macro   0x00000000       0x43 _build/LIS2DH_app.o
 .debug_macro   0x00000000      0x180 _build/LIS2DH_app.o
 .debug_macro   0x00000000       0x16 _build/LIS2DH_app.o
 .debug_macro   0x00000000       0x29 _build/LIS2DH_app.o
 .debug_macro   0x00000000       0xe8 _build/LIS2DH_app.o
 .debug_macro   0x00000000      0x976 _build/LIS2DH_app.o
 .debug_macro   0x00000000       0x10 _build/LIS2DH_app.o
 .group         0x00000000        0x8 _build/app_trace.o
 .group         0x00000000        0x8 _build/app_trace.o
 .group         0x00000000        0x8 _build/app_trace.o
 .group         0x00000000        0x8 _build/app_trace.o
 .group         0x00000000        0x8 _build/app_trace.o
 .group         0x00000000        0x8 _build/app_trace.o
 .group         0x00000000        0x8 _build/app_trace.o
 .group         0x00000000        0x8 _build/app_trace.o
 .group         0x00000000        0x8 _build/app_trace.o
 .group         0x00000000        0x8 _build/app_trace.o
 .group         0x00000000        0x8 _build/app_trace.o
 .group         0x00000000        0x8 _build/app_trace.o
 .group         0x00000000        0x8 _build/app_trace.o
 .group         0x00000000        0x8 _build/app_trace.o
 .group         0x00000000        0x8 _build/app_trace.o
 .group         0x00000000        0x8 _build/app_trace.o
 .group         0x00000000        0x8 _build/app_trace.o
 .group         0x00000000        0x8 _build/app_trace.o
 .group         0x00000000        0x8 _build/app_trace.o
 .group         0x00000000        0x8 _build/app_trace.o
 .group         0x00000000        0x8 _build/app_trace.o
 .group         0x00000000        0x8 _build/app_trace.o
 .group         0x00000000        0x8 _build/app_trace.o
 .group         0x00000000        0x8 _build/app_trace.o
 .group         0x00000000        0x8 _build/app_trace.o
 .group         0x00000000        0x8 _build/app_trace.o
 .group         0x00000000        0x8 _build/app_trace.o
 .group         0x00000000        0x8 _build/app_trace.o
 .group         0x00000000        0x8 _build/app_trace.o
 .group         0x00000000        0x8 _build/app_trace.o
 .group         0x00000000        0x8 _build/app_trace.o
 .group         0x00000000        0x8 _build/app_trace.o
 .group         0x00000000        0x8 _build/app_trace.o
 .group         0x00000000        0x8 _build/app_trace.o
 .group         0x00000000        0x8 _build/app_trace.o
 .group         0x00000000        0x8 _build/app_trace.o
 .group         0x00000000        0x8 _build/app_trace.o
 .group         0x00000000        0x8 _build/app_trace.o
 .group         0x00000000        0x8 _build/app_trace.o
 .group         0x00000000        0x8 _build/app_trace.o
 .group         0x00000000        0x8 _build/app_trace.o
 .group         0x00000000        0x8 _build/app_trace.o
 .group         0x00000000        0x8 _build/app_trace.o
 .debug_macro   0x00000000      0x844 _build/app_trace.o
 .debug_macro   0x00000000       0x58 _build/app_trace.o
 .debug_macro   0x00000000       0x22 _build/app_trace.o
 .debug_macro   0x00000000       0x35 _build/app_trace.o
 .debug_macro   0x00000000       0x9c _build/app_trace.o
 .debug_macro   0x00000000       0x16 _build/app_trace.o
 .debug_macro   0x00000000       0x4a _build/app_trace.o
 .debug_macro   0x00000000       0x97 _build/app_trace.o
 .debug_macro   0x00000000      0x29d _build/app_trace.o
 .debug_macro   0x00000000       0xef _build/app_trace.o
 .debug_macro   0x00000000       0x10 _build/app_trace.o
 .debug_macro   0x00000000       0x52 _build/app_trace.o
 .debug_macro   0x00000000       0x16 _build/app_trace.o
 .debug_macro   0x00000000       0x43 _build/app_trace.o
 .debug_macro   0x00000000      0x180 _build/app_trace.o
 .debug_macro   0x00000000       0x10 _build/app_trace.o
 .debug_macro   0x00000000       0x22 _build/app_trace.o
 .debug_macro   0x00000000       0xbd _build/app_trace.o
 .debug_macro   0x00000000       0x16 _build/app_trace.o
 .debug_macro   0x00000000      0x16d _build/app_trace.o
 .debug_macro   0x00000000       0x1c _build/app_trace.o
 .debug_macro   0x00000000      0x1f7 _build/app_trace.o
 .debug_macro   0x00000000       0x35 _build/app_trace.o
 .debug_macro   0x00000000       0x22 _build/app_trace.o
 .debug_macro   0x00000000       0x1c _build/app_trace.o
 .debug_macro   0x00000000       0x22 _build/app_trace.o
 .debug_macro   0x00000000       0x3a _build/app_trace.o
 .debug_macro   0x00000000       0x1f _build/app_trace.o
 .debug_macro   0x00000000      0x242 _build/app_trace.o
 .debug_macro   0x00000000      0x1d2 _build/app_trace.o
 .debug_macro   0x00000000       0x8e _build/app_trace.o
 .debug_macro   0x00000000       0x16 _build/app_trace.o
 .debug_macro   0x00000000       0x16 _build/app_trace.o
 .debug_macro   0x00000000     0x746b _build/app_trace.o
 .debug_macro   0x00000000      0x976 _build/app_trace.o
 .debug_macro   0x00000000       0x28 _build/app_trace.o
 .debug_macro   0x00000000       0xf4 _build/app_trace.o
 .debug_macro   0x00000000       0x1c _build/app_trace.o
 .group         0x00000000        0x8 _build/system_nrf51.o
 .group         0x00000000        0x8 _build/system_nrf51.o
 .group         0x00000000        0x8 _build/system_nrf51.o
 .group         0x00000000        0x8 _build/system_nrf51.o
 .group         0x00000000        0x8 _build/system_nrf51.o
 .group         0x00000000        0x8 _build/system_nrf51.o
 .group         0x00000000        0x8 _build/system_nrf51.o
 .group         0x00000000        0x8 _build/system_nrf51.o
 .group         0x00000000        0x8 _build/system_nrf51.o
 .group         0x00000000        0x8 _build/system_nrf51.o
 .group         0x00000000        0x8 _build/system_nrf51.o
 .group         0x00000000        0x8 _build/system_nrf51.o
 .group         0x00000000        0x8 _build/system_nrf51.o
 .group         0x00000000        0x8 _build/system_nrf51.o
 .debug_macro   0x00000000      0x844 _build/system_nrf51.o
 .debug_macro   0x00000000       0x22 _build/system_nrf51.o
 .debug_macro   0x00000000       0x44 _build/system_nrf51.o
 .debug_macro   0x00000000       0x1c _build/system_nrf51.o
 .debug_macro   0x00000000      0x1f7 _build/system_nrf51.o
 .debug_macro   0x00000000       0x22 _build/system_nrf51.o
 .debug_macro   0x00000000       0x22 _build/system_nrf51.o
 .debug_macro   0x00000000       0x3a _build/system_nrf51.o
 .debug_macro   0x00000000       0x1f _build/system_nrf51.o
 .debug_macro   0x00000000      0x242 _build/system_nrf51.o
 .debug_macro   0x00000000      0x1d2 _build/system_nrf51.o
 .debug_macro   0x00000000     0x746b _build/system_nrf51.o
 .debug_macro   0x00000000      0x976 _build/system_nrf51.o
 .debug_macro   0x00000000       0x10 _build/system_nrf51.o

Memory Configuration

Name             Origin             Length             Attributes
FLASH            0x00000000         0x00040000         xr
RAM              0x20000000         0x00004000         xrw
*default*        0x00000000         0xffffffff

Linker script and memory map

LOAD /usr/lib/gcc/arm-none-eabi/4.9.3/armv6-m/crti.o
LOAD /usr/lib/gcc/arm-none-eabi/4.9.3/armv6-m/crtbegin.o
LOAD /usr/lib/gcc/arm-none-eabi/4.9.3/../../../arm-none-eabi/lib/armv6-m/crt0.o
LOAD _build/main.o
LOAD _build/nrf_soc.o
LOAD _build/nrf_delay.o
LOAD _build/simple_uart.o
LOAD _build/spi_master.o
LOAD _build/app_timer.o
LOAD _build/app_scheduler.o
LOAD _build/LIS2DH_app.o
LOAD _build/app_trace.o
LOAD _build/system_nrf51.o
LOAD _build/gcc_startup_nrf51.o
START GROUP
LOAD /usr/lib/gcc/arm-none-eabi/4.9.3/armv6-m/libgcc.a
LOAD /usr/lib/gcc/arm-none-eabi/4.9.3/../../../arm-none-eabi/lib/armv6-m/libc.a
END GROUP
LOAD /usr/lib/gcc/arm-none-eabi/4.9.3/armv6-m/crtend.o
LOAD /usr/lib/gcc/arm-none-eabi/4.9.3/armv6-m/crtn.o
START GROUP
LOAD /usr/lib/gcc/arm-none-eabi/4.9.3/armv6-m/libgcc.a
LOAD /usr/lib/gcc/arm-none-eabi/4.9.3/../../../arm-none-eabi/lib/armv6-m/libc.a
LOAD /usr/lib/gcc/arm-none-eabi/4.9.3/../../../arm-none-eabi/lib/armv6-m/libnosys.a
END GROUP

.text           0x00000000     0x43f4
 *(.Vectors)
 .Vectors       0x00000000       0xc0 _build/gcc_startup_nrf51.o
                0x00000000                __Vectors
 *(.text*)
 .text          0x000000c0        0x0 /usr/lib/gcc/arm-none-eabi/4.9.3/armv6-m/crti.o
 .text          0x000000c0       0xb4 /usr/lib/gcc/arm-none-eabi/4.9.3/armv6-m/crtbegin.o
 .text          0x00000174       0x6c /usr/lib/gcc/arm-none-eabi/4.9.3/../../../arm-none-eabi/lib/armv6-m/crt0.o
                0x00000174                _mainCRTStartup
                0x00000174                _start
 .text          0x000001e0      0xfe8 _build/main.o
                0x000002b0                LED_INIT
                0x000002c8                LEDS_ON
                0x000002e4                LEDS_OFF
                0x000002fc                LED_LPM
                0x00000318                LED_BAR
                0x00000404                BUT_INIT
                0x00000414                app_error_handler
                0x000004b8                uart_put_dec32bit
                0x000009d0                uart_put_decbyte
                0x00000aa4                uart_put_decaccel
                0x00000cac                combine
                0x00000ce4                dot
                0x00000d30                lowest_led
                0x00001008                main
 .text          0x000011c8      0x408 _build/nrf_soc.o
                0x00001428                sd_nvic_EnableIRQ
                0x0000144c                sd_nvic_DisableIRQ
                0x00001470                sd_nvic_GetPendingIRQ
                0x000014a4                sd_nvic_SetPendingIRQ
                0x000014c8                sd_nvic_ClearPendingIRQ
                0x000014ec                sd_nvic_SetPriority
                0x0000151c                sd_nvic_GetPriority
                0x00001554                sd_nvic_SystemReset
                0x00001564                sd_nvic_critical_region_enter
                0x00001598                sd_nvic_critical_region_exit
 .text          0x000015d0       0x5c _build/nrf_delay.o
                0x00001604                nrf_delay_ms
 .text          0x0000162c      0x284 _build/simple_uart.o
                0x000016ac                simple_uart_get
                0x000016dc                simple_uart_get_with_timeout
                0x0000174c                simple_uart_put
                0x00001788                simple_uart_putstring
                0x000017d8                simple_uart_config
 .text          0x000018b0      0xb50 _build/spi_master.o
                0x00001940                SPI0_TWI0_IRQHandler
                0x00001e64                spi_master_open
                0x0000204c                spi_master_close
                0x0000214c                spi_master_get_state
                0x000021a8                spi_master_evt_handler_reg
                0x00002204                spi_master_send_recv
 .text          0x00002400     0x1248 _build/app_timer.o
                0x0000322c                RTC1_IRQHandler
                0x00003278                SWI0_IRQHandler
                0x00003284                app_timer_init
                0x00003400                app_timer_create
                0x000034f0                app_timer_start
                0x0000357c                app_timer_stop
                0x000035dc                app_timer_stop_all
                0x00003604                app_timer_cnt_get
                0x00003620                app_timer_cnt_diff_compute
 .text          0x00003648      0x2d4 _build/app_scheduler.o
                0x00003698                app_sched_init
                0x00003728                app_sched_event_put
                0x000038e4                app_sched_execute
 .text          0x0000391c      0x2b4 _build/LIS2DH_app.o
                0x00003990                ACCEL_INIT
                0x000039f0                ACCEL_TXRX
                0x00003a20                reg_write
                0x00003a60                reg_read
                0x00003aa8                reg_write_ver
                0x00003af0                update_xyz
 .text          0x00003bd0        0x0 _build/app_trace.o
 .text          0x00003bd0      0x124 _build/system_nrf51.o
                0x00003bd0                SystemCoreClockUpdate
                0x00003be8                SystemInit
 .text          0x00003cf4       0x54 _build/gcc_startup_nrf51.o
                0x00003cf4                Reset_Handler
                0x00003d3c                NMI_Handler
                0x00003d3e                HardFault_Handler
                0x00003d40                SVC_Handler
                0x00003d42                PendSV_Handler
                0x00003d44                SysTick_Handler
                0x00003d46                TIMER2_IRQHandler
                0x00003d46                RTC0_IRQHandler
                0x00003d46                GPIOTE_IRQHandler
                0x00003d46                POWER_CLOCK_IRQHandler
                0x00003d46                RADIO_IRQHandler
                0x00003d46                LPCOMP_IRQHandler
                0x00003d46                SWI4_IRQHandler
                0x00003d46                TEMP_IRQHandler
                0x00003d46                QDEC_IRQHandler
                0x00003d46                UART0_IRQHandler
                0x00003d46                SWI5_IRQHandler
                0x00003d46                TIMER0_IRQHandler
                0x00003d46                TIMER1_IRQHandler
                0x00003d46                ECB_IRQHandler
                0x00003d46                Default_Handler
                0x00003d46                ADC_IRQHandler
                0x00003d46                SWI3_IRQHandler
                0x00003d46                CCM_AAR_IRQHandler
                0x00003d46                WDT_IRQHandler
                0x00003d46                SWI2_IRQHandler
                0x00003d46                RNG_IRQHandler
                0x00003d46                SPI1_TWI1_IRQHandler
                0x00003d46                SWI1_IRQHandler
 .text          0x00003d48      0x120 /usr/lib/gcc/arm-none-eabi/4.9.3/armv6-m/libgcc.a(_udivsi3.o)
                0x00003d48                __udivsi3
                0x00003d48                __aeabi_uidiv
                0x00003e54                __aeabi_uidivmod
 .text          0x00003e68        0x4 /usr/lib/gcc/arm-none-eabi/4.9.3/armv6-m/libgcc.a(_dvmd_tls.o)
                0x00003e68                __aeabi_ldiv0
                0x00003e68                __aeabi_idiv0
 .text          0x00003e6c        0x0 /usr/lib/gcc/arm-none-eabi/4.9.3/../../../arm-none-eabi/lib/armv6-m/libc.a(lib_a-atexit.o)
 .text.atexit   0x00003e6c       0x10 /usr/lib/gcc/arm-none-eabi/4.9.3/../../../arm-none-eabi/lib/armv6-m/libc.a(lib_a-atexit.o)
                0x00003e6c                atexit
 .text          0x00003e7c        0x0 /usr/lib/gcc/arm-none-eabi/4.9.3/../../../arm-none-eabi/lib/armv6-m/libc.a(lib_a-exit.o)
 .text.exit     0x00003e7c       0x20 /usr/lib/gcc/arm-none-eabi/4.9.3/../../../arm-none-eabi/lib/armv6-m/libc.a(lib_a-exit.o)
                0x00003e7c                exit
 .text          0x00003e9c        0x0 /usr/lib/gcc/arm-none-eabi/4.9.3/../../../arm-none-eabi/lib/armv6-m/libc.a(lib_a-fini.o)
 .text.__libc_fini_array
                0x00003e9c       0x30 /usr/lib/gcc/arm-none-eabi/4.9.3/../../../arm-none-eabi/lib/armv6-m/libc.a(lib_a-fini.o)
                0x00003e9c                __libc_fini_array
 .text          0x00003ecc        0x0 /usr/lib/gcc/arm-none-eabi/4.9.3/../../../arm-none-eabi/lib/armv6-m/libc.a(lib_a-impure.o)
 .text          0x00003ecc        0x0 /usr/lib/gcc/arm-none-eabi/4.9.3/../../../arm-none-eabi/lib/armv6-m/libc.a(lib_a-init.o)
 .text.__libc_init_array
                0x00003ecc       0x48 /usr/lib/gcc/arm-none-eabi/4.9.3/../../../arm-none-eabi/lib/armv6-m/libc.a(lib_a-init.o)
                0x00003ecc                __libc_init_array
 .text          0x00003f14        0x0 /usr/lib/gcc/arm-none-eabi/4.9.3/../../../arm-none-eabi/lib/armv6-m/libc.a(lib_a-memcpy.o)
 .text.memcpy   0x00003f14       0x84 /usr/lib/gcc/arm-none-eabi/4.9.3/../../../arm-none-eabi/lib/armv6-m/libc.a(lib_a-memcpy.o)
                0x00003f14                memcpy
 .text          0x00003f98        0x0 /usr/lib/gcc/arm-none-eabi/4.9.3/../../../arm-none-eabi/lib/armv6-m/libc.a(lib_a-memset.o)
 .text.memset   0x00003f98       0x9c /usr/lib/gcc/arm-none-eabi/4.9.3/../../../arm-none-eabi/lib/armv6-m/libc.a(lib_a-memset.o)
                0x00003f98                memset
 .text          0x00004034        0x0 /usr/lib/gcc/arm-none-eabi/4.9.3/../../../arm-none-eabi/lib/armv6-m/libc.a(lib_a-__atexit.o)
 .text.__register_exitproc
                0x00004034       0xc0 /usr/lib/gcc/arm-none-eabi/4.9.3/../../../arm-none-eabi/lib/armv6-m/libc.a(lib_a-__atexit.o)
                0x00004034                __register_exitproc
 .text          0x000040f4        0x0 /usr/lib/gcc/arm-none-eabi/4.9.3/../../../arm-none-eabi/lib/armv6-m/libc.a(lib_a-__call_atexit.o)
 .text.startup.register_fini
                0x000040f4       0x18 /usr/lib/gcc/arm-none-eabi/4.9.3/../../../arm-none-eabi/lib/armv6-m/libc.a(lib_a-__call_atexit.o)
 .text.__call_exitprocs
                0x0000410c      0x118 /usr/lib/gcc/arm-none-eabi/4.9.3/../../../arm-none-eabi/lib/armv6-m/libc.a(lib_a-__call_atexit.o)
                0x0000410c                __call_exitprocs
 .text          0x00004224        0x0 /usr/lib/gcc/arm-none-eabi/4.9.3/armv6-m/crtend.o
 .text          0x00004224        0x0 /usr/lib/gcc/arm-none-eabi/4.9.3/armv6-m/crtn.o
 .text          0x00004224        0x0 /usr/lib/gcc/arm-none-eabi/4.9.3/../../../arm-none-eabi/lib/armv6-m/libnosys.a(_exit.o)
 .text._exit    0x00004224        0x4 /usr/lib/gcc/arm-none-eabi/4.9.3/../../../arm-none-eabi/lib/armv6-m/libnosys.a(_exit.o)
                0x00004224                _exit
 *(.init)
 .init          0x00004228        0x4 /usr/lib/gcc/arm-none-eabi/4.9.3/armv6-m/crti.o
                0x00004228                _init
 .init          0x0000422c        0x8 /usr/lib/gcc/arm-none-eabi/4.9.3/armv6-m/crtn.o
 *(.fini)
 .fini          0x00004234        0x4 /usr/lib/gcc/arm-none-eabi/4.9.3/armv6-m/crti.o
                0x00004234                _fini
 .fini          0x00004238        0x8 /usr/lib/gcc/arm-none-eabi/4.9.3/armv6-m/crtn.o
 *crtbegin.o(.ctors)
 *crtbegin?.o(.ctors)
 *(EXCLUDE_FILE(*crtend.o *crtend?.o) .ctors)
 *(SORT(.ctors.*))
 *(.ctors)
 *crtbegin.o(.dtors)
 *crtbegin?.o(.dtors)
 *(EXCLUDE_FILE(*crtend.o *crtend?.o) .dtors)
 *(SORT(.dtors.*))
 *(.dtors)
 *(.rodata*)
 .rodata        0x00004240      0x150 _build/main.o
 .rodata        0x00004390       0x2c _build/spi_master.o
 .rodata        0x000043bc       0x2c _build/app_timer.o
 .rodata.str1.4
                0x000043e8        0x4 /usr/lib/gcc/arm-none-eabi/4.9.3/../../../arm-none-eabi/lib/armv6-m/libc.a(lib_a-impure.o)
 .rodata._global_impure_ptr
                0x000043ec        0x4 /usr/lib/gcc/arm-none-eabi/4.9.3/../../../arm-none-eabi/lib/armv6-m/libc.a(lib_a-impure.o)
                0x000043ec                _global_impure_ptr
 *(.eh_frame*)
 .eh_frame      0x000043f0        0x0 /usr/lib/gcc/arm-none-eabi/4.9.3/armv6-m/crtbegin.o
 .eh_frame      0x000043f0        0x4 /usr/lib/gcc/arm-none-eabi/4.9.3/armv6-m/crtend.o

.glue_7         0x000043f4        0x0
 .glue_7        0x000043f4        0x0 linker stubs

.glue_7t        0x000043f4        0x0
 .glue_7t       0x000043f4        0x0 linker stubs

.vfp11_veneer   0x000043f4        0x0
 .vfp11_veneer  0x000043f4        0x0 linker stubs

.v4_bx          0x000043f4        0x0
 .v4_bx         0x000043f4        0x0 linker stubs

.iplt           0x000043f4        0x0
 .iplt          0x000043f4        0x0 /usr/lib/gcc/arm-none-eabi/4.9.3/armv6-m/crtbegin.o

.ARM.extab      0x000043f4        0x0
 *(.ARM.extab* .gnu.linkonce.armextab.*)
 .ARM.extab     0x000043f4        0x0 /usr/lib/gcc/arm-none-eabi/4.9.3/../../../arm-none-eabi/lib/armv6-m/crt0.o
 .ARM.extab     0x000043f4        0x0 _build/gcc_startup_nrf51.o
                0x000043f4                __exidx_start = .

.ARM.exidx      0x000043f4        0x8
 *(.ARM.exidx* .gnu.linkonce.armexidx.*)
 .ARM.exidx     0x000043f4        0x8 /usr/lib/gcc/arm-none-eabi/4.9.3/../../../arm-none-eabi/lib/armv6-m/crt0.o
 .ARM.exidx     0x000043fc        0x0 _build/gcc_startup_nrf51.o
                                  0x8 (size before relaxing)
                0x000043fc                __exidx_end = .
                0x000043fc                __etext = .

.rel.dyn        0x000043fc        0x0
 .rel.iplt      0x000043fc        0x0 /usr/lib/gcc/arm-none-eabi/4.9.3/armv6-m/crtbegin.o

.data           0x20000000      0x444 load address 0x000043fc
                0x20000000                __data_start__ = .
 *(vtable)
 *(.data*)
 .data          0x20000000        0x0 /usr/lib/gcc/arm-none-eabi/4.9.3/armv6-m/crti.o
 .data          0x20000000        0x4 /usr/lib/gcc/arm-none-eabi/4.9.3/armv6-m/crtbegin.o
                0x20000000                __dso_handle
 .data          0x20000004        0x0 /usr/lib/gcc/arm-none-eabi/4.9.3/../../../arm-none-eabi/lib/armv6-m/crt0.o
 .data          0x20000004        0x0 _build/main.o
 .data          0x20000004        0x0 _build/nrf_soc.o
 .data          0x20000004        0x0 _build/nrf_delay.o
 .data          0x20000004        0x0 _build/simple_uart.o
 .data          0x20000004        0x0 _build/spi_master.o
 .data          0x20000004        0x0 _build/app_timer.o
 .data          0x20000004        0x0 _build/app_scheduler.o
 .data          0x20000004        0x0 _build/LIS2DH_app.o
 .data          0x20000004        0x0 _build/app_trace.o
 .data          0x20000004        0x4 _build/system_nrf51.o
                0x20000004                SystemCoreClock
 .data          0x20000008        0x0 _build/gcc_startup_nrf51.o
 .data          0x20000008        0x0 /usr/lib/gcc/arm-none-eabi/4.9.3/armv6-m/libgcc.a(_udivsi3.o)
 .data          0x20000008        0x0 /usr/lib/gcc/arm-none-eabi/4.9.3/armv6-m/libgcc.a(_dvmd_tls.o)
 .data          0x20000008        0x0 /usr/lib/gcc/arm-none-eabi/4.9.3/../../../arm-none-eabi/lib/armv6-m/libc.a(lib_a-atexit.o)
 .data          0x20000008        0x0 /usr/lib/gcc/arm-none-eabi/4.9.3/../../../arm-none-eabi/lib/armv6-m/libc.a(lib_a-exit.o)
 .data          0x20000008        0x0 /usr/lib/gcc/arm-none-eabi/4.9.3/../../../arm-none-eabi/lib/armv6-m/libc.a(lib_a-fini.o)
 .data          0x20000008        0x0 /usr/lib/gcc/arm-none-eabi/4.9.3/../../../arm-none-eabi/lib/armv6-m/libc.a(lib_a-impure.o)
 .data.impure_data
                0x20000008      0x428 /usr/lib/gcc/arm-none-eabi/4.9.3/../../../arm-none-eabi/lib/armv6-m/libc.a(lib_a-impure.o)
 .data._impure_ptr
                0x20000430        0x4 /usr/lib/gcc/arm-none-eabi/4.9.3/../../../arm-none-eabi/lib/armv6-m/libc.a(lib_a-impure.o)
                0x20000430                _impure_ptr
 .data          0x20000434        0x0 /usr/lib/gcc/arm-none-eabi/4.9.3/../../../arm-none-eabi/lib/armv6-m/libc.a(lib_a-init.o)
 .data          0x20000434        0x0 /usr/lib/gcc/arm-none-eabi/4.9.3/../../../arm-none-eabi/lib/armv6-m/libc.a(lib_a-memcpy.o)
 .data          0x20000434        0x0 /usr/lib/gcc/arm-none-eabi/4.9.3/../../../arm-none-eabi/lib/armv6-m/libc.a(lib_a-memset.o)
 .data          0x20000434        0x0 /usr/lib/gcc/arm-none-eabi/4.9.3/../../../arm-none-eabi/lib/armv6-m/libc.a(lib_a-__atexit.o)
 .data          0x20000434        0x0 /usr/lib/gcc/arm-none-eabi/4.9.3/../../../arm-none-eabi/lib/armv6-m/libc.a(lib_a-__call_atexit.o)
 .data          0x20000434        0x0 /usr/lib/gcc/arm-none-eabi/4.9.3/armv6-m/crtend.o
 .data          0x20000434        0x0 /usr/lib/gcc/arm-none-eabi/4.9.3/armv6-m/crtn.o
 .data          0x20000434        0x0 /usr/lib/gcc/arm-none-eabi/4.9.3/../../../arm-none-eabi/lib/armv6-m/libnosys.a(_exit.o)
                0x20000434                . = ALIGN (0x4)
                0x20000434                PROVIDE (__preinit_array_start, .)
 *(.preinit_array)
                0x20000434                PROVIDE (__preinit_array_end, .)
                0x20000434                . = ALIGN (0x4)
                0x20000434                PROVIDE (__init_array_start, .)
 *(SORT(.init_array.*))
 .init_array.00000
                0x20000434        0x4 /usr/lib/gcc/arm-none-eabi/4.9.3/../../../arm-none-eabi/lib/armv6-m/libc.a(lib_a-__call_atexit.o)
 *(.init_array)
 .init_array    0x20000438        0x4 /usr/lib/gcc/arm-none-eabi/4.9.3/armv6-m/crtbegin.o
                0x2000043c                PROVIDE (__init_array_end, .)
                0x2000043c                . = ALIGN (0x4)
                0x2000043c                PROVIDE (__fini_array_start, .)
 *(SORT(.fini_array.*))
 *(.fini_array)
 .fini_array    0x2000043c        0x4 /usr/lib/gcc/arm-none-eabi/4.9.3/armv6-m/crtbegin.o
                0x20000440                PROVIDE (__fini_array_end, .)
 *(.jcr)
 .jcr           0x20000440        0x0 /usr/lib/gcc/arm-none-eabi/4.9.3/armv6-m/crtbegin.o
 .jcr           0x20000440        0x4 /usr/lib/gcc/arm-none-eabi/4.9.3/armv6-m/crtend.o
                0x20000444                . = ALIGN (0x4)
                0x20000444                __data_end__ = .

.tm_clone_table
                0x20000444        0x0 load address 0x00004840
 .tm_clone_table
                0x20000444        0x0 /usr/lib/gcc/arm-none-eabi/4.9.3/armv6-m/crtbegin.o
 .tm_clone_table
                0x20000444        0x0 /usr/lib/gcc/arm-none-eabi/4.9.3/armv6-m/crtend.o

.igot.plt       0x20000444        0x0 load address 0x00004840
 .igot.plt      0x20000444        0x0 /usr/lib/gcc/arm-none-eabi/4.9.3/armv6-m/crtbegin.o

.bss            0x20000444      0x278 load address 0x00004840
                0x20000444                . = ALIGN (0x4)
                0x20000444                __bss_start__ = .
 *(.bss*)
 .bss           0x20000444        0x0 /usr/lib/gcc/arm-none-eabi/4.9.3/armv6-m/crti.o
 .bss           0x20000444       0x1c /usr/lib/gcc/arm-none-eabi/4.9.3/armv6-m/crtbegin.o
 .bss           0x20000460        0x0 /usr/lib/gcc/arm-none-eabi/4.9.3/../../../arm-none-eabi/lib/armv6-m/crt0.o
 .bss           0x20000460      0x11c _build/main.o
 .bss           0x2000057c        0x1 _build/nrf_soc.o
 .bss           0x2000057d        0x0 _build/nrf_delay.o
 .bss           0x2000057d        0x0 _build/simple_uart.o
 *fill*         0x2000057d        0x3 
 .bss           0x20000580       0x28 _build/spi_master.o
 .bss           0x200005a8       0x2c _build/app_timer.o
 .bss           0x200005d4       0x10 _build/app_scheduler.o
 .bss           0x200005e4        0x0 _build/LIS2DH_app.o
 .bss           0x200005e4        0x0 _build/app_trace.o
 .bss           0x200005e4        0x0 _build/system_nrf51.o
 .bss           0x200005e4        0x0 _build/gcc_startup_nrf51.o
 .bss           0x200005e4        0x0 /usr/lib/gcc/arm-none-eabi/4.9.3/armv6-m/libgcc.a(_udivsi3.o)
 .bss           0x200005e4        0x0 /usr/lib/gcc/arm-none-eabi/4.9.3/armv6-m/libgcc.a(_dvmd_tls.o)
 .bss           0x200005e4        0x0 /usr/lib/gcc/arm-none-eabi/4.9.3/../../../arm-none-eabi/lib/armv6-m/libc.a(lib_a-atexit.o)
 .bss           0x200005e4        0x0 /usr/lib/gcc/arm-none-eabi/4.9.3/../../../arm-none-eabi/lib/armv6-m/libc.a(lib_a-exit.o)
 .bss           0x200005e4        0x0 /usr/lib/gcc/arm-none-eabi/4.9.3/../../../arm-none-eabi/lib/armv6-m/libc.a(lib_a-fini.o)
 .bss           0x200005e4        0x0 /usr/lib/gcc/arm-none-eabi/4.9.3/../../../arm-none-eabi/lib/armv6-m/libc.a(lib_a-impure.o)
 .bss           0x200005e4        0x0 /usr/lib/gcc/arm-none-eabi/4.9.3/../../../arm-none-eabi/lib/armv6-m/libc.a(lib_a-init.o)
 .bss           0x200005e4        0x0 /usr/lib/gcc/arm-none-eabi/4.9.3/../../../arm-none-eabi/lib/armv6-m/libc.a(lib_a-memcpy.o)
 .bss           0x200005e4        0x0 /usr/lib/gcc/arm-none-eabi/4.9.3/../../../arm-none-eabi/lib/armv6-m/libc.a(lib_a-memset.o)
 .bss           0x200005e4        0x0 /usr/lib/gcc/arm-none-eabi/4.9.3/../../../arm-none-eabi/lib/armv6-m/libc.a(lib_a-__atexit.o)
 .bss           0x200005e4        0x0 /usr/lib/gcc/arm-none-eabi/4.9.3/../../../arm-none-eabi/lib/armv6-m/libc.a(lib_a-__call_atexit.o)
 .bss           0x200005e4        0x0 /usr/lib/gcc/arm-none-eabi/4.9.3/armv6-m/crtend.o
 .bss           0x200005e4        0x0 /usr/lib/gcc/arm-none-eabi/4.9.3/armv6-m/crtn.o
 .bss           0x200005e4        0x0 /usr/lib/gcc/arm-none-eabi/4.9.3/../../../arm-none-eabi/lib/armv6-m/libnosys.a(_exit.o)
 *(COMMON)
 COMMON         0x200005e4        0x6 _build/main.o
                0x200005e4                accel_reg
 *fill*         0x200005ea        0x2 
 COMMON         0x200005ec       0xd0 _build/app_trace.o
                0x200005ec                __stdin
                0x20000654                __stdout
                0x200006bc                . = ALIGN (0x4)
                0x200006bc                __bss_end__ = .

.heap           0x200006c0      0x800
                0x200006c0                __end__ = .
                0x200006c0                end = __end__
 *(.heap*)
 .heap          0x200006c0      0x800 _build/gcc_startup_nrf51.o
                0x200006c0                __HeapBase
                0x20000ec0                __HeapLimit = .

.stack_dummy    0x200006c0      0x800
 *(.stack*)
 .stack         0x200006c0      0x800 _build/gcc_startup_nrf51.o
                0x20004000                __StackTop = (ORIGIN (RAM) + 0x4000)
                0x20003800                __StackLimit = (__StackTop - SIZEOF (.stack_dummy))
                0x20004000                PROVIDE (__stack, __StackTop)
                0x00000001                ASSERT ((__StackLimit >= __HeapLimit), region RAM overflowed with stack)
OUTPUT(_build/accel_test_xxaa.out elf32-littlearm)

.ARM.attributes
                0x00000000       0x28
 .ARM.attributes
                0x00000000       0x1e /usr/lib/gcc/arm-none-eabi/4.9.3/armv6-m/crti.o
 .ARM.attributes
                0x0000001e       0x2c /usr/lib/gcc/arm-none-eabi/4.9.3/armv6-m/crtbegin.o
 .ARM.attributes
                0x0000004a       0x1b /usr/lib/gcc/arm-none-eabi/4.9.3/../../../arm-none-eabi/lib/armv6-m/crt0.o
 .ARM.attributes
                0x00000065       0x31 _build/main.o
 .ARM.attributes
                0x00000096       0x31 _build/nrf_soc.o
 .ARM.attributes
                0x000000c7       0x31 _build/nrf_delay.o
 .ARM.attributes
                0x000000f8       0x31 _build/simple_uart.o
 .ARM.attributes
                0x00000129       0x31 _build/spi_master.o
 .ARM.attributes
                0x0000015a       0x31 _build/app_timer.o
 .ARM.attributes
                0x0000018b       0x31 _build/app_scheduler.o
 .ARM.attributes
                0x000001bc       0x31 _build/LIS2DH_app.o
 .ARM.attributes
                0x000001ed       0x31 _build/app_trace.o
 .ARM.attributes
                0x0000021e       0x31 _build/system_nrf51.o
 .ARM.attributes
                0x0000024f       0x1b _build/gcc_startup_nrf51.o
 .ARM.attributes
                0x0000026a       0x1e /usr/lib/gcc/arm-none-eabi/4.9.3/armv6-m/libgcc.a(_udivsi3.o)
 .ARM.attributes
                0x00000288       0x1e /usr/lib/gcc/arm-none-eabi/4.9.3/armv6-m/libgcc.a(_dvmd_tls.o)
 .ARM.attributes
                0x000002a6       0x2c /usr/lib/gcc/arm-none-eabi/4.9.3/../../../arm-none-eabi/lib/armv6-m/libc.a(lib_a-atexit.o)
 .ARM.attributes
                0x000002d2       0x2c /usr/lib/gcc/arm-none-eabi/4.9.3/../../../arm-none-eabi/lib/armv6-m/libc.a(lib_a-exit.o)
 .ARM.attributes
                0x000002fe       0x2c /usr/lib/gcc/arm-none-eabi/4.9.3/../../../arm-none-eabi/lib/armv6-m/libc.a(lib_a-fini.o)
 .ARM.attributes
                0x0000032a       0x2c /usr/lib/gcc/arm-none-eabi/4.9.3/../../../arm-none-eabi/lib/armv6-m/libc.a(lib_a-impure.o)
 .ARM.attributes
                0x00000356       0x2c /usr/lib/gcc/arm-none-eabi/4.9.3/../../../arm-none-eabi/lib/armv6-m/libc.a(lib_a-init.o)
 .ARM.attributes
                0x00000382       0x2c /usr/lib/gcc/arm-none-eabi/4.9.3/../../../arm-none-eabi/lib/armv6-m/libc.a(lib_a-memcpy.o)
 .ARM.attributes
                0x000003ae       0x2c /usr/lib/gcc/arm-none-eabi/4.9.3/../../../arm-none-eabi/lib/armv6-m/libc.a(lib_a-memset.o)
 .ARM.attributes
                0x000003da       0x2c /usr/lib/gcc/arm-none-eabi/4.9.3/../../../arm-none-eabi/lib/armv6-m/libc.a(lib_a-__atexit.o)
 .ARM.attributes
                0x00000406       0x2c /usr/lib/gcc/arm-none-eabi/4.9.3/../../../arm-none-eabi/lib/armv6-m/libc.a(lib_a-__call_atexit.o)
 .ARM.attributes
                0x00000432       0x2c /usr/lib/gcc/arm-none-eabi/4.9.3/armv6-m/crtend.o
 .ARM.attributes
                0x0000045e       0x1e /usr/lib/gcc/arm-none-eabi/4.9.3/armv6-m/crtn.o
 .ARM.attributes
                0x0000047c       0x2c /usr/lib/gcc/arm-none-eabi/4.9.3/../../../arm-none-eabi/lib/armv6-m/libnosys.a(_exit.o)

.comment        0x00000000       0x58
 .comment       0x00000000       0x38 /usr/lib/gcc/arm-none-eabi/4.9.3/armv6-m/crtbegin.o
                                 0x39 (size before relaxing)
 .comment       0x00000038       0x39 _build/main.o
 .comment       0x00000038       0x39 _build/nrf_soc.o
 .comment       0x00000038       0x39 _build/nrf_delay.o
 .comment       0x00000038       0x39 _build/simple_uart.o
 .comment       0x00000038       0x39 _build/spi_master.o
 .comment       0x00000038       0x39 _build/app_timer.o
 .comment       0x00000038       0x39 _build/app_scheduler.o
 .comment       0x00000038       0x39 _build/LIS2DH_app.o
 .comment       0x00000038       0x39 _build/app_trace.o
 .comment       0x00000038       0x39 _build/system_nrf51.o
 .comment       0x00000038       0x20 /usr/lib/gcc/arm-none-eabi/4.9.3/../../../arm-none-eabi/lib/armv6-m/libc.a(lib_a-atexit.o)
                                 0x21 (size before relaxing)
 .comment       0x00000058       0x21 /usr/lib/gcc/arm-none-eabi/4.9.3/../../../arm-none-eabi/lib/armv6-m/libc.a(lib_a-exit.o)
 .comment       0x00000058       0x21 /usr/lib/gcc/arm-none-eabi/4.9.3/../../../arm-none-eabi/lib/armv6-m/libc.a(lib_a-fini.o)
 .comment       0x00000058       0x21 /usr/lib/gcc/arm-none-eabi/4.9.3/../../../arm-none-eabi/lib/armv6-m/libc.a(lib_a-impure.o)
 .comment       0x00000058       0x21 /usr/lib/gcc/arm-none-eabi/4.9.3/../../../arm-none-eabi/lib/armv6-m/libc.a(lib_a-init.o)
 .comment       0x00000058       0x21 /usr/lib/gcc/arm-none-eabi/4.9.3/../../../arm-none-eabi/lib/armv6-m/libc.a(lib_a-memcpy.o)
 .comment       0x00000058       0x21 /usr/lib/gcc/arm-none-eabi/4.9.3/../../../arm-none-eabi/lib/armv6-m/libc.a(lib_a-memset.o)
 .comment       0x00000058       0x21 /usr/lib/gcc/arm-none-eabi/4.9.3/../../../arm-none-eabi/lib/armv6-m/libc.a(lib_a-__atexit.o)
 .comment       0x00000058       0x21 /usr/lib/gcc/arm-none-eabi/4.9.3/../../../arm-none-eabi/lib/armv6-m/libc.a(lib_a-__call_atexit.o)
 .comment       0x00000058       0x39 /usr/lib/gcc/arm-none-eabi/4.9.3/armv6-m/crtend.o
 .comment       0x00000058       0x21 /usr/lib/gcc/arm-none-eabi/4.9.3/../../../arm-none-eabi/lib/armv6-m/libnosys.a(_exit.o)

.debug_line     0x00000000     0x319b
 .debug_line    0x00000000       0x80 /usr/lib/gcc/arm-none-eabi/4.9.3/../../../arm-none-eabi/lib/armv6-m/crt0.o
 .debug_line    0x00000080      0x619 _build/main.o
 .debug_line    0x00000699      0x2ef _build/nrf_soc.o
 .debug_line    0x00000988      0x2aa _build/nrf_delay.o
 .debug_line    0x00000c32      0x27d _build/simple_uart.o
 .debug_line    0x00000eaf      0x4c7 _build/spi_master.o
 .debug_line    0x00001376      0x606 _build/app_timer.o
 .debug_line    0x0000197c      0x369 _build/app_scheduler.o
 .debug_line    0x00001ce5      0x351 _build/LIS2DH_app.o
 .debug_line    0x00002036      0x3af _build/app_trace.o
 .debug_line    0x000023e5      0x22e _build/system_nrf51.o
 .debug_line    0x00002613       0x95 _build/gcc_startup_nrf51.o
 .debug_line    0x000026a8       0x6c /usr/lib/gcc/arm-none-eabi/4.9.3/armv6-m/libgcc.a(_udivsi3.o)
 .debug_line    0x00002714       0x5e /usr/lib/gcc/arm-none-eabi/4.9.3/armv6-m/libgcc.a(_dvmd_tls.o)
 .debug_line    0x00002772       0xbb /usr/lib/gcc/arm-none-eabi/4.9.3/../../../arm-none-eabi/lib/armv6-m/libc.a(lib_a-atexit.o)
 .debug_line    0x0000282d      0x165 /usr/lib/gcc/arm-none-eabi/4.9.3/../../../arm-none-eabi/lib/armv6-m/libc.a(lib_a-exit.o)
 .debug_line    0x00002992       0x9d /usr/lib/gcc/arm-none-eabi/4.9.3/../../../arm-none-eabi/lib/armv6-m/libc.a(lib_a-fini.o)
 .debug_line    0x00002a2f       0xe8 /usr/lib/gcc/arm-none-eabi/4.9.3/../../../arm-none-eabi/lib/armv6-m/libc.a(lib_a-impure.o)
 .debug_line    0x00002b17       0xbe /usr/lib/gcc/arm-none-eabi/4.9.3/../../../arm-none-eabi/lib/armv6-m/libc.a(lib_a-init.o)
 .debug_line    0x00002bd5      0x116 /usr/lib/gcc/arm-none-eabi/4.9.3/../../../arm-none-eabi/lib/armv6-m/libc.a(lib_a-memcpy.o)
 .debug_line    0x00002ceb      0x113 /usr/lib/gcc/arm-none-eabi/4.9.3/../../../arm-none-eabi/lib/armv6-m/libc.a(lib_a-memset.o)
 .debug_line    0x00002dfe      0x17a /usr/lib/gcc/arm-none-eabi/4.9.3/../../../arm-none-eabi/lib/armv6-m/libc.a(lib_a-__atexit.o)
 .debug_line    0x00002f78      0x1cb /usr/lib/gcc/arm-none-eabi/4.9.3/../../../arm-none-eabi/lib/armv6-m/libc.a(lib_a-__call_atexit.o)
 .debug_line    0x00003143       0x58 /usr/lib/gcc/arm-none-eabi/4.9.3/../../../arm-none-eabi/lib/armv6-m/libnosys.a(_exit.o)

.debug_info     0x00000000     0x75bc
 .debug_info    0x00000000       0xa4 /usr/lib/gcc/arm-none-eabi/4.9.3/../../../arm-none-eabi/lib/armv6-m/crt0.o
 .debug_info    0x000000a4      0x825 _build/main.o
 .debug_info    0x000008c9      0x685 _build/nrf_soc.o
 .debug_info    0x00000f4e       0xdd _build/nrf_delay.o
 .debug_info    0x0000102b      0x6ab _build/simple_uart.o
 .debug_info    0x000016d6      0xda3 _build/spi_master.o
 .debug_info    0x00002479     0x1334 _build/app_timer.o
 .debug_info    0x000037ad      0x369 _build/app_scheduler.o
 .debug_info    0x00003b16      0x452 _build/LIS2DH_app.o
 .debug_info    0x00003f68      0x892 _build/app_trace.o
 .debug_info    0x000047fa      0x1b1 _build/system_nrf51.o
 .debug_info    0x000049ab       0xab _build/gcc_startup_nrf51.o
 .debug_info    0x00004a56       0xb9 /usr/lib/gcc/arm-none-eabi/4.9.3/armv6-m/libgcc.a(_udivsi3.o)
 .debug_info    0x00004b0f       0xb9 /usr/lib/gcc/arm-none-eabi/4.9.3/armv6-m/libgcc.a(_dvmd_tls.o)
 .debug_info    0x00004bc8      0x10a /usr/lib/gcc/arm-none-eabi/4.9.3/../../../arm-none-eabi/lib/armv6-m/libc.a(lib_a-atexit.o)
 .debug_info    0x00004cd2      0x8e4 /usr/lib/gcc/arm-none-eabi/4.9.3/../../../arm-none-eabi/lib/armv6-m/libc.a(lib_a-exit.o)
 .debug_info    0x000055b6       0xef /usr/lib/gcc/arm-none-eabi/4.9.3/../../../arm-none-eabi/lib/armv6-m/libc.a(lib_a-fini.o)
 .debug_info    0x000056a5      0x894 /usr/lib/gcc/arm-none-eabi/4.9.3/../../../arm-none-eabi/lib/armv6-m/libc.a(lib_a-impure.o)
 .debug_info    0x00005f39      0x105 /usr/lib/gcc/arm-none-eabi/4.9.3/../../../arm-none-eabi/lib/armv6-m/libc.a(lib_a-init.o)
 .debug_info    0x0000603e      0x131 /usr/lib/gcc/arm-none-eabi/4.9.3/../../../arm-none-eabi/lib/armv6-m/libc.a(lib_a-memcpy.o)
 .debug_info    0x0000616f      0x117 /usr/lib/gcc/arm-none-eabi/4.9.3/../../../arm-none-eabi/lib/armv6-m/libc.a(lib_a-memset.o)
 .debug_info    0x00006286      0x934 /usr/lib/gcc/arm-none-eabi/4.9.3/../../../arm-none-eabi/lib/armv6-m/libc.a(lib_a-__atexit.o)
 .debug_info    0x00006bba      0x9aa /usr/lib/gcc/arm-none-eabi/4.9.3/../../../arm-none-eabi/lib/armv6-m/libc.a(lib_a-__call_atexit.o)
 .debug_info    0x00007564       0x58 /usr/lib/gcc/arm-none-eabi/4.9.3/../../../arm-none-eabi/lib/armv6-m/libnosys.a(_exit.o)

.debug_abbrev   0x00000000     0x1c85
 .debug_abbrev  0x00000000       0x14 /usr/lib/gcc/arm-none-eabi/4.9.3/../../../arm-none-eabi/lib/armv6-m/crt0.o
 .debug_abbrev  0x00000014      0x291 _build/main.o
 .debug_abbrev  0x000002a5      0x1ba _build/nrf_soc.o
 .debug_abbrev  0x0000045f       0x80 _build/nrf_delay.o
 .debug_abbrev  0x000004df      0x190 _build/simple_uart.o
 .debug_abbrev  0x0000066f      0x1ee _build/spi_master.o
 .debug_abbrev  0x0000085d      0x321 _build/app_timer.o
 .debug_abbrev  0x00000b7e      0x11d _build/app_scheduler.o
 .debug_abbrev  0x00000c9b      0x187 _build/LIS2DH_app.o
 .debug_abbrev  0x00000e22      0x174 _build/app_trace.o
 .debug_abbrev  0x00000f96       0xf4 _build/system_nrf51.o
 .debug_abbrev  0x0000108a       0x14 _build/gcc_startup_nrf51.o
 .debug_abbrev  0x0000109e       0x14 /usr/lib/gcc/arm-none-eabi/4.9.3/armv6-m/libgcc.a(_udivsi3.o)
 .debug_abbrev  0x000010b2       0x14 /usr/lib/gcc/arm-none-eabi/4.9.3/armv6-m/libgcc.a(_dvmd_tls.o)
 .debug_abbrev  0x000010c6       0xb5 /usr/lib/gcc/arm-none-eabi/4.9.3/../../../arm-none-eabi/lib/armv6-m/libc.a(lib_a-atexit.o)
 .debug_abbrev  0x0000117b      0x1e6 /usr/lib/gcc/arm-none-eabi/4.9.3/../../../arm-none-eabi/lib/armv6-m/libc.a(lib_a-exit.o)
 .debug_abbrev  0x00001361       0xba /usr/lib/gcc/arm-none-eabi/4.9.3/../../../arm-none-eabi/lib/armv6-m/libc.a(lib_a-fini.o)
 .debug_abbrev  0x0000141b      0x180 /usr/lib/gcc/arm-none-eabi/4.9.3/../../../arm-none-eabi/lib/armv6-m/libc.a(lib_a-impure.o)
 .debug_abbrev  0x0000159b       0xba /usr/lib/gcc/arm-none-eabi/4.9.3/../../../arm-none-eabi/lib/armv6-m/libc.a(lib_a-init.o)
 .debug_abbrev  0x00001655       0xab /usr/lib/gcc/arm-none-eabi/4.9.3/../../../arm-none-eabi/lib/armv6-m/libc.a(lib_a-memcpy.o)
 .debug_abbrev  0x00001700       0x9f /usr/lib/gcc/arm-none-eabi/4.9.3/../../../arm-none-eabi/lib/armv6-m/libc.a(lib_a-memset.o)
 .debug_abbrev  0x0000179f      0x20f /usr/lib/gcc/arm-none-eabi/4.9.3/../../../arm-none-eabi/lib/armv6-m/libc.a(lib_a-__atexit.o)
 .debug_abbrev  0x000019ae      0x282 /usr/lib/gcc/arm-none-eabi/4.9.3/../../../arm-none-eabi/lib/armv6-m/libc.a(lib_a-__call_atexit.o)
 .debug_abbrev  0x00001c30       0x55 /usr/lib/gcc/arm-none-eabi/4.9.3/../../../arm-none-eabi/lib/armv6-m/libnosys.a(_exit.o)

.debug_aranges  0x00000000      0x2f8
 .debug_aranges
                0x00000000       0x20 /usr/lib/gcc/arm-none-eabi/4.9.3/../../../arm-none-eabi/lib/armv6-m/crt0.o
 .debug_aranges
                0x00000020       0x20 _build/main.o
 .debug_aranges
                0x00000040       0x20 _build/nrf_soc.o
 .debug_aranges
                0x00000060       0x20 _build/nrf_delay.o
 .debug_aranges
                0x00000080       0x20 _build/simple_uart.o
 .debug_aranges
                0x000000a0       0x20 _build/spi_master.o
 .debug_aranges
                0x000000c0       0x20 _build/app_timer.o
 .debug_aranges
                0x000000e0       0x20 _build/app_scheduler.o
 .debug_aranges
                0x00000100       0x20 _build/LIS2DH_app.o
 .debug_aranges
                0x00000120       0x18 _build/app_trace.o
 .debug_aranges
                0x00000138       0x20 _build/system_nrf51.o
 .debug_aranges
                0x00000158       0x20 _build/gcc_startup_nrf51.o
 .debug_aranges
                0x00000178       0x20 /usr/lib/gcc/arm-none-eabi/4.9.3/armv6-m/libgcc.a(_udivsi3.o)
 .debug_aranges
                0x00000198       0x20 /usr/lib/gcc/arm-none-eabi/4.9.3/armv6-m/libgcc.a(_dvmd_tls.o)
 .debug_aranges
                0x000001b8       0x20 /usr/lib/gcc/arm-none-eabi/4.9.3/../../../arm-none-eabi/lib/armv6-m/libc.a(lib_a-atexit.o)
 .debug_aranges
                0x000001d8       0x20 /usr/lib/gcc/arm-none-eabi/4.9.3/../../../arm-none-eabi/lib/armv6-m/libc.a(lib_a-exit.o)
 .debug_aranges
                0x000001f8       0x20 /usr/lib/gcc/arm-none-eabi/4.9.3/../../../arm-none-eabi/lib/armv6-m/libc.a(lib_a-fini.o)
 .debug_aranges
                0x00000218       0x18 /usr/lib/gcc/arm-none-eabi/4.9.3/../../../arm-none-eabi/lib/armv6-m/libc.a(lib_a-impure.o)
 .debug_aranges
                0x00000230       0x20 /usr/lib/gcc/arm-none-eabi/4.9.3/../../../arm-none-eabi/lib/armv6-m/libc.a(lib_a-init.o)
 .debug_aranges
                0x00000250       0x20 /usr/lib/gcc/arm-none-eabi/4.9.3/../../../arm-none-eabi/lib/armv6-m/libc.a(lib_a-memcpy.o)
 .debug_aranges
                0x00000270       0x20 /usr/lib/gcc/arm-none-eabi/4.9.3/../../../arm-none-eabi/lib/armv6-m/libc.a(lib_a-memset.o)
 .debug_aranges
                0x00000290       0x20 /usr/lib/gcc/arm-none-eabi/4.9.3/../../../arm-none-eabi/lib/armv6-m/libc.a(lib_a-__atexit.o)
 .debug_aranges
                0x000002b0       0x28 /usr/lib/gcc/arm-none-eabi/4.9.3/../../../arm-none-eabi/lib/armv6-m/libc.a(lib_a-__call_atexit.o)
 .debug_aranges
                0x000002d8       0x20 /usr/lib/gcc/arm-none-eabi/4.9.3/../../../arm-none-eabi/lib/armv6-m/libnosys.a(_exit.o)

.debug_macro    0x00000000     0xb159
 .debug_macro   0x00000000      0x2c7 _build/main.o
 .debug_macro   0x000002c7      0x844 _build/main.o
 .debug_macro   0x00000b0b       0x22 _build/main.o
 .debug_macro   0x00000b2d       0x22 _build/main.o
 .debug_macro   0x00000b4f       0x44 _build/main.o
 .debug_macro   0x00000b93       0x1c _build/main.o
 .debug_macro   0x00000baf      0x1f7 _build/main.o
 .debug_macro   0x00000da6       0x8e _build/main.o
 .debug_macro   0x00000e34       0x16 _build/main.o
 .debug_macro   0x00000e4a       0x1c _build/main.o
 .debug_macro   0x00000e66       0x22 _build/main.o
 .debug_macro   0x00000e88       0x3a _build/main.o
 .debug_macro   0x00000ec2       0x1f _build/main.o
 .debug_macro   0x00000ee1      0x242 _build/main.o
 .debug_macro   0x00001123      0x1d2 _build/main.o
 .debug_macro   0x000012f5       0x22 _build/main.o
 .debug_macro   0x00001317       0x28 _build/main.o
 .debug_macro   0x0000133f       0x16 _build/main.o
 .debug_macro   0x00001355       0x58 _build/main.o
 .debug_macro   0x000013ad       0x35 _build/main.o
 .debug_macro   0x000013e2       0x9c _build/main.o
 .debug_macro   0x0000147e       0x16 _build/main.o
 .debug_macro   0x00001494       0x97 _build/main.o
 .debug_macro   0x0000152b      0x29d _build/main.o
 .debug_macro   0x000017c8       0xef _build/main.o
 .debug_macro   0x000018b7       0x10 _build/main.o
 .debug_macro   0x000018c7       0x52 _build/main.o
 .debug_macro   0x00001919       0x16 _build/main.o
 .debug_macro   0x0000192f       0x43 _build/main.o
 .debug_macro   0x00001972      0x180 _build/main.o
 .debug_macro   0x00001af2       0x10 _build/main.o
 .debug_macro   0x00001b02       0x22 _build/main.o
 .debug_macro   0x00001b24       0xbd _build/main.o
 .debug_macro   0x00001be1       0x16 _build/main.o
 .debug_macro   0x00001bf7      0x16d _build/main.o
 .debug_macro   0x00001d64       0x41 _build/main.o
 .debug_macro   0x00001da5       0x1c _build/main.o
 .debug_macro   0x00001dc1       0xf4 _build/main.o
 .debug_macro   0x00001eb5       0x1c _build/main.o
 .debug_macro   0x00001ed1     0x746b _build/main.o
 .debug_macro   0x0000933c      0x976 _build/main.o
 .debug_macro   0x00009cb2       0xd0 _build/main.o
 .debug_macro   0x00009d82       0x16 _build/main.o
 .debug_macro   0x00009d98       0x35 _build/main.o
 .debug_macro   0x00009dcd       0x16 _build/main.o
 .debug_macro   0x00009de3       0x29 _build/main.o
 .debug_macro   0x00009e0c       0xe8 _build/main.o
 .debug_macro   0x00009ef4      0x13e _build/nrf_soc.o
 .debug_macro   0x0000a032      0x10e _build/nrf_soc.o
 .debug_macro   0x0000a140       0x7f _build/nrf_soc.o
 .debug_macro   0x0000a1bf       0x4a _build/nrf_soc.o
 .debug_macro   0x0000a209      0x19b _build/nrf_delay.o
 .debug_macro   0x0000a3a4       0xdf _build/simple_uart.o
 .debug_macro   0x0000a483       0x10 _build/simple_uart.o
 .debug_macro   0x0000a493      0x196 _build/spi_master.o
 .debug_macro   0x0000a629       0x16 _build/spi_master.o
 .debug_macro   0x0000a63f      0x278 _build/app_timer.o
 .debug_macro   0x0000a8b7       0x22 _build/app_timer.o
 .debug_macro   0x0000a8d9       0x1c _build/app_timer.o
 .debug_macro   0x0000a8f5       0x1c _build/app_timer.o
 .debug_macro   0x0000a911      0x1db _build/app_scheduler.o
 .debug_macro   0x0000aaec       0x10 _build/app_scheduler.o
 .debug_macro   0x0000aafc       0x10 _build/app_scheduler.o
 .debug_macro   0x0000ab0c       0x16 _build/app_scheduler.o
 .debug_macro   0x0000ab22      0x1a3 _build/LIS2DH_app.o
 .debug_macro   0x0000acc5       0x1c _build/LIS2DH_app.o
 .debug_macro   0x0000ace1      0x24b _build/app_trace.o
 .debug_macro   0x0000af2c       0x16 _build/app_trace.o
 .debug_macro   0x0000af42       0x52 _build/app_trace.o
 .debug_macro   0x0000af94       0x18 _build/app_trace.o
 .debug_macro   0x0000afac       0x1c _build/app_trace.o
 .debug_macro   0x0000afc8       0xca _build/app_trace.o
 .debug_macro   0x0000b092       0xc7 _build/system_nrf51.o

.debug_str      0x00000000    0x35ad8
 .debug_str     0x00000000    0x33222 _build/main.o
                              0x33482 (size before relaxing)
 .debug_str     0x00033222      0x3ff _build/nrf_soc.o
                               0x6539 (size before relaxing)
 .debug_str     0x00033621       0x5e _build/nrf_delay.o
                              0x31964 (size before relaxing)
 .debug_str     0x0003367f      0x2b6 _build/simple_uart.o
                              0x2ed24 (size before relaxing)
 .debug_str     0x00033935      0x673 _build/spi_master.o
                              0x2dd4e (size before relaxing)
 .debug_str     0x00033fa8      0x902 _build/app_timer.o
                              0x333ae (size before relaxing)
 .debug_str     0x000348aa      0x231 _build/app_scheduler.o
                               0x783b (size before relaxing)
 .debug_str     0x00034adb       0x96 _build/LIS2DH_app.o
                              0x30700 (size before relaxing)
 .debug_str     0x00034b71      0x889 _build/app_trace.o
                              0x32e31 (size before relaxing)
 .debug_str     0x000353fa      0x105 _build/system_nrf51.o
                              0x2ea9b (size before relaxing)
 .debug_str     0x000354ff      0x144 /usr/lib/gcc/arm-none-eabi/4.9.3/../../../arm-none-eabi/lib/armv6-m/libc.a(lib_a-atexit.o)
                                0x1dd (size before relaxing)
 .debug_str     0x00035643       0x3d /usr/lib/gcc/arm-none-eabi/4.9.3/../../../arm-none-eabi/lib/armv6-m/libc.a(lib_a-exit.o)
                                0x57a (size before relaxing)
 .debug_str     0x00035680       0xbc /usr/lib/gcc/arm-none-eabi/4.9.3/../../../arm-none-eabi/lib/armv6-m/libc.a(lib_a-fini.o)
                                0x1d5 (size before relaxing)
 .debug_str     0x0003573c       0x96 /usr/lib/gcc/arm-none-eabi/4.9.3/../../../arm-none-eabi/lib/armv6-m/libc.a(lib_a-impure.o)
                                0x571 (size before relaxing)
 .debug_str     0x000357d2       0x8a /usr/lib/gcc/arm-none-eabi/4.9.3/../../../arm-none-eabi/lib/armv6-m/libc.a(lib_a-init.o)
                                0x1ff (size before relaxing)
 .debug_str     0x0003585c       0xba /usr/lib/gcc/arm-none-eabi/4.9.3/../../../arm-none-eabi/lib/armv6-m/libc.a(lib_a-memcpy.o)
                                0x1c7 (size before relaxing)
 .debug_str     0x00035916       0x42 /usr/lib/gcc/arm-none-eabi/4.9.3/../../../arm-none-eabi/lib/armv6-m/libc.a(lib_a-memset.o)
                                0x1b4 (size before relaxing)
 .debug_str     0x00035958       0x30 /usr/lib/gcc/arm-none-eabi/4.9.3/../../../arm-none-eabi/lib/armv6-m/libc.a(lib_a-__atexit.o)
                                0x5b9 (size before relaxing)
 .debug_str     0x00035988       0x70 /usr/lib/gcc/arm-none-eabi/4.9.3/../../../arm-none-eabi/lib/armv6-m/libc.a(lib_a-__call_atexit.o)
                                0x5d1 (size before relaxing)
 .debug_str     0x000359f8       0xe0 /usr/lib/gcc/arm-none-eabi/4.9.3/../../../arm-none-eabi/lib/armv6-m/libnosys.a(_exit.o)
                                 0xe6 (size before relaxing)

.debug_frame    0x00000000     0x11ec
 .debug_frame   0x00000000      0x284 _build/main.o
 .debug_frame   0x00000284      0x24c _build/nrf_soc.o
 .debug_frame   0x000004d0       0x50 _build/nrf_delay.o
 .debug_frame   0x00000520      0x110 _build/simple_uart.o
 .debug_frame   0x00000630      0x234 _build/spi_master.o
 .debug_frame   0x00000864      0x534 _build/app_timer.o
 .debug_frame   0x00000d98       0xd0 _build/app_scheduler.o
 .debug_frame   0x00000e68      0x130 _build/LIS2DH_app.o
 .debug_frame   0x00000f98       0x80 _build/system_nrf51.o
 .debug_frame   0x00001018       0x20 /usr/lib/gcc/arm-none-eabi/4.9.3/armv6-m/libgcc.a(_udivsi3.o)
 .debug_frame   0x00001038       0x28 /usr/lib/gcc/arm-none-eabi/4.9.3/../../../arm-none-eabi/lib/armv6-m/libc.a(lib_a-atexit.o)
 .debug_frame   0x00001060       0x28 /usr/lib/gcc/arm-none-eabi/4.9.3/../../../arm-none-eabi/lib/armv6-m/libc.a(lib_a-exit.o)
 .debug_frame   0x00001088       0x2c /usr/lib/gcc/arm-none-eabi/4.9.3/../../../arm-none-eabi/lib/armv6-m/libc.a(lib_a-fini.o)
 .debug_frame   0x000010b4       0x2c /usr/lib/gcc/arm-none-eabi/4.9.3/../../../arm-none-eabi/lib/armv6-m/libc.a(lib_a-init.o)
 .debug_frame   0x000010e0       0x30 /usr/lib/gcc/arm-none-eabi/4.9.3/../../../arm-none-eabi/lib/armv6-m/libc.a(lib_a-memcpy.o)
 .debug_frame   0x00001110       0x30 /usr/lib/gcc/arm-none-eabi/4.9.3/../../../arm-none-eabi/lib/armv6-m/libc.a(lib_a-memset.o)
 .debug_frame   0x00001140       0x38 /usr/lib/gcc/arm-none-eabi/4.9.3/../../../arm-none-eabi/lib/armv6-m/libc.a(lib_a-__atexit.o)
 .debug_frame   0x00001178       0x54 /usr/lib/gcc/arm-none-eabi/4.9.3/../../../arm-none-eabi/lib/armv6-m/libc.a(lib_a-__call_atexit.o)
 .debug_frame   0x000011cc       0x20 /usr/lib/gcc/arm-none-eabi/4.9.3/../../../arm-none-eabi/lib/armv6-m/libnosys.a(_exit.o)

.debug_loc      0x00000000      0xaab
 .debug_loc     0x00000000       0x2c /usr/lib/gcc/arm-none-eabi/4.9.3/../../../arm-none-eabi/lib/armv6-m/libc.a(lib_a-atexit.o)
 .debug_loc     0x0000002c       0x1e /usr/lib/gcc/arm-none-eabi/4.9.3/../../../arm-none-eabi/lib/armv6-m/libc.a(lib_a-exit.o)
 .debug_loc     0x0000004a       0x2b /usr/lib/gcc/arm-none-eabi/4.9.3/../../../arm-none-eabi/lib/armv6-m/libc.a(lib_a-fini.o)
 .debug_loc     0x00000075       0x84 /usr/lib/gcc/arm-none-eabi/4.9.3/../../../arm-none-eabi/lib/armv6-m/libc.a(lib_a-init.o)
 .debug_loc     0x000000f9      0x375 /usr/lib/gcc/arm-none-eabi/4.9.3/../../../arm-none-eabi/lib/armv6-m/libc.a(lib_a-memcpy.o)
 .debug_loc     0x0000046e      0x1b0 /usr/lib/gcc/arm-none-eabi/4.9.3/../../../arm-none-eabi/lib/armv6-m/libc.a(lib_a-memset.o)
 .debug_loc     0x0000061e      0x1b9 /usr/lib/gcc/arm-none-eabi/4.9.3/../../../arm-none-eabi/lib/armv6-m/libc.a(lib_a-__atexit.o)
 .debug_loc     0x000007d7      0x2d4 /usr/lib/gcc/arm-none-eabi/4.9.3/../../../arm-none-eabi/lib/armv6-m/libc.a(lib_a-__call_atexit.o)

.debug_ranges   0x00000000       0xb8
 .debug_ranges  0x00000000       0x10 /usr/lib/gcc/arm-none-eabi/4.9.3/../../../arm-none-eabi/lib/armv6-m/libc.a(lib_a-atexit.o)
 .debug_ranges  0x00000010       0x10 /usr/lib/gcc/arm-none-eabi/4.9.3/../../../arm-none-eabi/lib/armv6-m/libc.a(lib_a-exit.o)
 .debug_ranges  0x00000020       0x10 /usr/lib/gcc/arm-none-eabi/4.9.3/../../../arm-none-eabi/lib/armv6-m/libc.a(lib_a-fini.o)
 .debug_ranges  0x00000030       0x10 /usr/lib/gcc/arm-none-eabi/4.9.3/../../../arm-none-eabi/lib/armv6-m/libc.a(lib_a-init.o)
 .debug_ranges  0x00000040       0x10 /usr/lib/gcc/arm-none-eabi/4.9.3/../../../arm-none-eabi/lib/armv6-m/libc.a(lib_a-memcpy.o)
 .debug_ranges  0x00000050       0x10 /usr/lib/gcc/arm-none-eabi/4.9.3/../../../arm-none-eabi/lib/armv6-m/libc.a(lib_a-memset.o)
 .debug_ranges  0x00000060       0x10 /usr/lib/gcc/arm-none-eabi/4.9.3/../../../arm-none-eabi/lib/armv6-m/libc.a(lib_a-__atexit.o)
 .debug_ranges  0x00000070       0x38 /usr/lib/gcc/arm-none-eabi/4.9.3/../../../arm-none-eabi/lib/armv6-m/libc.a(lib_a-__call_atexit.o)
 .debug_ranges  0x000000a8       0x10 /usr/lib/gcc/arm-none-eabi/4.9.3/../../../arm-none-eabi/lib/armv6-m/libnosys.a(_exit.o)
