Archive member included because of file (symbol)

/usr/bin/../lib/gcc/arm-none-eabi/4.9.3/armv6-m/libgcc.a(_udivsi3.o)
                              _build/main.o (__aeabi_uidiv)
/usr/bin/../lib/gcc/arm-none-eabi/4.9.3/armv6-m/libgcc.a(_dvmd_tls.o)
                              /usr/bin/../lib/gcc/arm-none-eabi/4.9.3/armv6-m/libgcc.a(_udivsi3.o) (__aeabi_idiv0)
/usr/bin/../lib/gcc/arm-none-eabi/4.9.3/../../../../arm-none-eabi/lib/armv6-m/libc.a(lib_a-exit.o)
                              /usr/bin/../lib/gcc/arm-none-eabi/4.9.3/../../../../arm-none-eabi/lib/armv6-m/crt0.o (exit)
/usr/bin/../lib/gcc/arm-none-eabi/4.9.3/../../../../arm-none-eabi/lib/armv6-m/libc.a(lib_a-impure.o)
                              /usr/bin/../lib/gcc/arm-none-eabi/4.9.3/../../../../arm-none-eabi/lib/armv6-m/libc.a(lib_a-exit.o) (_global_impure_ptr)
/usr/bin/../lib/gcc/arm-none-eabi/4.9.3/../../../../arm-none-eabi/lib/armv6-m/libc.a(lib_a-init.o)
                              /usr/bin/../lib/gcc/arm-none-eabi/4.9.3/../../../../arm-none-eabi/lib/armv6-m/crt0.o (__libc_init_array)
/usr/bin/../lib/gcc/arm-none-eabi/4.9.3/../../../../arm-none-eabi/lib/armv6-m/libc.a(lib_a-memcpy.o)
                              _build/main.o (memcpy)
/usr/bin/../lib/gcc/arm-none-eabi/4.9.3/../../../../arm-none-eabi/lib/armv6-m/libc.a(lib_a-memset.o)
                              /usr/bin/../lib/gcc/arm-none-eabi/4.9.3/../../../../arm-none-eabi/lib/armv6-m/crt0.o (memset)
/usr/bin/../lib/gcc/arm-none-eabi/4.9.3/../../../../arm-none-eabi/lib/armv6-m/libc.a(lib_a-__call_atexit.o)
                              /usr/bin/../lib/gcc/arm-none-eabi/4.9.3/../../../../arm-none-eabi/lib/armv6-m/libc.a(lib_a-exit.o) (__call_exitprocs)
/usr/bin/../lib/gcc/arm-none-eabi/4.9.3/../../../../arm-none-eabi/lib/armv6-m/libc.a(lib_a-atexit.o)
                              /usr/bin/../lib/gcc/arm-none-eabi/4.9.3/../../../../arm-none-eabi/lib/armv6-m/libc.a(lib_a-__call_atexit.o) (atexit)
/usr/bin/../lib/gcc/arm-none-eabi/4.9.3/../../../../arm-none-eabi/lib/armv6-m/libc.a(lib_a-fini.o)
                              /usr/bin/../lib/gcc/arm-none-eabi/4.9.3/../../../../arm-none-eabi/lib/armv6-m/libc.a(lib_a-__call_atexit.o) (__libc_fini_array)
/usr/bin/../lib/gcc/arm-none-eabi/4.9.3/../../../../arm-none-eabi/lib/armv6-m/libc.a(lib_a-__atexit.o)
                              /usr/bin/../lib/gcc/arm-none-eabi/4.9.3/../../../../arm-none-eabi/lib/armv6-m/libc.a(lib_a-atexit.o) (__register_exitproc)
/usr/bin/../lib/gcc/arm-none-eabi/4.9.3/../../../../arm-none-eabi/lib/armv6-m/libnosys.a(_exit.o)
                              /usr/bin/../lib/gcc/arm-none-eabi/4.9.3/../../../../arm-none-eabi/lib/armv6-m/libc.a(lib_a-exit.o) (_exit)

Allocating common symbols
Common symbol       size              file

__stdin             0x68              _build/app_trace.o
accel_reg           0x6               _build/main.o
__stdout            0x68              _build/app_trace.o

Discarded input sections

 .group         0x0000000000000000        0x8 _build/main.o
 .group         0x0000000000000000        0x8 _build/main.o
 .group         0x0000000000000000        0x8 _build/main.o
 .group         0x0000000000000000        0x8 _build/main.o
 .group         0x0000000000000000        0x8 _build/main.o
 .group         0x0000000000000000        0x8 _build/main.o
 .group         0x0000000000000000        0x8 _build/main.o
 .group         0x0000000000000000        0x8 _build/main.o
 .group         0x0000000000000000        0x8 _build/main.o
 .group         0x0000000000000000        0x8 _build/main.o
 .group         0x0000000000000000        0x8 _build/main.o
 .group         0x0000000000000000        0x8 _build/main.o
 .group         0x0000000000000000        0x8 _build/main.o
 .group         0x0000000000000000        0x8 _build/main.o
 .group         0x0000000000000000        0x8 _build/main.o
 .group         0x0000000000000000        0x8 _build/main.o
 .group         0x0000000000000000        0x8 _build/main.o
 .group         0x0000000000000000        0x8 _build/main.o
 .group         0x0000000000000000        0x8 _build/main.o
 .group         0x0000000000000000        0x8 _build/main.o
 .group         0x0000000000000000        0x8 _build/main.o
 .group         0x0000000000000000        0x8 _build/main.o
 .group         0x0000000000000000        0x8 _build/main.o
 .group         0x0000000000000000        0x8 _build/main.o
 .group         0x0000000000000000        0x8 _build/main.o
 .group         0x0000000000000000        0x8 _build/main.o
 .group         0x0000000000000000        0x8 _build/main.o
 .group         0x0000000000000000        0x8 _build/main.o
 .group         0x0000000000000000        0x8 _build/main.o
 .group         0x0000000000000000        0x8 _build/main.o
 .group         0x0000000000000000        0x8 _build/main.o
 .group         0x0000000000000000        0x8 _build/main.o
 .group         0x0000000000000000        0x8 _build/main.o
 .group         0x0000000000000000        0x8 _build/main.o
 .group         0x0000000000000000        0x8 _build/main.o
 .group         0x0000000000000000        0x8 _build/main.o
 .group         0x0000000000000000        0x8 _build/main.o
 .group         0x0000000000000000        0x8 _build/main.o
 .group         0x0000000000000000        0x8 _build/main.o
 .group         0x0000000000000000        0x8 _build/main.o
 .group         0x0000000000000000        0x8 _build/main.o
 .group         0x0000000000000000        0x8 _build/main.o
 .group         0x0000000000000000        0x8 _build/main.o
 .group         0x0000000000000000        0x8 _build/main.o
 .group         0x0000000000000000        0x8 _build/main.o
 .group         0x0000000000000000        0x8 _build/main.o
 .group         0x0000000000000000        0x8 _build/main.o
 .group         0x0000000000000000        0x8 _build/nrf_soc.o
 .group         0x0000000000000000        0x8 _build/nrf_soc.o
 .group         0x0000000000000000        0x8 _build/nrf_soc.o
 .group         0x0000000000000000        0x8 _build/nrf_soc.o
 .group         0x0000000000000000        0x8 _build/nrf_soc.o
 .group         0x0000000000000000        0x8 _build/nrf_soc.o
 .group         0x0000000000000000        0x8 _build/nrf_soc.o
 .group         0x0000000000000000        0x8 _build/nrf_soc.o
 .group         0x0000000000000000        0x8 _build/nrf_soc.o
 .group         0x0000000000000000        0x8 _build/nrf_soc.o
 .group         0x0000000000000000        0x8 _build/nrf_soc.o
 .group         0x0000000000000000        0x8 _build/nrf_soc.o
 .group         0x0000000000000000        0x8 _build/nrf_soc.o
 .group         0x0000000000000000        0x8 _build/nrf_soc.o
 .group         0x0000000000000000        0x8 _build/nrf_soc.o
 .group         0x0000000000000000        0x8 _build/nrf_soc.o
 .group         0x0000000000000000        0x8 _build/nrf_soc.o
 .group         0x0000000000000000        0x8 _build/nrf_soc.o
 .group         0x0000000000000000        0x8 _build/nrf_soc.o
 .group         0x0000000000000000        0x8 _build/nrf_soc.o
 .group         0x0000000000000000        0x8 _build/nrf_soc.o
 .group         0x0000000000000000        0x8 _build/nrf_soc.o
 .group         0x0000000000000000        0x8 _build/nrf_soc.o
 .group         0x0000000000000000        0x8 _build/nrf_soc.o
 .group         0x0000000000000000        0x8 _build/nrf_soc.o
 .debug_macro   0x0000000000000000      0x844 _build/nrf_soc.o
 .debug_macro   0x0000000000000000       0x58 _build/nrf_soc.o
 .debug_macro   0x0000000000000000       0x22 _build/nrf_soc.o
 .debug_macro   0x0000000000000000       0x35 _build/nrf_soc.o
 .debug_macro   0x0000000000000000       0x9c _build/nrf_soc.o
 .debug_macro   0x0000000000000000       0x16 _build/nrf_soc.o
 .debug_macro   0x0000000000000000       0x52 _build/nrf_soc.o
 .debug_macro   0x0000000000000000       0x16 _build/nrf_soc.o
 .debug_macro   0x0000000000000000       0x43 _build/nrf_soc.o
 .debug_macro   0x0000000000000000      0x180 _build/nrf_soc.o
 .debug_macro   0x0000000000000000      0x29d _build/nrf_soc.o
 .debug_macro   0x0000000000000000       0x16 _build/nrf_soc.o
 .debug_macro   0x0000000000000000       0x29 _build/nrf_soc.o
 .debug_macro   0x0000000000000000       0xe3 _build/nrf_soc.o
 .debug_macro   0x0000000000000000       0x22 _build/nrf_soc.o
 .debug_macro   0x0000000000000000      0x1df _build/nrf_soc.o
 .debug_macro   0x0000000000000000       0x22 _build/nrf_soc.o
 .debug_macro   0x0000000000000000       0x3a _build/nrf_soc.o
 .debug_macro   0x0000000000000000       0x1f _build/nrf_soc.o
 .debug_macro   0x0000000000000000      0x242 _build/nrf_soc.o
 .debug_macro   0x0000000000000000      0x1d2 _build/nrf_soc.o
 .debug_macro   0x0000000000000000       0x8e _build/nrf_soc.o
 .group         0x0000000000000000        0x8 _build/nrf_delay.o
 .group         0x0000000000000000        0x8 _build/nrf_delay.o
 .group         0x0000000000000000        0x8 _build/nrf_delay.o
 .group         0x0000000000000000        0x8 _build/nrf_delay.o
 .group         0x0000000000000000        0x8 _build/nrf_delay.o
 .group         0x0000000000000000        0x8 _build/nrf_delay.o
 .group         0x0000000000000000        0x8 _build/nrf_delay.o
 .group         0x0000000000000000        0x8 _build/nrf_delay.o
 .group         0x0000000000000000        0x8 _build/nrf_delay.o
 .group         0x0000000000000000        0x8 _build/nrf_delay.o
 .group         0x0000000000000000        0x8 _build/nrf_delay.o
 .group         0x0000000000000000        0x8 _build/nrf_delay.o
 .group         0x0000000000000000        0x8 _build/nrf_delay.o
 .group         0x0000000000000000        0x8 _build/nrf_delay.o
 .group         0x0000000000000000        0x8 _build/nrf_delay.o
 .group         0x0000000000000000        0x8 _build/nrf_delay.o
 .group         0x0000000000000000        0x8 _build/nrf_delay.o
 .group         0x0000000000000000        0x8 _build/nrf_delay.o
 .group         0x0000000000000000        0x8 _build/nrf_delay.o
 .group         0x0000000000000000        0x8 _build/nrf_delay.o
 .group         0x0000000000000000        0x8 _build/nrf_delay.o
 .group         0x0000000000000000        0x8 _build/nrf_delay.o
 .group         0x0000000000000000        0x8 _build/nrf_delay.o
 .group         0x0000000000000000        0x8 _build/nrf_delay.o
 .group         0x0000000000000000        0x8 _build/nrf_delay.o
 .group         0x0000000000000000        0x8 _build/nrf_delay.o
 .group         0x0000000000000000        0x8 _build/nrf_delay.o
 .group         0x0000000000000000        0x8 _build/nrf_delay.o
 .group         0x0000000000000000        0x8 _build/nrf_delay.o
 .group         0x0000000000000000        0x8 _build/nrf_delay.o
 .group         0x0000000000000000        0x8 _build/nrf_delay.o
 .debug_macro   0x0000000000000000      0x844 _build/nrf_delay.o
 .debug_macro   0x0000000000000000       0x58 _build/nrf_delay.o
 .debug_macro   0x0000000000000000       0x22 _build/nrf_delay.o
 .debug_macro   0x0000000000000000       0x35 _build/nrf_delay.o
 .debug_macro   0x0000000000000000       0x9c _build/nrf_delay.o
 .debug_macro   0x0000000000000000       0x16 _build/nrf_delay.o
 .debug_macro   0x0000000000000000       0x4a _build/nrf_delay.o
 .debug_macro   0x0000000000000000       0x97 _build/nrf_delay.o
 .debug_macro   0x0000000000000000      0x29d _build/nrf_delay.o
 .debug_macro   0x0000000000000000       0xef _build/nrf_delay.o
 .debug_macro   0x0000000000000000       0x10 _build/nrf_delay.o
 .debug_macro   0x0000000000000000       0x52 _build/nrf_delay.o
 .debug_macro   0x0000000000000000       0x16 _build/nrf_delay.o
 .debug_macro   0x0000000000000000       0x43 _build/nrf_delay.o
 .debug_macro   0x0000000000000000      0x180 _build/nrf_delay.o
 .debug_macro   0x0000000000000000       0x10 _build/nrf_delay.o
 .debug_macro   0x0000000000000000       0x22 _build/nrf_delay.o
 .debug_macro   0x0000000000000000       0x22 _build/nrf_delay.o
 .debug_macro   0x0000000000000000       0xbe _build/nrf_delay.o
 .debug_macro   0x0000000000000000       0x16 _build/nrf_delay.o
 .debug_macro   0x0000000000000000      0x197 _build/nrf_delay.o
 .debug_macro   0x0000000000000000       0x1c _build/nrf_delay.o
 .debug_macro   0x0000000000000000       0x22 _build/nrf_delay.o
 .debug_macro   0x0000000000000000       0x3a _build/nrf_delay.o
 .debug_macro   0x0000000000000000       0xe3 _build/nrf_delay.o
 .debug_macro   0x0000000000000000      0x1df _build/nrf_delay.o
 .debug_macro   0x0000000000000000       0x1f _build/nrf_delay.o
 .debug_macro   0x0000000000000000      0x242 _build/nrf_delay.o
 .debug_macro   0x0000000000000000      0x1d2 _build/nrf_delay.o
 .debug_macro   0x0000000000000000     0x746b _build/nrf_delay.o
 .debug_macro   0x0000000000000000      0x976 _build/nrf_delay.o
 .group         0x0000000000000000        0x8 _build/simple_uart.o
 .group         0x0000000000000000        0x8 _build/simple_uart.o
 .group         0x0000000000000000        0x8 _build/simple_uart.o
 .group         0x0000000000000000        0x8 _build/simple_uart.o
 .group         0x0000000000000000        0x8 _build/simple_uart.o
 .group         0x0000000000000000        0x8 _build/simple_uart.o
 .group         0x0000000000000000        0x8 _build/simple_uart.o
 .group         0x0000000000000000        0x8 _build/simple_uart.o
 .group         0x0000000000000000        0x8 _build/simple_uart.o
 .group         0x0000000000000000        0x8 _build/simple_uart.o
 .group         0x0000000000000000        0x8 _build/simple_uart.o
 .group         0x0000000000000000        0x8 _build/simple_uart.o
 .group         0x0000000000000000        0x8 _build/simple_uart.o
 .group         0x0000000000000000        0x8 _build/simple_uart.o
 .group         0x0000000000000000        0x8 _build/simple_uart.o
 .debug_macro   0x0000000000000000      0x844 _build/simple_uart.o
 .debug_macro   0x0000000000000000       0x22 _build/simple_uart.o
 .debug_macro   0x0000000000000000       0x44 _build/simple_uart.o
 .debug_macro   0x0000000000000000       0xe3 _build/simple_uart.o
 .debug_macro   0x0000000000000000       0x22 _build/simple_uart.o
 .debug_macro   0x0000000000000000      0x1df _build/simple_uart.o
 .debug_macro   0x0000000000000000       0x22 _build/simple_uart.o
 .debug_macro   0x0000000000000000       0x3a _build/simple_uart.o
 .debug_macro   0x0000000000000000       0x1f _build/simple_uart.o
 .debug_macro   0x0000000000000000      0x242 _build/simple_uart.o
 .debug_macro   0x0000000000000000      0x1d2 _build/simple_uart.o
 .debug_macro   0x0000000000000000     0x746b _build/simple_uart.o
 .debug_macro   0x0000000000000000      0x976 _build/simple_uart.o
 .debug_macro   0x0000000000000000       0x22 _build/simple_uart.o
 .group         0x0000000000000000        0x8 _build/spi_master.o
 .group         0x0000000000000000        0x8 _build/spi_master.o
 .group         0x0000000000000000        0x8 _build/spi_master.o
 .group         0x0000000000000000        0x8 _build/spi_master.o
 .group         0x0000000000000000        0x8 _build/spi_master.o
 .group         0x0000000000000000        0x8 _build/spi_master.o
 .group         0x0000000000000000        0x8 _build/spi_master.o
 .group         0x0000000000000000        0x8 _build/spi_master.o
 .group         0x0000000000000000        0x8 _build/spi_master.o
 .group         0x0000000000000000        0x8 _build/spi_master.o
 .group         0x0000000000000000        0x8 _build/spi_master.o
 .group         0x0000000000000000        0x8 _build/spi_master.o
 .group         0x0000000000000000        0x8 _build/spi_master.o
 .group         0x0000000000000000        0x8 _build/spi_master.o
 .group         0x0000000000000000        0x8 _build/spi_master.o
 .group         0x0000000000000000        0x8 _build/spi_master.o
 .group         0x0000000000000000        0x8 _build/spi_master.o
 .group         0x0000000000000000        0x8 _build/spi_master.o
 .group         0x0000000000000000        0x8 _build/spi_master.o
 .group         0x0000000000000000        0x8 _build/spi_master.o
 .group         0x0000000000000000        0x8 _build/spi_master.o
 .group         0x0000000000000000        0x8 _build/spi_master.o
 .group         0x0000000000000000        0x8 _build/spi_master.o
 .group         0x0000000000000000        0x8 _build/spi_master.o
 .group         0x0000000000000000        0x8 _build/spi_master.o
 .group         0x0000000000000000        0x8 _build/spi_master.o
 .group         0x0000000000000000        0x8 _build/spi_master.o
 .group         0x0000000000000000        0x8 _build/spi_master.o
 .group         0x0000000000000000        0x8 _build/spi_master.o
 .debug_macro   0x0000000000000000      0x844 _build/spi_master.o
 .debug_macro   0x0000000000000000       0x22 _build/spi_master.o
 .debug_macro   0x0000000000000000       0x44 _build/spi_master.o
 .debug_macro   0x0000000000000000       0xe3 _build/spi_master.o
 .debug_macro   0x0000000000000000       0x22 _build/spi_master.o
 .debug_macro   0x0000000000000000      0x1df _build/spi_master.o
 .debug_macro   0x0000000000000000       0x22 _build/spi_master.o
 .debug_macro   0x0000000000000000       0x8e _build/spi_master.o
 .debug_macro   0x0000000000000000       0x16 _build/spi_master.o
 .debug_macro   0x0000000000000000       0x22 _build/spi_master.o
 .debug_macro   0x0000000000000000       0x3a _build/spi_master.o
 .debug_macro   0x0000000000000000       0x1f _build/spi_master.o
 .debug_macro   0x0000000000000000      0x242 _build/spi_master.o
 .debug_macro   0x0000000000000000      0x1d2 _build/spi_master.o
 .debug_macro   0x0000000000000000     0x746b _build/spi_master.o
 .debug_macro   0x0000000000000000       0x58 _build/spi_master.o
 .debug_macro   0x0000000000000000       0x35 _build/spi_master.o
 .debug_macro   0x0000000000000000       0x9c _build/spi_master.o
 .debug_macro   0x0000000000000000       0x16 _build/spi_master.o
 .debug_macro   0x0000000000000000      0x10e _build/spi_master.o
 .debug_macro   0x0000000000000000       0x7f _build/spi_master.o
 .debug_macro   0x0000000000000000       0x52 _build/spi_master.o
 .debug_macro   0x0000000000000000       0x16 _build/spi_master.o
 .debug_macro   0x0000000000000000       0x43 _build/spi_master.o
 .debug_macro   0x0000000000000000      0x180 _build/spi_master.o
 .debug_macro   0x0000000000000000      0x29d _build/spi_master.o
 .debug_macro   0x0000000000000000       0x16 _build/spi_master.o
 .debug_macro   0x0000000000000000       0x29 _build/spi_master.o
 .group         0x0000000000000000        0x8 _build/app_timer.o
 .group         0x0000000000000000        0x8 _build/app_timer.o
 .group         0x0000000000000000        0x8 _build/app_timer.o
 .group         0x0000000000000000        0x8 _build/app_timer.o
 .group         0x0000000000000000        0x8 _build/app_timer.o
 .group         0x0000000000000000        0x8 _build/app_timer.o
 .group         0x0000000000000000        0x8 _build/app_timer.o
 .group         0x0000000000000000        0x8 _build/app_timer.o
 .group         0x0000000000000000        0x8 _build/app_timer.o
 .group         0x0000000000000000        0x8 _build/app_timer.o
 .group         0x0000000000000000        0x8 _build/app_timer.o
 .group         0x0000000000000000        0x8 _build/app_timer.o
 .group         0x0000000000000000        0x8 _build/app_timer.o
 .group         0x0000000000000000        0x8 _build/app_timer.o
 .group         0x0000000000000000        0x8 _build/app_timer.o
 .group         0x0000000000000000        0x8 _build/app_timer.o
 .group         0x0000000000000000        0x8 _build/app_timer.o
 .group         0x0000000000000000        0x8 _build/app_timer.o
 .group         0x0000000000000000        0x8 _build/app_timer.o
 .group         0x0000000000000000        0x8 _build/app_timer.o
 .group         0x0000000000000000        0x8 _build/app_timer.o
 .group         0x0000000000000000        0x8 _build/app_timer.o
 .group         0x0000000000000000        0x8 _build/app_timer.o
 .group         0x0000000000000000        0x8 _build/app_timer.o
 .group         0x0000000000000000        0x8 _build/app_timer.o
 .group         0x0000000000000000        0x8 _build/app_timer.o
 .group         0x0000000000000000        0x8 _build/app_timer.o
 .group         0x0000000000000000        0x8 _build/app_timer.o
 .group         0x0000000000000000        0x8 _build/app_timer.o
 .group         0x0000000000000000        0x8 _build/app_timer.o
 .group         0x0000000000000000        0x8 _build/app_timer.o
 .group         0x0000000000000000        0x8 _build/app_timer.o
 .group         0x0000000000000000        0x8 _build/app_timer.o
 .group         0x0000000000000000        0x8 _build/app_timer.o
 .group         0x0000000000000000        0x8 _build/app_timer.o
 .group         0x0000000000000000        0x8 _build/app_timer.o
 .group         0x0000000000000000        0x8 _build/app_timer.o
 .group         0x0000000000000000        0x8 _build/app_timer.o
 .group         0x0000000000000000        0x8 _build/app_timer.o
 .group         0x0000000000000000        0x8 _build/app_timer.o
 .group         0x0000000000000000        0x8 _build/app_timer.o
 .group         0x0000000000000000        0x8 _build/app_timer.o
 .debug_macro   0x0000000000000000      0x844 _build/app_timer.o
 .debug_macro   0x0000000000000000       0x22 _build/app_timer.o
 .debug_macro   0x0000000000000000       0x44 _build/app_timer.o
 .debug_macro   0x0000000000000000       0xe3 _build/app_timer.o
 .debug_macro   0x0000000000000000       0x22 _build/app_timer.o
 .debug_macro   0x0000000000000000      0x1df _build/app_timer.o
 .debug_macro   0x0000000000000000       0x22 _build/app_timer.o
 .debug_macro   0x0000000000000000       0x58 _build/app_timer.o
 .debug_macro   0x0000000000000000       0x35 _build/app_timer.o
 .debug_macro   0x0000000000000000       0x9c _build/app_timer.o
 .debug_macro   0x0000000000000000       0x16 _build/app_timer.o
 .debug_macro   0x0000000000000000       0x97 _build/app_timer.o
 .debug_macro   0x0000000000000000      0x29d _build/app_timer.o
 .debug_macro   0x0000000000000000       0xef _build/app_timer.o
 .debug_macro   0x0000000000000000       0x10 _build/app_timer.o
 .debug_macro   0x0000000000000000       0x52 _build/app_timer.o
 .debug_macro   0x0000000000000000       0x16 _build/app_timer.o
 .debug_macro   0x0000000000000000       0x43 _build/app_timer.o
 .debug_macro   0x0000000000000000      0x180 _build/app_timer.o
 .debug_macro   0x0000000000000000       0x10 _build/app_timer.o
 .debug_macro   0x0000000000000000       0x22 _build/app_timer.o
 .debug_macro   0x0000000000000000       0xbe _build/app_timer.o
 .debug_macro   0x0000000000000000       0x16 _build/app_timer.o
 .debug_macro   0x0000000000000000      0x197 _build/app_timer.o
 .debug_macro   0x0000000000000000       0x8e _build/app_timer.o
 .debug_macro   0x0000000000000000       0x16 _build/app_timer.o
 .debug_macro   0x0000000000000000       0x1c _build/app_timer.o
 .debug_macro   0x0000000000000000       0x41 _build/app_timer.o
 .debug_macro   0x0000000000000000       0x16 _build/app_timer.o
 .debug_macro   0x0000000000000000       0x35 _build/app_timer.o
 .debug_macro   0x0000000000000000       0x16 _build/app_timer.o
 .debug_macro   0x0000000000000000       0x29 _build/app_timer.o
 .debug_macro   0x0000000000000000       0x22 _build/app_timer.o
 .debug_macro   0x0000000000000000       0x3a _build/app_timer.o
 .debug_macro   0x0000000000000000       0x1f _build/app_timer.o
 .debug_macro   0x0000000000000000      0x242 _build/app_timer.o
 .debug_macro   0x0000000000000000      0x1d2 _build/app_timer.o
 .debug_macro   0x0000000000000000     0x746b _build/app_timer.o
 .debug_macro   0x0000000000000000      0x976 _build/app_timer.o
 .group         0x0000000000000000        0x8 _build/app_scheduler.o
 .group         0x0000000000000000        0x8 _build/app_scheduler.o
 .group         0x0000000000000000        0x8 _build/app_scheduler.o
 .group         0x0000000000000000        0x8 _build/app_scheduler.o
 .group         0x0000000000000000        0x8 _build/app_scheduler.o
 .group         0x0000000000000000        0x8 _build/app_scheduler.o
 .group         0x0000000000000000        0x8 _build/app_scheduler.o
 .group         0x0000000000000000        0x8 _build/app_scheduler.o
 .group         0x0000000000000000        0x8 _build/app_scheduler.o
 .group         0x0000000000000000        0x8 _build/app_scheduler.o
 .group         0x0000000000000000        0x8 _build/app_scheduler.o
 .group         0x0000000000000000        0x8 _build/app_scheduler.o
 .group         0x0000000000000000        0x8 _build/app_scheduler.o
 .group         0x0000000000000000        0x8 _build/app_scheduler.o
 .group         0x0000000000000000        0x8 _build/app_scheduler.o
 .group         0x0000000000000000        0x8 _build/app_scheduler.o
 .group         0x0000000000000000        0x8 _build/app_scheduler.o
 .group         0x0000000000000000        0x8 _build/app_scheduler.o
 .group         0x0000000000000000        0x8 _build/app_scheduler.o
 .group         0x0000000000000000        0x8 _build/app_scheduler.o
 .group         0x0000000000000000        0x8 _build/app_scheduler.o
 .group         0x0000000000000000        0x8 _build/app_scheduler.o
 .group         0x0000000000000000        0x8 _build/app_scheduler.o
 .group         0x0000000000000000        0x8 _build/app_scheduler.o
 .group         0x0000000000000000        0x8 _build/app_scheduler.o
 .group         0x0000000000000000        0x8 _build/app_scheduler.o
 .group         0x0000000000000000        0x8 _build/app_scheduler.o
 .group         0x0000000000000000        0x8 _build/app_scheduler.o
 .group         0x0000000000000000        0x8 _build/app_scheduler.o
 .group         0x0000000000000000        0x8 _build/app_scheduler.o
 .group         0x0000000000000000        0x8 _build/app_scheduler.o
 .group         0x0000000000000000        0x8 _build/app_scheduler.o
 .group         0x0000000000000000        0x8 _build/app_scheduler.o
 .group         0x0000000000000000        0x8 _build/app_scheduler.o
 .debug_macro   0x0000000000000000      0x844 _build/app_scheduler.o
 .debug_macro   0x0000000000000000       0x22 _build/app_scheduler.o
 .debug_macro   0x0000000000000000       0x44 _build/app_scheduler.o
 .debug_macro   0x0000000000000000       0xe3 _build/app_scheduler.o
 .debug_macro   0x0000000000000000       0x22 _build/app_scheduler.o
 .debug_macro   0x0000000000000000      0x1df _build/app_scheduler.o
 .debug_macro   0x0000000000000000       0x22 _build/app_scheduler.o
 .debug_macro   0x0000000000000000       0x8e _build/app_scheduler.o
 .debug_macro   0x0000000000000000       0x16 _build/app_scheduler.o
 .debug_macro   0x0000000000000000       0x16 _build/app_scheduler.o
 .debug_macro   0x0000000000000000       0x58 _build/app_scheduler.o
 .debug_macro   0x0000000000000000       0x35 _build/app_scheduler.o
 .debug_macro   0x0000000000000000       0x9c _build/app_scheduler.o
 .debug_macro   0x0000000000000000       0x16 _build/app_scheduler.o
 .debug_macro   0x0000000000000000      0x10e _build/app_scheduler.o
 .debug_macro   0x0000000000000000       0x7f _build/app_scheduler.o
 .debug_macro   0x0000000000000000       0x52 _build/app_scheduler.o
 .debug_macro   0x0000000000000000       0x16 _build/app_scheduler.o
 .debug_macro   0x0000000000000000       0x43 _build/app_scheduler.o
 .debug_macro   0x0000000000000000      0x180 _build/app_scheduler.o
 .debug_macro   0x0000000000000000      0x29d _build/app_scheduler.o
 .debug_macro   0x0000000000000000       0x16 _build/app_scheduler.o
 .debug_macro   0x0000000000000000       0x29 _build/app_scheduler.o
 .debug_macro   0x0000000000000000       0x35 _build/app_scheduler.o
 .debug_macro   0x0000000000000000       0x22 _build/app_scheduler.o
 .debug_macro   0x0000000000000000       0x3a _build/app_scheduler.o
 .debug_macro   0x0000000000000000       0x1f _build/app_scheduler.o
 .debug_macro   0x0000000000000000      0x242 _build/app_scheduler.o
 .debug_macro   0x0000000000000000      0x1d2 _build/app_scheduler.o
 .debug_macro   0x0000000000000000       0x10 _build/app_scheduler.o
 .debug_macro   0x0000000000000000       0x22 _build/app_scheduler.o
 .debug_macro   0x0000000000000000       0x22 _build/app_scheduler.o
 .group         0x0000000000000000        0x8 _build/LIS2DH_app.o
 .group         0x0000000000000000        0x8 _build/LIS2DH_app.o
 .group         0x0000000000000000        0x8 _build/LIS2DH_app.o
 .group         0x0000000000000000        0x8 _build/LIS2DH_app.o
 .group         0x0000000000000000        0x8 _build/LIS2DH_app.o
 .group         0x0000000000000000        0x8 _build/LIS2DH_app.o
 .group         0x0000000000000000        0x8 _build/LIS2DH_app.o
 .group         0x0000000000000000        0x8 _build/LIS2DH_app.o
 .group         0x0000000000000000        0x8 _build/LIS2DH_app.o
 .group         0x0000000000000000        0x8 _build/LIS2DH_app.o
 .group         0x0000000000000000        0x8 _build/LIS2DH_app.o
 .group         0x0000000000000000        0x8 _build/LIS2DH_app.o
 .group         0x0000000000000000        0x8 _build/LIS2DH_app.o
 .group         0x0000000000000000        0x8 _build/LIS2DH_app.o
 .group         0x0000000000000000        0x8 _build/LIS2DH_app.o
 .group         0x0000000000000000        0x8 _build/LIS2DH_app.o
 .group         0x0000000000000000        0x8 _build/LIS2DH_app.o
 .group         0x0000000000000000        0x8 _build/LIS2DH_app.o
 .group         0x0000000000000000        0x8 _build/LIS2DH_app.o
 .group         0x0000000000000000        0x8 _build/LIS2DH_app.o
 .group         0x0000000000000000        0x8 _build/LIS2DH_app.o
 .group         0x0000000000000000        0x8 _build/LIS2DH_app.o
 .group         0x0000000000000000        0x8 _build/LIS2DH_app.o
 .group         0x0000000000000000        0x8 _build/LIS2DH_app.o
 .group         0x0000000000000000        0x8 _build/LIS2DH_app.o
 .group         0x0000000000000000        0x8 _build/LIS2DH_app.o
 .group         0x0000000000000000        0x8 _build/LIS2DH_app.o
 .group         0x0000000000000000        0x8 _build/LIS2DH_app.o
 .group         0x0000000000000000        0x8 _build/LIS2DH_app.o
 .group         0x0000000000000000        0x8 _build/LIS2DH_app.o
 .debug_macro   0x0000000000000000      0x844 _build/LIS2DH_app.o
 .debug_macro   0x0000000000000000       0x22 _build/LIS2DH_app.o
 .debug_macro   0x0000000000000000       0x3a _build/LIS2DH_app.o
 .debug_macro   0x0000000000000000       0x22 _build/LIS2DH_app.o
 .debug_macro   0x0000000000000000       0x44 _build/LIS2DH_app.o
 .debug_macro   0x0000000000000000       0xe3 _build/LIS2DH_app.o
 .debug_macro   0x0000000000000000       0x22 _build/LIS2DH_app.o
 .debug_macro   0x0000000000000000      0x1df _build/LIS2DH_app.o
 .debug_macro   0x0000000000000000       0x1f _build/LIS2DH_app.o
 .debug_macro   0x0000000000000000      0x242 _build/LIS2DH_app.o
 .debug_macro   0x0000000000000000      0x1d2 _build/LIS2DH_app.o
 .debug_macro   0x0000000000000000     0x746b _build/LIS2DH_app.o
 .debug_macro   0x0000000000000000       0xd0 _build/LIS2DH_app.o
 .debug_macro   0x0000000000000000       0x58 _build/LIS2DH_app.o
 .debug_macro   0x0000000000000000       0x35 _build/LIS2DH_app.o
 .debug_macro   0x0000000000000000       0x9c _build/LIS2DH_app.o
 .debug_macro   0x0000000000000000       0x16 _build/LIS2DH_app.o
 .debug_macro   0x0000000000000000      0x10e _build/LIS2DH_app.o
 .debug_macro   0x0000000000000000       0x7f _build/LIS2DH_app.o
 .debug_macro   0x0000000000000000       0x52 _build/LIS2DH_app.o
 .debug_macro   0x0000000000000000       0x16 _build/LIS2DH_app.o
 .debug_macro   0x0000000000000000       0x43 _build/LIS2DH_app.o
 .debug_macro   0x0000000000000000      0x180 _build/LIS2DH_app.o
 .debug_macro   0x0000000000000000      0x29d _build/LIS2DH_app.o
 .debug_macro   0x0000000000000000       0x16 _build/LIS2DH_app.o
 .debug_macro   0x0000000000000000       0x29 _build/LIS2DH_app.o
 .debug_macro   0x0000000000000000       0xe8 _build/LIS2DH_app.o
 .debug_macro   0x0000000000000000      0x976 _build/LIS2DH_app.o
 .debug_macro   0x0000000000000000       0x10 _build/LIS2DH_app.o
 .group         0x0000000000000000        0x8 _build/app_trace.o
 .group         0x0000000000000000        0x8 _build/app_trace.o
 .group         0x0000000000000000        0x8 _build/app_trace.o
 .group         0x0000000000000000        0x8 _build/app_trace.o
 .group         0x0000000000000000        0x8 _build/app_trace.o
 .group         0x0000000000000000        0x8 _build/app_trace.o
 .group         0x0000000000000000        0x8 _build/app_trace.o
 .group         0x0000000000000000        0x8 _build/app_trace.o
 .group         0x0000000000000000        0x8 _build/app_trace.o
 .group         0x0000000000000000        0x8 _build/app_trace.o
 .group         0x0000000000000000        0x8 _build/app_trace.o
 .group         0x0000000000000000        0x8 _build/app_trace.o
 .group         0x0000000000000000        0x8 _build/app_trace.o
 .group         0x0000000000000000        0x8 _build/app_trace.o
 .group         0x0000000000000000        0x8 _build/app_trace.o
 .group         0x0000000000000000        0x8 _build/app_trace.o
 .group         0x0000000000000000        0x8 _build/app_trace.o
 .group         0x0000000000000000        0x8 _build/app_trace.o
 .group         0x0000000000000000        0x8 _build/app_trace.o
 .group         0x0000000000000000        0x8 _build/app_trace.o
 .group         0x0000000000000000        0x8 _build/app_trace.o
 .group         0x0000000000000000        0x8 _build/app_trace.o
 .group         0x0000000000000000        0x8 _build/app_trace.o
 .group         0x0000000000000000        0x8 _build/app_trace.o
 .group         0x0000000000000000        0x8 _build/app_trace.o
 .group         0x0000000000000000        0x8 _build/app_trace.o
 .group         0x0000000000000000        0x8 _build/app_trace.o
 .group         0x0000000000000000        0x8 _build/app_trace.o
 .group         0x0000000000000000        0x8 _build/app_trace.o
 .group         0x0000000000000000        0x8 _build/app_trace.o
 .group         0x0000000000000000        0x8 _build/app_trace.o
 .group         0x0000000000000000        0x8 _build/app_trace.o
 .group         0x0000000000000000        0x8 _build/app_trace.o
 .group         0x0000000000000000        0x8 _build/app_trace.o
 .group         0x0000000000000000        0x8 _build/app_trace.o
 .group         0x0000000000000000        0x8 _build/app_trace.o
 .group         0x0000000000000000        0x8 _build/app_trace.o
 .group         0x0000000000000000        0x8 _build/app_trace.o
 .group         0x0000000000000000        0x8 _build/app_trace.o
 .group         0x0000000000000000        0x8 _build/app_trace.o
 .group         0x0000000000000000        0x8 _build/app_trace.o
 .group         0x0000000000000000        0x8 _build/app_trace.o
 .group         0x0000000000000000        0x8 _build/app_trace.o
 .group         0x0000000000000000        0x8 _build/app_trace.o
 .debug_macro   0x0000000000000000      0x844 _build/app_trace.o
 .debug_macro   0x0000000000000000       0x58 _build/app_trace.o
 .debug_macro   0x0000000000000000       0x22 _build/app_trace.o
 .debug_macro   0x0000000000000000       0x35 _build/app_trace.o
 .debug_macro   0x0000000000000000       0x9c _build/app_trace.o
 .debug_macro   0x0000000000000000       0x16 _build/app_trace.o
 .debug_macro   0x0000000000000000       0x4a _build/app_trace.o
 .debug_macro   0x0000000000000000       0x97 _build/app_trace.o
 .debug_macro   0x0000000000000000      0x29d _build/app_trace.o
 .debug_macro   0x0000000000000000       0xef _build/app_trace.o
 .debug_macro   0x0000000000000000       0x10 _build/app_trace.o
 .debug_macro   0x0000000000000000       0x52 _build/app_trace.o
 .debug_macro   0x0000000000000000       0x16 _build/app_trace.o
 .debug_macro   0x0000000000000000       0x43 _build/app_trace.o
 .debug_macro   0x0000000000000000      0x180 _build/app_trace.o
 .debug_macro   0x0000000000000000       0x10 _build/app_trace.o
 .debug_macro   0x0000000000000000       0x22 _build/app_trace.o
 .debug_macro   0x0000000000000000       0x22 _build/app_trace.o
 .debug_macro   0x0000000000000000       0xbe _build/app_trace.o
 .debug_macro   0x0000000000000000       0x16 _build/app_trace.o
 .debug_macro   0x0000000000000000      0x197 _build/app_trace.o
 .debug_macro   0x0000000000000000       0xe3 _build/app_trace.o
 .debug_macro   0x0000000000000000      0x1df _build/app_trace.o
 .debug_macro   0x0000000000000000       0x16 _build/app_trace.o
 .debug_macro   0x0000000000000000       0x35 _build/app_trace.o
 .debug_macro   0x0000000000000000       0x22 _build/app_trace.o
 .debug_macro   0x0000000000000000       0x1c _build/app_trace.o
 .debug_macro   0x0000000000000000       0x22 _build/app_trace.o
 .debug_macro   0x0000000000000000       0x3a _build/app_trace.o
 .debug_macro   0x0000000000000000       0x1f _build/app_trace.o
 .debug_macro   0x0000000000000000      0x242 _build/app_trace.o
 .debug_macro   0x0000000000000000      0x1d2 _build/app_trace.o
 .debug_macro   0x0000000000000000       0x8e _build/app_trace.o
 .debug_macro   0x0000000000000000       0x16 _build/app_trace.o
 .debug_macro   0x0000000000000000       0x22 _build/app_trace.o
 .debug_macro   0x0000000000000000     0x746b _build/app_trace.o
 .debug_macro   0x0000000000000000      0x976 _build/app_trace.o
 .debug_macro   0x0000000000000000       0x28 _build/app_trace.o
 .debug_macro   0x0000000000000000       0xf4 _build/app_trace.o
 .debug_macro   0x0000000000000000       0x1c _build/app_trace.o
 .group         0x0000000000000000        0x8 _build/system_nrf51.o
 .group         0x0000000000000000        0x8 _build/system_nrf51.o
 .group         0x0000000000000000        0x8 _build/system_nrf51.o
 .group         0x0000000000000000        0x8 _build/system_nrf51.o
 .group         0x0000000000000000        0x8 _build/system_nrf51.o
 .group         0x0000000000000000        0x8 _build/system_nrf51.o
 .group         0x0000000000000000        0x8 _build/system_nrf51.o
 .group         0x0000000000000000        0x8 _build/system_nrf51.o
 .group         0x0000000000000000        0x8 _build/system_nrf51.o
 .group         0x0000000000000000        0x8 _build/system_nrf51.o
 .group         0x0000000000000000        0x8 _build/system_nrf51.o
 .group         0x0000000000000000        0x8 _build/system_nrf51.o
 .group         0x0000000000000000        0x8 _build/system_nrf51.o
 .group         0x0000000000000000        0x8 _build/system_nrf51.o
 .group         0x0000000000000000        0x8 _build/system_nrf51.o
 .debug_macro   0x0000000000000000      0x844 _build/system_nrf51.o
 .debug_macro   0x0000000000000000       0x22 _build/system_nrf51.o
 .debug_macro   0x0000000000000000       0x44 _build/system_nrf51.o
 .debug_macro   0x0000000000000000       0xe3 _build/system_nrf51.o
 .debug_macro   0x0000000000000000       0x22 _build/system_nrf51.o
 .debug_macro   0x0000000000000000      0x1df _build/system_nrf51.o
 .debug_macro   0x0000000000000000       0x22 _build/system_nrf51.o
 .debug_macro   0x0000000000000000       0x22 _build/system_nrf51.o
 .debug_macro   0x0000000000000000       0x3a _build/system_nrf51.o
 .debug_macro   0x0000000000000000       0x1f _build/system_nrf51.o
 .debug_macro   0x0000000000000000      0x242 _build/system_nrf51.o
 .debug_macro   0x0000000000000000      0x1d2 _build/system_nrf51.o
 .debug_macro   0x0000000000000000     0x746b _build/system_nrf51.o
 .debug_macro   0x0000000000000000      0x976 _build/system_nrf51.o
 .debug_macro   0x0000000000000000       0x10 _build/system_nrf51.o

Memory Configuration

Name             Origin             Length             Attributes
FLASH            0x0000000000016000 0x000000000002a000 xr
RAM              0x0000000020002000 0x0000000000002000 xrw
*default*        0x0000000000000000 0xffffffffffffffff

Linker script and memory map

LOAD /usr/bin/../lib/gcc/arm-none-eabi/4.9.3/armv6-m/crti.o
LOAD /usr/bin/../lib/gcc/arm-none-eabi/4.9.3/armv6-m/crtbegin.o
LOAD /usr/bin/../lib/gcc/arm-none-eabi/4.9.3/../../../../arm-none-eabi/lib/armv6-m/crt0.o
LOAD _build/main.o
LOAD _build/nrf_soc.o
LOAD _build/nrf_delay.o
LOAD _build/simple_uart.o
LOAD _build/spi_master.o
LOAD _build/app_timer.o
LOAD _build/app_scheduler.o
LOAD _build/LIS2DH_app.o
LOAD _build/app_trace.o
LOAD _build/system_nrf51.o
LOAD _build/gcc_startup_nrf51.o
START GROUP
LOAD /usr/bin/../lib/gcc/arm-none-eabi/4.9.3/armv6-m/libgcc.a
LOAD /usr/bin/../lib/gcc/arm-none-eabi/4.9.3/../../../../arm-none-eabi/lib/armv6-m/libc.a
END GROUP
LOAD /usr/bin/../lib/gcc/arm-none-eabi/4.9.3/armv6-m/crtend.o
LOAD /usr/bin/../lib/gcc/arm-none-eabi/4.9.3/armv6-m/crtn.o
START GROUP
LOAD /usr/bin/../lib/gcc/arm-none-eabi/4.9.3/armv6-m/libgcc.a
LOAD /usr/bin/../lib/gcc/arm-none-eabi/4.9.3/../../../../arm-none-eabi/lib/armv6-m/libc.a
LOAD /usr/bin/../lib/gcc/arm-none-eabi/4.9.3/../../../../arm-none-eabi/lib/armv6-m/libnosys.a
END GROUP

.text           0x0000000000016000     0x4410
 *(.Vectors)
 .Vectors       0x0000000000016000       0xc0 _build/gcc_startup_nrf51.o
                0x0000000000016000                __Vectors
 *(.text*)
 .text          0x00000000000160c0        0x0 /usr/bin/../lib/gcc/arm-none-eabi/4.9.3/armv6-m/crti.o
 .text          0x00000000000160c0       0x60 /usr/bin/../lib/gcc/arm-none-eabi/4.9.3/armv6-m/crtbegin.o
 .text          0x0000000000016120       0x78 /usr/bin/../lib/gcc/arm-none-eabi/4.9.3/../../../../arm-none-eabi/lib/armv6-m/crt0.o
                0x0000000000016120                _mainCRTStartup
                0x0000000000016120                _start
 .text          0x0000000000016198      0xf2c _build/main.o
                0x00000000000161d8                LED_INIT
                0x00000000000161f0                LEDS_ON
                0x000000000001620c                LEDS_OFF
                0x0000000000016224                LED_LPM
                0x0000000000016240                LED_BAR
                0x000000000001632c                BUT_INIT
                0x000000000001633c                app_error_handler
                0x00000000000163e0                uart_put_dec32bit
                0x00000000000168f8                uart_put_decbyte
                0x00000000000169cc                uart_put_decaccel
                0x0000000000016bd4                combine
                0x0000000000016c0c                dot
                0x0000000000016c58                lowest_led
                0x0000000000016f2c                main
 .text          0x00000000000170c4      0x408 _build/nrf_soc.o
                0x0000000000017324                sd_nvic_EnableIRQ
                0x0000000000017348                sd_nvic_DisableIRQ
                0x000000000001736c                sd_nvic_GetPendingIRQ
                0x00000000000173a0                sd_nvic_SetPendingIRQ
                0x00000000000173c4                sd_nvic_ClearPendingIRQ
                0x00000000000173e8                sd_nvic_SetPriority
                0x0000000000017418                sd_nvic_GetPriority
                0x0000000000017450                sd_nvic_SystemReset
                0x0000000000017460                sd_nvic_critical_region_enter
                0x0000000000017494                sd_nvic_critical_region_exit
 .text          0x00000000000174cc       0x5c _build/nrf_delay.o
                0x0000000000017500                nrf_delay_ms
 .text          0x0000000000017528      0x284 _build/simple_uart.o
                0x00000000000175a8                simple_uart_get
                0x00000000000175d8                simple_uart_get_with_timeout
                0x0000000000017648                simple_uart_put
                0x0000000000017684                simple_uart_putstring
                0x00000000000176d4                simple_uart_config
 .text          0x00000000000177ac      0xb50 _build/spi_master.o
                0x000000000001783c                SPI0_TWI0_IRQHandler
                0x0000000000017d60                spi_master_open
                0x0000000000017f48                spi_master_close
                0x0000000000018048                spi_master_get_state
                0x00000000000180a4                spi_master_evt_handler_reg
                0x0000000000018100                spi_master_send_recv
 .text          0x00000000000182fc     0x1248 _build/app_timer.o
                0x0000000000019128                RTC1_IRQHandler
                0x0000000000019174                SWI0_IRQHandler
                0x0000000000019180                app_timer_init
                0x00000000000192fc                app_timer_create
                0x00000000000193ec                app_timer_start
                0x0000000000019478                app_timer_stop
                0x00000000000194d8                app_timer_stop_all
                0x0000000000019500                app_timer_cnt_get
                0x000000000001951c                app_timer_cnt_diff_compute
 .text          0x0000000000019544      0x400 _build/app_scheduler.o
                0x0000000000019648                app_sched_init
                0x00000000000196d8                app_sched_event_put
                0x000000000001990c                app_sched_execute
 .text          0x0000000000019944      0x2b4 _build/LIS2DH_app.o
                0x00000000000199b8                ACCEL_INIT
                0x0000000000019a18                ACCEL_TXRX
                0x0000000000019a48                reg_write
                0x0000000000019a88                reg_read
                0x0000000000019ad0                reg_write_ver
                0x0000000000019b18                update_xyz
 .text          0x0000000000019bf8        0x0 _build/app_trace.o
 .text          0x0000000000019bf8      0x124 _build/system_nrf51.o
                0x0000000000019bf8                SystemCoreClockUpdate
                0x0000000000019c10                SystemInit
 .text          0x0000000000019d1c       0x54 _build/gcc_startup_nrf51.o
                0x0000000000019d1c                Reset_Handler
                0x0000000000019d64                NMI_Handler
                0x0000000000019d66                HardFault_Handler
                0x0000000000019d68                SVC_Handler
                0x0000000000019d6a                PendSV_Handler
                0x0000000000019d6c                SysTick_Handler
                0x0000000000019d6e                TIMER2_IRQHandler
                0x0000000000019d6e                RTC0_IRQHandler
                0x0000000000019d6e                GPIOTE_IRQHandler
                0x0000000000019d6e                POWER_CLOCK_IRQHandler
                0x0000000000019d6e                RADIO_IRQHandler
                0x0000000000019d6e                LPCOMP_IRQHandler
                0x0000000000019d6e                SWI4_IRQHandler
                0x0000000000019d6e                TEMP_IRQHandler
                0x0000000000019d6e                QDEC_IRQHandler
                0x0000000000019d6e                UART0_IRQHandler
                0x0000000000019d6e                SWI5_IRQHandler
                0x0000000000019d6e                TIMER0_IRQHandler
                0x0000000000019d6e                TIMER1_IRQHandler
                0x0000000000019d6e                ECB_IRQHandler
                0x0000000000019d6e                Default_Handler
                0x0000000000019d6e                ADC_IRQHandler
                0x0000000000019d6e                SWI3_IRQHandler
                0x0000000000019d6e                CCM_AAR_IRQHandler
                0x0000000000019d6e                WDT_IRQHandler
                0x0000000000019d6e                SWI2_IRQHandler
                0x0000000000019d6e                RNG_IRQHandler
                0x0000000000019d6e                SPI1_TWI1_IRQHandler
                0x0000000000019d6e                SWI1_IRQHandler
 .text          0x0000000000019d70      0x120 /usr/bin/../lib/gcc/arm-none-eabi/4.9.3/armv6-m/libgcc.a(_udivsi3.o)
                0x0000000000019d70                __udivsi3
                0x0000000000019d70                __aeabi_uidiv
                0x0000000000019e7c                __aeabi_uidivmod
 .text          0x0000000000019e90        0x4 /usr/bin/../lib/gcc/arm-none-eabi/4.9.3/armv6-m/libgcc.a(_dvmd_tls.o)
                0x0000000000019e90                __aeabi_ldiv0
                0x0000000000019e90                __aeabi_idiv0
 .text          0x0000000000019e94        0x0 /usr/bin/../lib/gcc/arm-none-eabi/4.9.3/../../../../arm-none-eabi/lib/armv6-m/libc.a(lib_a-exit.o)
 .text.exit     0x0000000000019e94       0x20 /usr/bin/../lib/gcc/arm-none-eabi/4.9.3/../../../../arm-none-eabi/lib/armv6-m/libc.a(lib_a-exit.o)
                0x0000000000019e94                exit
 .text          0x0000000000019eb4        0x0 /usr/bin/../lib/gcc/arm-none-eabi/4.9.3/../../../../arm-none-eabi/lib/armv6-m/libc.a(lib_a-impure.o)
 .text          0x0000000000019eb4        0x0 /usr/bin/../lib/gcc/arm-none-eabi/4.9.3/../../../../arm-none-eabi/lib/armv6-m/libc.a(lib_a-init.o)
 .text.__libc_init_array
                0x0000000000019eb4       0x48 /usr/bin/../lib/gcc/arm-none-eabi/4.9.3/../../../../arm-none-eabi/lib/armv6-m/libc.a(lib_a-init.o)
                0x0000000000019eb4                __libc_init_array
 .text          0x0000000000019efc        0x0 /usr/bin/../lib/gcc/arm-none-eabi/4.9.3/../../../../arm-none-eabi/lib/armv6-m/libc.a(lib_a-memcpy.o)
 .text.memcpy   0x0000000000019efc       0x7c /usr/bin/../lib/gcc/arm-none-eabi/4.9.3/../../../../arm-none-eabi/lib/armv6-m/libc.a(lib_a-memcpy.o)
                0x0000000000019efc                memcpy
 .text          0x0000000000019f78        0x0 /usr/bin/../lib/gcc/arm-none-eabi/4.9.3/../../../../arm-none-eabi/lib/armv6-m/libc.a(lib_a-memset.o)
 .text.memset   0x0000000000019f78       0x8c /usr/bin/../lib/gcc/arm-none-eabi/4.9.3/../../../../arm-none-eabi/lib/armv6-m/libc.a(lib_a-memset.o)
                0x0000000000019f78                memset
 .text          0x000000000001a004        0x0 /usr/bin/../lib/gcc/arm-none-eabi/4.9.3/../../../../arm-none-eabi/lib/armv6-m/libc.a(lib_a-__call_atexit.o)
 .text.startup.register_fini
                0x000000000001a004       0x18 /usr/bin/../lib/gcc/arm-none-eabi/4.9.3/../../../../arm-none-eabi/lib/armv6-m/libc.a(lib_a-__call_atexit.o)
 .text.__call_exitprocs
                0x000000000001a01c      0x108 /usr/bin/../lib/gcc/arm-none-eabi/4.9.3/../../../../arm-none-eabi/lib/armv6-m/libc.a(lib_a-__call_atexit.o)
                0x000000000001a01c                __call_exitprocs
 .text          0x000000000001a124        0x0 /usr/bin/../lib/gcc/arm-none-eabi/4.9.3/../../../../arm-none-eabi/lib/armv6-m/libc.a(lib_a-atexit.o)
 .text.atexit   0x000000000001a124       0x10 /usr/bin/../lib/gcc/arm-none-eabi/4.9.3/../../../../arm-none-eabi/lib/armv6-m/libc.a(lib_a-atexit.o)
                0x000000000001a124                atexit
 .text          0x000000000001a134        0x0 /usr/bin/../lib/gcc/arm-none-eabi/4.9.3/../../../../arm-none-eabi/lib/armv6-m/libc.a(lib_a-fini.o)
 .text.__libc_fini_array
                0x000000000001a134       0x34 /usr/bin/../lib/gcc/arm-none-eabi/4.9.3/../../../../arm-none-eabi/lib/armv6-m/libc.a(lib_a-fini.o)
                0x000000000001a134                __libc_fini_array
 .text          0x000000000001a168        0x0 /usr/bin/../lib/gcc/arm-none-eabi/4.9.3/../../../../arm-none-eabi/lib/armv6-m/libc.a(lib_a-__atexit.o)
 .text.__register_exitproc
                0x000000000001a168       0xd4 /usr/bin/../lib/gcc/arm-none-eabi/4.9.3/../../../../arm-none-eabi/lib/armv6-m/libc.a(lib_a-__atexit.o)
                0x000000000001a168                __register_exitproc
 .text          0x000000000001a23c        0x0 /usr/bin/../lib/gcc/arm-none-eabi/4.9.3/armv6-m/crtend.o
 .text          0x000000000001a23c        0x0 /usr/bin/../lib/gcc/arm-none-eabi/4.9.3/armv6-m/crtn.o
 .text          0x000000000001a23c        0x0 /usr/bin/../lib/gcc/arm-none-eabi/4.9.3/../../../../arm-none-eabi/lib/armv6-m/libnosys.a(_exit.o)
 .text._exit    0x000000000001a23c        0x4 /usr/bin/../lib/gcc/arm-none-eabi/4.9.3/../../../../arm-none-eabi/lib/armv6-m/libnosys.a(_exit.o)
                0x000000000001a23c                _exit
 *(.init)
 .init          0x000000000001a240        0x4 /usr/bin/../lib/gcc/arm-none-eabi/4.9.3/armv6-m/crti.o
                0x000000000001a240                _init
 .init          0x000000000001a244        0x8 /usr/bin/../lib/gcc/arm-none-eabi/4.9.3/armv6-m/crtn.o
 *(.fini)
 .fini          0x000000000001a24c        0x4 /usr/bin/../lib/gcc/arm-none-eabi/4.9.3/armv6-m/crti.o
                0x000000000001a24c                _fini
 .fini          0x000000000001a250        0x8 /usr/bin/../lib/gcc/arm-none-eabi/4.9.3/armv6-m/crtn.o
 *crtbegin.o(.ctors)
 *crtbegin?.o(.ctors)
 *(EXCLUDE_FILE(*crtend.o *crtend?.o) .ctors)
 *(SORT(.ctors.*))
 *(.ctors)
 *crtbegin.o(.dtors)
 *crtbegin?.o(.dtors)
 *(EXCLUDE_FILE(*crtend.o *crtend?.o) .dtors)
 *(SORT(.dtors.*))
 *(.dtors)
 *(.rodata*)
 .rodata        0x000000000001a258      0x123 _build/main.o
 *fill*         0x000000000001a37b        0x1 
 .rodata        0x000000000001a37c       0x2c _build/spi_master.o
 .rodata        0x000000000001a3a8       0x2b _build/app_timer.o
 *fill*         0x000000000001a3d3        0x1 
 .rodata        0x000000000001a3d4       0x2f _build/app_scheduler.o
 *fill*         0x000000000001a403        0x1 
 .rodata.str1.4
                0x000000000001a404        0x4 /usr/bin/../lib/gcc/arm-none-eabi/4.9.3/../../../../arm-none-eabi/lib/armv6-m/libc.a(lib_a-impure.o)
                                          0x2 (size before relaxing)
 .rodata._global_impure_ptr
                0x000000000001a408        0x4 /usr/bin/../lib/gcc/arm-none-eabi/4.9.3/../../../../arm-none-eabi/lib/armv6-m/libc.a(lib_a-impure.o)
                0x000000000001a408                _global_impure_ptr
 *(.eh_frame*)
 .eh_frame      0x000000000001a40c        0x0 /usr/bin/../lib/gcc/arm-none-eabi/4.9.3/armv6-m/crtbegin.o
 .eh_frame      0x000000000001a40c        0x4 /usr/bin/../lib/gcc/arm-none-eabi/4.9.3/armv6-m/crtend.o

.glue_7         0x000000000001a410        0x0
 .glue_7        0x0000000000000000        0x0 linker stubs

.glue_7t        0x000000000001a410        0x0
 .glue_7t       0x0000000000000000        0x0 linker stubs

.vfp11_veneer   0x000000000001a410        0x0
 .vfp11_veneer  0x0000000000000000        0x0 linker stubs

.v4_bx          0x000000000001a410        0x0
 .v4_bx         0x0000000000000000        0x0 linker stubs

.iplt           0x000000000001a410        0x0
 .iplt          0x0000000000000000        0x0 /usr/bin/../lib/gcc/arm-none-eabi/4.9.3/armv6-m/crtbegin.o

.ARM.extab      0x000000000001a410        0x0
 *(.ARM.extab* .gnu.linkonce.armextab.*)
 .ARM.extab     0x000000000001a410        0x0 /usr/bin/../lib/gcc/arm-none-eabi/4.9.3/../../../../arm-none-eabi/lib/armv6-m/crt0.o
 .ARM.extab     0x000000000001a410        0x0 _build/gcc_startup_nrf51.o
                0x000000000001a410                __exidx_start = .

.ARM.exidx      0x000000000001a410        0x8
 *(.ARM.exidx* .gnu.linkonce.armexidx.*)
 .ARM.exidx     0x000000000001a410        0x8 /usr/bin/../lib/gcc/arm-none-eabi/4.9.3/../../../../arm-none-eabi/lib/armv6-m/crt0.o
 .ARM.exidx     0x000000000001a418        0x0 _build/gcc_startup_nrf51.o
                                          0x8 (size before relaxing)
                0x000000000001a418                __exidx_end = .
                0x000000000001a418                __etext = .

.rel.dyn        0x000000000001a418        0x0
 .rel.iplt      0x0000000000000000        0x0 /usr/bin/../lib/gcc/arm-none-eabi/4.9.3/armv6-m/crtbegin.o

.data           0x0000000020002000      0x444 load address 0x000000000001a418
                0x0000000020002000                __data_start__ = .
 *(vtable)
 *(.data*)
 .data          0x0000000020002000        0x0 /usr/bin/../lib/gcc/arm-none-eabi/4.9.3/armv6-m/crti.o
 .data          0x0000000020002000        0x4 /usr/bin/../lib/gcc/arm-none-eabi/4.9.3/armv6-m/crtbegin.o
                0x0000000020002000                __dso_handle
 .data          0x0000000020002004        0x0 /usr/bin/../lib/gcc/arm-none-eabi/4.9.3/../../../../arm-none-eabi/lib/armv6-m/crt0.o
 .data          0x0000000020002004        0x0 _build/main.o
 .data          0x0000000020002004        0x0 _build/nrf_soc.o
 .data          0x0000000020002004        0x0 _build/nrf_delay.o
 .data          0x0000000020002004        0x0 _build/simple_uart.o
 .data          0x0000000020002004        0x0 _build/spi_master.o
 .data          0x0000000020002004        0x0 _build/app_timer.o
 .data          0x0000000020002004        0x0 _build/app_scheduler.o
 .data          0x0000000020002004        0x0 _build/LIS2DH_app.o
 .data          0x0000000020002004        0x0 _build/app_trace.o
 .data          0x0000000020002004        0x4 _build/system_nrf51.o
                0x0000000020002004                SystemCoreClock
 .data          0x0000000020002008        0x0 _build/gcc_startup_nrf51.o
 .data          0x0000000020002008        0x0 /usr/bin/../lib/gcc/arm-none-eabi/4.9.3/armv6-m/libgcc.a(_udivsi3.o)
 .data          0x0000000020002008        0x0 /usr/bin/../lib/gcc/arm-none-eabi/4.9.3/armv6-m/libgcc.a(_dvmd_tls.o)
 .data          0x0000000020002008        0x0 /usr/bin/../lib/gcc/arm-none-eabi/4.9.3/../../../../arm-none-eabi/lib/armv6-m/libc.a(lib_a-exit.o)
 .data          0x0000000020002008        0x0 /usr/bin/../lib/gcc/arm-none-eabi/4.9.3/../../../../arm-none-eabi/lib/armv6-m/libc.a(lib_a-impure.o)
 .data.impure_data
                0x0000000020002008      0x428 /usr/bin/../lib/gcc/arm-none-eabi/4.9.3/../../../../arm-none-eabi/lib/armv6-m/libc.a(lib_a-impure.o)
 .data._impure_ptr
                0x0000000020002430        0x4 /usr/bin/../lib/gcc/arm-none-eabi/4.9.3/../../../../arm-none-eabi/lib/armv6-m/libc.a(lib_a-impure.o)
                0x0000000020002430                _impure_ptr
 .data          0x0000000020002434        0x0 /usr/bin/../lib/gcc/arm-none-eabi/4.9.3/../../../../arm-none-eabi/lib/armv6-m/libc.a(lib_a-init.o)
 .data          0x0000000020002434        0x0 /usr/bin/../lib/gcc/arm-none-eabi/4.9.3/../../../../arm-none-eabi/lib/armv6-m/libc.a(lib_a-memcpy.o)
 .data          0x0000000020002434        0x0 /usr/bin/../lib/gcc/arm-none-eabi/4.9.3/../../../../arm-none-eabi/lib/armv6-m/libc.a(lib_a-memset.o)
 .data          0x0000000020002434        0x0 /usr/bin/../lib/gcc/arm-none-eabi/4.9.3/../../../../arm-none-eabi/lib/armv6-m/libc.a(lib_a-__call_atexit.o)
 .data          0x0000000020002434        0x0 /usr/bin/../lib/gcc/arm-none-eabi/4.9.3/../../../../arm-none-eabi/lib/armv6-m/libc.a(lib_a-atexit.o)
 .data          0x0000000020002434        0x0 /usr/bin/../lib/gcc/arm-none-eabi/4.9.3/../../../../arm-none-eabi/lib/armv6-m/libc.a(lib_a-fini.o)
 .data          0x0000000020002434        0x0 /usr/bin/../lib/gcc/arm-none-eabi/4.9.3/../../../../arm-none-eabi/lib/armv6-m/libc.a(lib_a-__atexit.o)
 .data          0x0000000020002434        0x0 /usr/bin/../lib/gcc/arm-none-eabi/4.9.3/armv6-m/crtend.o
 .data          0x0000000020002434        0x0 /usr/bin/../lib/gcc/arm-none-eabi/4.9.3/armv6-m/crtn.o
 .data          0x0000000020002434        0x0 /usr/bin/../lib/gcc/arm-none-eabi/4.9.3/../../../../arm-none-eabi/lib/armv6-m/libnosys.a(_exit.o)
                0x0000000020002434                . = ALIGN (0x4)
                0x0000000020002434                PROVIDE (__preinit_array_start, .)
 *(.preinit_array)
                0x0000000020002434                PROVIDE (__preinit_array_end, .)
                0x0000000020002434                . = ALIGN (0x4)
                0x0000000020002434                PROVIDE (__init_array_start, .)
 *(SORT(.init_array.*))
 .init_array.00000
                0x0000000020002434        0x4 /usr/bin/../lib/gcc/arm-none-eabi/4.9.3/../../../../arm-none-eabi/lib/armv6-m/libc.a(lib_a-__call_atexit.o)
 *(.init_array)
 .init_array    0x0000000020002438        0x4 /usr/bin/../lib/gcc/arm-none-eabi/4.9.3/armv6-m/crtbegin.o
                0x000000002000243c                PROVIDE (__init_array_end, .)
                0x000000002000243c                . = ALIGN (0x4)
                0x000000002000243c                PROVIDE (__fini_array_start, .)
 *(SORT(.fini_array.*))
 *(.fini_array)
 .fini_array    0x000000002000243c        0x4 /usr/bin/../lib/gcc/arm-none-eabi/4.9.3/armv6-m/crtbegin.o
                0x0000000020002440                PROVIDE (__fini_array_end, .)
 *(.jcr)
 .jcr           0x0000000020002440        0x0 /usr/bin/../lib/gcc/arm-none-eabi/4.9.3/armv6-m/crtbegin.o
 .jcr           0x0000000020002440        0x4 /usr/bin/../lib/gcc/arm-none-eabi/4.9.3/armv6-m/crtend.o
                0x0000000020002444                . = ALIGN (0x4)
                0x0000000020002444                __data_end__ = .

.igot.plt       0x0000000020002444        0x0 load address 0x000000000001a85c
 .igot.plt      0x0000000000000000        0x0 /usr/bin/../lib/gcc/arm-none-eabi/4.9.3/armv6-m/crtbegin.o

.bss            0x0000000020002444      0x2e8 load address 0x000000000001a85c
                0x0000000020002444                . = ALIGN (0x4)
                0x0000000020002444                __bss_start__ = .
 *(.bss*)
 .bss           0x0000000020002444        0x0 /usr/bin/../lib/gcc/arm-none-eabi/4.9.3/armv6-m/crti.o
 .bss           0x0000000020002444       0x1c /usr/bin/../lib/gcc/arm-none-eabi/4.9.3/armv6-m/crtbegin.o
 .bss           0x0000000020002460        0x0 /usr/bin/../lib/gcc/arm-none-eabi/4.9.3/../../../../arm-none-eabi/lib/armv6-m/crt0.o
 .bss           0x0000000020002460      0x18c _build/main.o
 .bss           0x00000000200025ec        0x1 _build/nrf_soc.o
 .bss           0x00000000200025ed        0x0 _build/nrf_delay.o
 .bss           0x00000000200025ed        0x0 _build/simple_uart.o
 *fill*         0x00000000200025ed        0x3 
 .bss           0x00000000200025f0       0x28 _build/spi_master.o
 .bss           0x0000000020002618       0x29 _build/app_timer.o
 *fill*         0x0000000020002641        0x3 
 .bss           0x0000000020002644        0xe _build/app_scheduler.o
 .bss           0x0000000020002652        0x0 _build/LIS2DH_app.o
 .bss           0x0000000020002652        0x0 _build/app_trace.o
 .bss           0x0000000020002652        0x0 _build/system_nrf51.o
 .bss           0x0000000020002652        0x0 _build/gcc_startup_nrf51.o
 .bss           0x0000000020002652        0x0 /usr/bin/../lib/gcc/arm-none-eabi/4.9.3/armv6-m/libgcc.a(_udivsi3.o)
 .bss           0x0000000020002652        0x0 /usr/bin/../lib/gcc/arm-none-eabi/4.9.3/armv6-m/libgcc.a(_dvmd_tls.o)
 .bss           0x0000000020002652        0x0 /usr/bin/../lib/gcc/arm-none-eabi/4.9.3/../../../../arm-none-eabi/lib/armv6-m/libc.a(lib_a-exit.o)
 .bss           0x0000000020002652        0x0 /usr/bin/../lib/gcc/arm-none-eabi/4.9.3/../../../../arm-none-eabi/lib/armv6-m/libc.a(lib_a-impure.o)
 .bss           0x0000000020002652        0x0 /usr/bin/../lib/gcc/arm-none-eabi/4.9.3/../../../../arm-none-eabi/lib/armv6-m/libc.a(lib_a-init.o)
 .bss           0x0000000020002652        0x0 /usr/bin/../lib/gcc/arm-none-eabi/4.9.3/../../../../arm-none-eabi/lib/armv6-m/libc.a(lib_a-memcpy.o)
 .bss           0x0000000020002652        0x0 /usr/bin/../lib/gcc/arm-none-eabi/4.9.3/../../../../arm-none-eabi/lib/armv6-m/libc.a(lib_a-memset.o)
 .bss           0x0000000020002652        0x0 /usr/bin/../lib/gcc/arm-none-eabi/4.9.3/../../../../arm-none-eabi/lib/armv6-m/libc.a(lib_a-__call_atexit.o)
 .bss           0x0000000020002652        0x0 /usr/bin/../lib/gcc/arm-none-eabi/4.9.3/../../../../arm-none-eabi/lib/armv6-m/libc.a(lib_a-atexit.o)
 .bss           0x0000000020002652        0x0 /usr/bin/../lib/gcc/arm-none-eabi/4.9.3/../../../../arm-none-eabi/lib/armv6-m/libc.a(lib_a-fini.o)
 .bss           0x0000000020002652        0x0 /usr/bin/../lib/gcc/arm-none-eabi/4.9.3/../../../../arm-none-eabi/lib/armv6-m/libc.a(lib_a-__atexit.o)
 .bss           0x0000000020002652        0x0 /usr/bin/../lib/gcc/arm-none-eabi/4.9.3/armv6-m/crtend.o
 .bss           0x0000000020002652        0x0 /usr/bin/../lib/gcc/arm-none-eabi/4.9.3/armv6-m/crtn.o
 .bss           0x0000000020002652        0x0 /usr/bin/../lib/gcc/arm-none-eabi/4.9.3/../../../../arm-none-eabi/lib/armv6-m/libnosys.a(_exit.o)
 *(COMMON)
 *fill*         0x0000000020002652        0x2 
 COMMON         0x0000000020002654        0x6 _build/main.o
                0x0000000020002654                accel_reg
 *fill*         0x000000002000265a        0x2 
 COMMON         0x000000002000265c       0xd0 _build/app_trace.o
                0x000000002000265c                __stdin
                0x00000000200026c4                __stdout
                0x000000002000272c                . = ALIGN (0x4)
                0x000000002000272c                __bss_end__ = .

.heap           0x0000000020002730      0x800
                0x0000000020002730                __end__ = .
                0x0000000020002730                end = __end__
 *(.heap*)
 .heap          0x0000000020002730      0x800 _build/gcc_startup_nrf51.o
                0x0000000020002730                __HeapBase
                0x0000000020002f30                __HeapLimit = .

.stack_dummy    0x0000000020002730      0x800
 *(.stack*)
 .stack         0x0000000020002730      0x800 _build/gcc_startup_nrf51.o
                0x0000000020004000                __StackTop = (ORIGIN (RAM) + 0x2000)
                0x0000000020003800                __StackLimit = (__StackTop - SIZEOF (.stack_dummy))
                0x0000000020004000                PROVIDE (__stack, __StackTop)
                0x0000000000000001                ASSERT ((__StackLimit >= __HeapLimit), region RAM overflowed with stack)
OUTPUT(_build/accel_test_s110_xxaa.out elf32-littlearm)

.ARM.attributes
                0x0000000000000000       0x28
 .ARM.attributes
                0x0000000000000000       0x1e /usr/bin/../lib/gcc/arm-none-eabi/4.9.3/armv6-m/crti.o
 .ARM.attributes
                0x000000000000001e       0x2c /usr/bin/../lib/gcc/arm-none-eabi/4.9.3/armv6-m/crtbegin.o
 .ARM.attributes
                0x000000000000004a       0x1b /usr/bin/../lib/gcc/arm-none-eabi/4.9.3/../../../../arm-none-eabi/lib/armv6-m/crt0.o
 .ARM.attributes
                0x0000000000000065       0x31 _build/main.o
 .ARM.attributes
                0x0000000000000096       0x31 _build/nrf_soc.o
 .ARM.attributes
                0x00000000000000c7       0x31 _build/nrf_delay.o
 .ARM.attributes
                0x00000000000000f8       0x31 _build/simple_uart.o
 .ARM.attributes
                0x0000000000000129       0x31 _build/spi_master.o
 .ARM.attributes
                0x000000000000015a       0x31 _build/app_timer.o
 .ARM.attributes
                0x000000000000018b       0x31 _build/app_scheduler.o
 .ARM.attributes
                0x00000000000001bc       0x31 _build/LIS2DH_app.o
 .ARM.attributes
                0x00000000000001ed       0x31 _build/app_trace.o
 .ARM.attributes
                0x000000000000021e       0x31 _build/system_nrf51.o
 .ARM.attributes
                0x000000000000024f       0x1b _build/gcc_startup_nrf51.o
 .ARM.attributes
                0x000000000000026a       0x1e /usr/bin/../lib/gcc/arm-none-eabi/4.9.3/armv6-m/libgcc.a(_udivsi3.o)
 .ARM.attributes
                0x0000000000000288       0x1e /usr/bin/../lib/gcc/arm-none-eabi/4.9.3/armv6-m/libgcc.a(_dvmd_tls.o)
 .ARM.attributes
                0x00000000000002a6       0x2c /usr/bin/../lib/gcc/arm-none-eabi/4.9.3/../../../../arm-none-eabi/lib/armv6-m/libc.a(lib_a-exit.o)
 .ARM.attributes
                0x00000000000002d2       0x2c /usr/bin/../lib/gcc/arm-none-eabi/4.9.3/../../../../arm-none-eabi/lib/armv6-m/libc.a(lib_a-impure.o)
 .ARM.attributes
                0x00000000000002fe       0x2c /usr/bin/../lib/gcc/arm-none-eabi/4.9.3/../../../../arm-none-eabi/lib/armv6-m/libc.a(lib_a-init.o)
 .ARM.attributes
                0x000000000000032a       0x2c /usr/bin/../lib/gcc/arm-none-eabi/4.9.3/../../../../arm-none-eabi/lib/armv6-m/libc.a(lib_a-memcpy.o)
 .ARM.attributes
                0x0000000000000356       0x2c /usr/bin/../lib/gcc/arm-none-eabi/4.9.3/../../../../arm-none-eabi/lib/armv6-m/libc.a(lib_a-memset.o)
 .ARM.attributes
                0x0000000000000382       0x2c /usr/bin/../lib/gcc/arm-none-eabi/4.9.3/../../../../arm-none-eabi/lib/armv6-m/libc.a(lib_a-__call_atexit.o)
 .ARM.attributes
                0x00000000000003ae       0x2c /usr/bin/../lib/gcc/arm-none-eabi/4.9.3/../../../../arm-none-eabi/lib/armv6-m/libc.a(lib_a-atexit.o)
 .ARM.attributes
                0x00000000000003da       0x2c /usr/bin/../lib/gcc/arm-none-eabi/4.9.3/../../../../arm-none-eabi/lib/armv6-m/libc.a(lib_a-fini.o)
 .ARM.attributes
                0x0000000000000406       0x2c /usr/bin/../lib/gcc/arm-none-eabi/4.9.3/../../../../arm-none-eabi/lib/armv6-m/libc.a(lib_a-__atexit.o)
 .ARM.attributes
                0x0000000000000432       0x2c /usr/bin/../lib/gcc/arm-none-eabi/4.9.3/armv6-m/crtend.o
 .ARM.attributes
                0x000000000000045e       0x1e /usr/bin/../lib/gcc/arm-none-eabi/4.9.3/armv6-m/crtn.o
 .ARM.attributes
                0x000000000000047c       0x2c /usr/bin/../lib/gcc/arm-none-eabi/4.9.3/../../../../arm-none-eabi/lib/armv6-m/libnosys.a(_exit.o)

.comment        0x0000000000000000       0x70
 .comment       0x0000000000000000       0x70 _build/main.o
                                         0x71 (size before relaxing)
 .comment       0x0000000000000000       0x71 _build/nrf_soc.o
 .comment       0x0000000000000000       0x71 _build/nrf_delay.o
 .comment       0x0000000000000000       0x71 _build/simple_uart.o
 .comment       0x0000000000000000       0x71 _build/spi_master.o
 .comment       0x0000000000000000       0x71 _build/app_timer.o
 .comment       0x0000000000000000       0x71 _build/app_scheduler.o
 .comment       0x0000000000000000       0x71 _build/LIS2DH_app.o
 .comment       0x0000000000000000       0x71 _build/app_trace.o
 .comment       0x0000000000000000       0x71 _build/system_nrf51.o

.debug_info     0x0000000000000000     0x4c4f
 .debug_info    0x0000000000000000      0x703 _build/main.o
 .debug_info    0x0000000000000703      0x685 _build/nrf_soc.o
 .debug_info    0x0000000000000d88       0xdd _build/nrf_delay.o
 .debug_info    0x0000000000000e65      0x6ab _build/simple_uart.o
 .debug_info    0x0000000000001510      0xda3 _build/spi_master.o
 .debug_info    0x00000000000022b3     0x1328 _build/app_timer.o
 .debug_info    0x00000000000035db      0x732 _build/app_scheduler.o
 .debug_info    0x0000000000003d0d      0x452 _build/LIS2DH_app.o
 .debug_info    0x000000000000415f      0x892 _build/app_trace.o
 .debug_info    0x00000000000049f1      0x1b1 _build/system_nrf51.o
 .debug_info    0x0000000000004ba2       0xad _build/gcc_startup_nrf51.o

.debug_abbrev   0x0000000000000000     0x1137
 .debug_abbrev  0x0000000000000000      0x25a _build/main.o
 .debug_abbrev  0x000000000000025a      0x1ba _build/nrf_soc.o
 .debug_abbrev  0x0000000000000414       0x80 _build/nrf_delay.o
 .debug_abbrev  0x0000000000000494      0x190 _build/simple_uart.o
 .debug_abbrev  0x0000000000000624      0x1ee _build/spi_master.o
 .debug_abbrev  0x0000000000000812      0x321 _build/app_timer.o
 .debug_abbrev  0x0000000000000b33      0x201 _build/app_scheduler.o
 .debug_abbrev  0x0000000000000d34      0x187 _build/LIS2DH_app.o
 .debug_abbrev  0x0000000000000ebb      0x174 _build/app_trace.o
 .debug_abbrev  0x000000000000102f       0xf4 _build/system_nrf51.o
 .debug_abbrev  0x0000000000001123       0x14 _build/gcc_startup_nrf51.o

.debug_aranges  0x0000000000000000      0x158
 .debug_aranges
                0x0000000000000000       0x20 _build/main.o
 .debug_aranges
                0x0000000000000020       0x20 _build/nrf_soc.o
 .debug_aranges
                0x0000000000000040       0x20 _build/nrf_delay.o
 .debug_aranges
                0x0000000000000060       0x20 _build/simple_uart.o
 .debug_aranges
                0x0000000000000080       0x20 _build/spi_master.o
 .debug_aranges
                0x00000000000000a0       0x20 _build/app_timer.o
 .debug_aranges
                0x00000000000000c0       0x20 _build/app_scheduler.o
 .debug_aranges
                0x00000000000000e0       0x20 _build/LIS2DH_app.o
 .debug_aranges
                0x0000000000000100       0x18 _build/app_trace.o
 .debug_aranges
                0x0000000000000118       0x20 _build/system_nrf51.o
 .debug_aranges
                0x0000000000000138       0x20 _build/gcc_startup_nrf51.o

.debug_macro    0x0000000000000000     0xb2e0
 .debug_macro   0x0000000000000000      0x2d6 _build/main.o
 .debug_macro   0x00000000000002d6      0x844 _build/main.o
 .debug_macro   0x0000000000000b1a       0x22 _build/main.o
 .debug_macro   0x0000000000000b3c       0x22 _build/main.o
 .debug_macro   0x0000000000000b5e       0x44 _build/main.o
 .debug_macro   0x0000000000000ba2       0xe3 _build/main.o
 .debug_macro   0x0000000000000c85       0x22 _build/main.o
 .debug_macro   0x0000000000000ca7      0x1df _build/main.o
 .debug_macro   0x0000000000000e86       0x8e _build/main.o
 .debug_macro   0x0000000000000f14       0x16 _build/main.o
 .debug_macro   0x0000000000000f2a       0x1c _build/main.o
 .debug_macro   0x0000000000000f46       0x22 _build/main.o
 .debug_macro   0x0000000000000f68       0x3a _build/main.o
 .debug_macro   0x0000000000000fa2       0x1f _build/main.o
 .debug_macro   0x0000000000000fc1      0x242 _build/main.o
 .debug_macro   0x0000000000001203      0x1d2 _build/main.o
 .debug_macro   0x00000000000013d5       0x22 _build/main.o
 .debug_macro   0x00000000000013f7       0x28 _build/main.o
 .debug_macro   0x000000000000141f       0x16 _build/main.o
 .debug_macro   0x0000000000001435       0x58 _build/main.o
 .debug_macro   0x000000000000148d       0x35 _build/main.o
 .debug_macro   0x00000000000014c2       0x9c _build/main.o
 .debug_macro   0x000000000000155e       0x16 _build/main.o
 .debug_macro   0x0000000000001574       0x97 _build/main.o
 .debug_macro   0x000000000000160b      0x29d _build/main.o
 .debug_macro   0x00000000000018a8       0xef _build/main.o
 .debug_macro   0x0000000000001997       0x10 _build/main.o
 .debug_macro   0x00000000000019a7       0x52 _build/main.o
 .debug_macro   0x00000000000019f9       0x16 _build/main.o
 .debug_macro   0x0000000000001a0f       0x43 _build/main.o
 .debug_macro   0x0000000000001a52      0x180 _build/main.o
 .debug_macro   0x0000000000001bd2       0x10 _build/main.o
 .debug_macro   0x0000000000001be2       0x22 _build/main.o
 .debug_macro   0x0000000000001c04       0xbe _build/main.o
 .debug_macro   0x0000000000001cc2       0x16 _build/main.o
 .debug_macro   0x0000000000001cd8      0x197 _build/main.o
 .debug_macro   0x0000000000001e6f       0x41 _build/main.o
 .debug_macro   0x0000000000001eb0       0x1c _build/main.o
 .debug_macro   0x0000000000001ecc       0xf4 _build/main.o
 .debug_macro   0x0000000000001fc0       0x1c _build/main.o
 .debug_macro   0x0000000000001fdc     0x746b _build/main.o
 .debug_macro   0x0000000000009447      0x976 _build/main.o
 .debug_macro   0x0000000000009dbd       0xd0 _build/main.o
 .debug_macro   0x0000000000009e8d       0x16 _build/main.o
 .debug_macro   0x0000000000009ea3       0x35 _build/main.o
 .debug_macro   0x0000000000009ed8       0x16 _build/main.o
 .debug_macro   0x0000000000009eee       0x29 _build/main.o
 .debug_macro   0x0000000000009f17       0xe8 _build/main.o
 .debug_macro   0x0000000000009fff      0x15a _build/nrf_soc.o
 .debug_macro   0x000000000000a159      0x10e _build/nrf_soc.o
 .debug_macro   0x000000000000a267       0x7f _build/nrf_soc.o
 .debug_macro   0x000000000000a2e6       0x4a _build/nrf_soc.o
 .debug_macro   0x000000000000a330      0x1aa _build/nrf_delay.o
 .debug_macro   0x000000000000a4da       0xe8 _build/simple_uart.o
 .debug_macro   0x000000000000a5c2       0x10 _build/simple_uart.o
 .debug_macro   0x000000000000a5d2      0x1b2 _build/spi_master.o
 .debug_macro   0x000000000000a784       0x16 _build/spi_master.o
 .debug_macro   0x000000000000a79a      0x287 _build/app_timer.o
 .debug_macro   0x000000000000aa21       0x22 _build/app_timer.o
 .debug_macro   0x000000000000aa43       0x1c _build/app_timer.o
 .debug_macro   0x000000000000aa5f       0x28 _build/app_timer.o
 .debug_macro   0x000000000000aa87      0x1de _build/app_scheduler.o
 .debug_macro   0x000000000000ac65       0x16 _build/app_scheduler.o
 .debug_macro   0x000000000000ac7b       0x10 _build/app_scheduler.o
 .debug_macro   0x000000000000ac8b      0x1bf _build/LIS2DH_app.o
 .debug_macro   0x000000000000ae4a       0x1c _build/LIS2DH_app.o
 .debug_macro   0x000000000000ae66      0x25a _build/app_trace.o
 .debug_macro   0x000000000000b0c0       0x52 _build/app_trace.o
 .debug_macro   0x000000000000b112       0x18 _build/app_trace.o
 .debug_macro   0x000000000000b12a       0x1c _build/app_trace.o
 .debug_macro   0x000000000000b146       0xca _build/app_trace.o
 .debug_macro   0x000000000000b210       0xd0 _build/system_nrf51.o

.debug_line     0x0000000000000000     0x282d
 .debug_line    0x0000000000000000      0x616 _build/main.o
 .debug_line    0x0000000000000616      0x31c _build/nrf_soc.o
 .debug_line    0x0000000000000932      0x2cc _build/nrf_delay.o
 .debug_line    0x0000000000000bfe      0x29f _build/simple_uart.o
 .debug_line    0x0000000000000e9d      0x4f4 _build/spi_master.o
 .debug_line    0x0000000000001391      0x648 _build/app_timer.o
 .debug_line    0x00000000000019d9      0x402 _build/app_scheduler.o
 .debug_line    0x0000000000001ddb      0x37e _build/LIS2DH_app.o
 .debug_line    0x0000000000002159      0x3ef _build/app_trace.o
 .debug_line    0x0000000000002548      0x250 _build/system_nrf51.o
 .debug_line    0x0000000000002798       0x95 _build/gcc_startup_nrf51.o

.debug_str      0x0000000000000000    0x35725
 .debug_str     0x0000000000000000    0x33408 _build/main.o
                                      0x33644 (size before relaxing)
 .debug_str     0x0000000000033408      0x3ff _build/nrf_soc.o
                                       0x75be (size before relaxing)
 .debug_str     0x0000000000033807       0x5e _build/nrf_delay.o
                                      0x31bd9 (size before relaxing)
 .debug_str     0x0000000000033865      0x2b6 _build/simple_uart.o
                                      0x2eec3 (size before relaxing)
 .debug_str     0x0000000000033b1b      0x68d _build/spi_master.o
                                      0x2edd3 (size before relaxing)
 .debug_str     0x00000000000341a8      0x8f0 _build/app_timer.o
                                      0x3385c (size before relaxing)
 .debug_str     0x0000000000034a98      0x25b _build/app_scheduler.o
                                       0x7f12 (size before relaxing)
 .debug_str     0x0000000000034cf3       0x96 _build/LIS2DH_app.o
                                      0x31785 (size before relaxing)
 .debug_str     0x0000000000034d89      0x897 _build/app_trace.o
                                      0x3330d (size before relaxing)
 .debug_str     0x0000000000035620      0x105 _build/system_nrf51.o
                                      0x2ec3a (size before relaxing)

.debug_frame    0x0000000000000000     0x11e8
 .debug_frame   0x0000000000000000      0x244 _build/main.o
 .debug_frame   0x0000000000000244      0x24c _build/nrf_soc.o
 .debug_frame   0x0000000000000490       0x50 _build/nrf_delay.o
 .debug_frame   0x00000000000004e0      0x110 _build/simple_uart.o
 .debug_frame   0x00000000000005f0      0x234 _build/spi_master.o
 .debug_frame   0x0000000000000824      0x534 _build/app_timer.o
 .debug_frame   0x0000000000000d58      0x110 _build/app_scheduler.o
 .debug_frame   0x0000000000000e68      0x130 _build/LIS2DH_app.o
 .debug_frame   0x0000000000000f98       0x80 _build/system_nrf51.o
 .debug_frame   0x0000000000001018       0x20 /usr/bin/../lib/gcc/arm-none-eabi/4.9.3/armv6-m/libgcc.a(_udivsi3.o)
 .debug_frame   0x0000000000001038       0x28 /usr/bin/../lib/gcc/arm-none-eabi/4.9.3/../../../../arm-none-eabi/lib/armv6-m/libc.a(lib_a-exit.o)
 .debug_frame   0x0000000000001060       0x2c /usr/bin/../lib/gcc/arm-none-eabi/4.9.3/../../../../arm-none-eabi/lib/armv6-m/libc.a(lib_a-init.o)
 .debug_frame   0x000000000000108c       0x2c /usr/bin/../lib/gcc/arm-none-eabi/4.9.3/../../../../arm-none-eabi/lib/armv6-m/libc.a(lib_a-memcpy.o)
 .debug_frame   0x00000000000010b8       0x2c /usr/bin/../lib/gcc/arm-none-eabi/4.9.3/../../../../arm-none-eabi/lib/armv6-m/libc.a(lib_a-memset.o)
 .debug_frame   0x00000000000010e4       0x54 /usr/bin/../lib/gcc/arm-none-eabi/4.9.3/../../../../arm-none-eabi/lib/armv6-m/libc.a(lib_a-__call_atexit.o)
 .debug_frame   0x0000000000001138       0x28 /usr/bin/../lib/gcc/arm-none-eabi/4.9.3/../../../../arm-none-eabi/lib/armv6-m/libc.a(lib_a-atexit.o)
 .debug_frame   0x0000000000001160       0x2c /usr/bin/../lib/gcc/arm-none-eabi/4.9.3/../../../../arm-none-eabi/lib/armv6-m/libc.a(lib_a-fini.o)
 .debug_frame   0x000000000000118c       0x3c /usr/bin/../lib/gcc/arm-none-eabi/4.9.3/../../../../arm-none-eabi/lib/armv6-m/libc.a(lib_a-__atexit.o)
 .debug_frame   0x00000000000011c8       0x20 /usr/bin/../lib/gcc/arm-none-eabi/4.9.3/../../../../arm-none-eabi/lib/armv6-m/libnosys.a(_exit.o)
