Archive member included to satisfy reference by file (symbol)

/usr/lib/gcc/arm-none-eabi/4.9.3/armv6-m/libgcc.a(_udivsi3.o)
                              _build/main.o (__aeabi_uidiv)
/usr/lib/gcc/arm-none-eabi/4.9.3/armv6-m/libgcc.a(_dvmd_tls.o)
                              /usr/lib/gcc/arm-none-eabi/4.9.3/armv6-m/libgcc.a(_udivsi3.o) (__aeabi_idiv0)
/usr/lib/gcc/arm-none-eabi/4.9.3/../../../arm-none-eabi/lib/armv6-m/libc.a(lib_a-atexit.o)
                              /usr/lib/gcc/arm-none-eabi/4.9.3/../../../arm-none-eabi/lib/armv6-m/crt0.o (atexit)
/usr/lib/gcc/arm-none-eabi/4.9.3/../../../arm-none-eabi/lib/armv6-m/libc.a(lib_a-exit.o)
                              /usr/lib/gcc/arm-none-eabi/4.9.3/../../../arm-none-eabi/lib/armv6-m/crt0.o (exit)
/usr/lib/gcc/arm-none-eabi/4.9.3/../../../arm-none-eabi/lib/armv6-m/libc.a(lib_a-fini.o)
                              /usr/lib/gcc/arm-none-eabi/4.9.3/../../../arm-none-eabi/lib/armv6-m/crt0.o (__libc_fini_array)
/usr/lib/gcc/arm-none-eabi/4.9.3/../../../arm-none-eabi/lib/armv6-m/libc.a(lib_a-impure.o)
                              /usr/lib/gcc/arm-none-eabi/4.9.3/../../../arm-none-eabi/lib/armv6-m/libc.a(lib_a-exit.o) (_global_impure_ptr)
/usr/lib/gcc/arm-none-eabi/4.9.3/../../../arm-none-eabi/lib/armv6-m/libc.a(lib_a-init.o)
                              /usr/lib/gcc/arm-none-eabi/4.9.3/../../../arm-none-eabi/lib/armv6-m/crt0.o (__libc_init_array)
/usr/lib/gcc/arm-none-eabi/4.9.3/../../../arm-none-eabi/lib/armv6-m/libc.a(lib_a-memcpy.o)
                              _build/main.o (memcpy)
/usr/lib/gcc/arm-none-eabi/4.9.3/../../../arm-none-eabi/lib/armv6-m/libc.a(lib_a-memset.o)
                              /usr/lib/gcc/arm-none-eabi/4.9.3/../../../arm-none-eabi/lib/armv6-m/crt0.o (memset)
/usr/lib/gcc/arm-none-eabi/4.9.3/../../../arm-none-eabi/lib/armv6-m/libc.a(lib_a-__atexit.o)
                              /usr/lib/gcc/arm-none-eabi/4.9.3/../../../arm-none-eabi/lib/armv6-m/libc.a(lib_a-atexit.o) (__register_exitproc)
/usr/lib/gcc/arm-none-eabi/4.9.3/../../../arm-none-eabi/lib/armv6-m/libc.a(lib_a-__call_atexit.o)
                              /usr/lib/gcc/arm-none-eabi/4.9.3/../../../arm-none-eabi/lib/armv6-m/libc.a(lib_a-exit.o) (__call_exitprocs)
/usr/lib/gcc/arm-none-eabi/4.9.3/../../../arm-none-eabi/lib/armv6-m/libnosys.a(_exit.o)
                              /usr/lib/gcc/arm-none-eabi/4.9.3/../../../arm-none-eabi/lib/armv6-m/libc.a(lib_a-exit.o) (_exit)

Discarded input sections

 .group         0x00000000        0x8 _build/main.o
 .group         0x00000000        0x8 _build/main.o
 .group         0x00000000        0x8 _build/main.o
 .group         0x00000000        0x8 _build/main.o
 .group         0x00000000        0x8 _build/main.o
 .group         0x00000000        0x8 _build/main.o
 .group         0x00000000        0x8 _build/main.o
 .group         0x00000000        0x8 _build/main.o
 .group         0x00000000        0x8 _build/main.o
 .group         0x00000000        0x8 _build/main.o
 .group         0x00000000        0x8 _build/main.o
 .group         0x00000000        0x8 _build/main.o
 .group         0x00000000        0x8 _build/main.o
 .group         0x00000000        0x8 _build/main.o
 .group         0x00000000        0x8 _build/main.o
 .group         0x00000000        0x8 _build/main.o
 .group         0x00000000        0x8 _build/main.o
 .group         0x00000000        0x8 _build/main.o
 .group         0x00000000        0x8 _build/main.o
 .group         0x00000000        0x8 _build/main.o
 .group         0x00000000        0x8 _build/main.o
 .group         0x00000000        0x8 _build/main.o
 .group         0x00000000        0x8 _build/main.o
 .group         0x00000000        0x8 _build/main.o
 .group         0x00000000        0x8 _build/main.o
 .group         0x00000000        0x8 _build/main.o
 .group         0x00000000        0x8 _build/main.o
 .group         0x00000000        0x8 _build/main.o
 .group         0x00000000        0x8 _build/main.o
 .group         0x00000000        0x8 _build/main.o
 .group         0x00000000        0x8 _build/main.o
 .group         0x00000000        0x8 _build/main.o
 .group         0x00000000        0x8 _build/nrf_soc.o
 .group         0x00000000        0x8 _build/nrf_soc.o
 .group         0x00000000        0x8 _build/nrf_soc.o
 .group         0x00000000        0x8 _build/nrf_soc.o
 .group         0x00000000        0x8 _build/nrf_soc.o
 .group         0x00000000        0x8 _build/nrf_soc.o
 .group         0x00000000        0x8 _build/nrf_soc.o
 .group         0x00000000        0x8 _build/nrf_soc.o
 .group         0x00000000        0x8 _build/nrf_soc.o
 .group         0x00000000        0x8 _build/nrf_soc.o
 .group         0x00000000        0x8 _build/nrf_soc.o
 .group         0x00000000        0x8 _build/nrf_soc.o
 .group         0x00000000        0x8 _build/nrf_soc.o
 .group         0x00000000        0x8 _build/nrf_soc.o
 .group         0x00000000        0x8 _build/nrf_soc.o
 .group         0x00000000        0x8 _build/nrf_soc.o
 .group         0x00000000        0x8 _build/nrf_soc.o
 .group         0x00000000        0x8 _build/nrf_soc.o
 .group         0x00000000        0x8 _build/nrf_soc.o
 .group         0x00000000        0x8 _build/nrf_soc.o
 .group         0x00000000        0x8 _build/nrf_soc.o
 .group         0x00000000        0x8 _build/nrf_soc.o
 .group         0x00000000        0x8 _build/nrf_soc.o
 .debug_macro   0x00000000      0x844 _build/nrf_soc.o
 .debug_macro   0x00000000       0x58 _build/nrf_soc.o
 .debug_macro   0x00000000       0x22 _build/nrf_soc.o
 .debug_macro   0x00000000       0x35 _build/nrf_soc.o
 .debug_macro   0x00000000       0x9c _build/nrf_soc.o
 .debug_macro   0x00000000       0x16 _build/nrf_soc.o
 .debug_macro   0x00000000      0x10e _build/nrf_soc.o
 .debug_macro   0x00000000       0x7f _build/nrf_soc.o
 .debug_macro   0x00000000       0x52 _build/nrf_soc.o
 .debug_macro   0x00000000       0x16 _build/nrf_soc.o
 .debug_macro   0x00000000       0x43 _build/nrf_soc.o
 .debug_macro   0x00000000      0x180 _build/nrf_soc.o
 .debug_macro   0x00000000       0x16 _build/nrf_soc.o
 .debug_macro   0x00000000       0x29 _build/nrf_soc.o
 .debug_macro   0x00000000       0x1c _build/nrf_soc.o
 .debug_macro   0x00000000      0x1f7 _build/nrf_soc.o
 .debug_macro   0x00000000       0x22 _build/nrf_soc.o
 .debug_macro   0x00000000       0x3a _build/nrf_soc.o
 .debug_macro   0x00000000       0x1f _build/nrf_soc.o
 .debug_macro   0x00000000      0x242 _build/nrf_soc.o
 .debug_macro   0x00000000      0x1d2 _build/nrf_soc.o
 .debug_macro   0x00000000       0x8e _build/nrf_soc.o
 .group         0x00000000        0x8 _build/nrf_delay.o
 .group         0x00000000        0x8 _build/nrf_delay.o
 .group         0x00000000        0x8 _build/nrf_delay.o
 .group         0x00000000        0x8 _build/nrf_delay.o
 .group         0x00000000        0x8 _build/nrf_delay.o
 .group         0x00000000        0x8 _build/nrf_delay.o
 .group         0x00000000        0x8 _build/nrf_delay.o
 .group         0x00000000        0x8 _build/nrf_delay.o
 .group         0x00000000        0x8 _build/nrf_delay.o
 .group         0x00000000        0x8 _build/nrf_delay.o
 .group         0x00000000        0x8 _build/nrf_delay.o
 .group         0x00000000        0x8 _build/nrf_delay.o
 .group         0x00000000        0x8 _build/nrf_delay.o
 .group         0x00000000        0x8 _build/nrf_delay.o
 .group         0x00000000        0x8 _build/nrf_delay.o
 .group         0x00000000        0x8 _build/nrf_delay.o
 .group         0x00000000        0x8 _build/nrf_delay.o
 .group         0x00000000        0x8 _build/nrf_delay.o
 .group         0x00000000        0x8 _build/nrf_delay.o
 .group         0x00000000        0x8 _build/nrf_delay.o
 .group         0x00000000        0x8 _build/nrf_delay.o
 .group         0x00000000        0x8 _build/nrf_delay.o
 .group         0x00000000        0x8 _build/nrf_delay.o
 .group         0x00000000        0x8 _build/nrf_delay.o
 .group         0x00000000        0x8 _build/nrf_delay.o
 .group         0x00000000        0x8 _build/nrf_delay.o
 .group         0x00000000        0x8 _build/nrf_delay.o
 .group         0x00000000        0x8 _build/nrf_delay.o
 .group         0x00000000        0x8 _build/nrf_delay.o
 .group         0x00000000        0x8 _build/nrf_delay.o
 .debug_macro   0x00000000      0x844 _build/nrf_delay.o
 .debug_macro   0x00000000       0x58 _build/nrf_delay.o
 .debug_macro   0x00000000       0x22 _build/nrf_delay.o
 .debug_macro   0x00000000       0x35 _build/nrf_delay.o
 .debug_macro   0x00000000       0x9c _build/nrf_delay.o
 .debug_macro   0x00000000       0x4a _build/nrf_delay.o
 .debug_macro   0x00000000       0x52 _build/nrf_delay.o
 .debug_macro   0x00000000       0x16 _build/nrf_delay.o
 .debug_macro   0x00000000       0x43 _build/nrf_delay.o
 .debug_macro   0x00000000      0x180 _build/nrf_delay.o
 .debug_macro   0x00000000       0x1c _build/nrf_delay.o
 .debug_macro   0x00000000       0x22 _build/nrf_delay.o
 .debug_macro   0x00000000       0x3a _build/nrf_delay.o
 .debug_macro   0x00000000       0x1c _build/nrf_delay.o
 .debug_macro   0x00000000      0x1f7 _build/nrf_delay.o
 .debug_macro   0x00000000       0x1f _build/nrf_delay.o
 .debug_macro   0x00000000      0x242 _build/nrf_delay.o
 .debug_macro   0x00000000      0x1d2 _build/nrf_delay.o
 .debug_macro   0x00000000     0x746b _build/nrf_delay.o
 .debug_macro   0x00000000      0x976 _build/nrf_delay.o
 .group         0x00000000        0x8 _build/simple_uart.o
 .group         0x00000000        0x8 _build/simple_uart.o
 .group         0x00000000        0x8 _build/simple_uart.o
 .group         0x00000000        0x8 _build/simple_uart.o
 .group         0x00000000        0x8 _build/simple_uart.o
 .group         0x00000000        0x8 _build/simple_uart.o
 .group         0x00000000        0x8 _build/simple_uart.o
 .group         0x00000000        0x8 _build/simple_uart.o
 .group         0x00000000        0x8 _build/simple_uart.o
 .group         0x00000000        0x8 _build/simple_uart.o
 .group         0x00000000        0x8 _build/simple_uart.o
 .group         0x00000000        0x8 _build/simple_uart.o
 .group         0x00000000        0x8 _build/simple_uart.o
 .group         0x00000000        0x8 _build/simple_uart.o
 .debug_macro   0x00000000      0x844 _build/simple_uart.o
 .debug_macro   0x00000000       0x22 _build/simple_uart.o
 .debug_macro   0x00000000       0x44 _build/simple_uart.o
 .debug_macro   0x00000000       0x1c _build/simple_uart.o
 .debug_macro   0x00000000      0x1f7 _build/simple_uart.o
 .debug_macro   0x00000000       0x22 _build/simple_uart.o
 .debug_macro   0x00000000       0x3a _build/simple_uart.o
 .debug_macro   0x00000000       0x1f _build/simple_uart.o
 .debug_macro   0x00000000      0x242 _build/simple_uart.o
 .debug_macro   0x00000000      0x1d2 _build/simple_uart.o
 .debug_macro   0x00000000     0x746b _build/simple_uart.o
 .debug_macro   0x00000000      0x976 _build/simple_uart.o
 .debug_macro   0x00000000       0x22 _build/simple_uart.o
 .group         0x00000000        0x8 _build/spi_master.o
 .group         0x00000000        0x8 _build/spi_master.o
 .group         0x00000000        0x8 _build/spi_master.o
 .group         0x00000000        0x8 _build/spi_master.o
 .group         0x00000000        0x8 _build/spi_master.o
 .group         0x00000000        0x8 _build/spi_master.o
 .group         0x00000000        0x8 _build/spi_master.o
 .group         0x00000000        0x8 _build/spi_master.o
 .group         0x00000000        0x8 _build/spi_master.o
 .group         0x00000000        0x8 _build/spi_master.o
 .group         0x00000000        0x8 _build/spi_master.o
 .group         0x00000000        0x8 _build/spi_master.o
 .group         0x00000000        0x8 _build/spi_master.o
 .group         0x00000000        0x8 _build/spi_master.o
 .group         0x00000000        0x8 _build/spi_master.o
 .group         0x00000000        0x8 _build/spi_master.o
 .group         0x00000000        0x8 _build/spi_master.o
 .group         0x00000000        0x8 _build/spi_master.o
 .group         0x00000000        0x8 _build/spi_master.o
 .group         0x00000000        0x8 _build/spi_master.o
 .group         0x00000000        0x8 _build/spi_master.o
 .group         0x00000000        0x8 _build/spi_master.o
 .group         0x00000000        0x8 _build/spi_master.o
 .group         0x00000000        0x8 _build/spi_master.o
 .group         0x00000000        0x8 _build/spi_master.o
 .group         0x00000000        0x8 _build/spi_master.o
 .group         0x00000000        0x8 _build/spi_master.o
 .debug_macro   0x00000000      0x844 _build/spi_master.o
 .debug_macro   0x00000000       0x22 _build/spi_master.o
 .debug_macro   0x00000000       0x44 _build/spi_master.o
 .debug_macro   0x00000000       0x1c _build/spi_master.o
 .debug_macro   0x00000000      0x1f7 _build/spi_master.o
 .debug_macro   0x00000000       0x22 _build/spi_master.o
 .debug_macro   0x00000000       0x8e _build/spi_master.o
 .debug_macro   0x00000000       0x16 _build/spi_master.o
 .debug_macro   0x00000000       0x22 _build/spi_master.o
 .debug_macro   0x00000000       0x3a _build/spi_master.o
 .debug_macro   0x00000000       0x1f _build/spi_master.o
 .debug_macro   0x00000000      0x242 _build/spi_master.o
 .debug_macro   0x00000000      0x1d2 _build/spi_master.o
 .debug_macro   0x00000000     0x746b _build/spi_master.o
 .debug_macro   0x00000000       0x58 _build/spi_master.o
 .debug_macro   0x00000000       0x35 _build/spi_master.o
 .debug_macro   0x00000000       0x9c _build/spi_master.o
 .debug_macro   0x00000000       0x16 _build/spi_master.o
 .debug_macro   0x00000000      0x10e _build/spi_master.o
 .debug_macro   0x00000000       0x7f _build/spi_master.o
 .debug_macro   0x00000000       0x52 _build/spi_master.o
 .debug_macro   0x00000000       0x16 _build/spi_master.o
 .debug_macro   0x00000000       0x43 _build/spi_master.o
 .debug_macro   0x00000000      0x180 _build/spi_master.o
 .debug_macro   0x00000000       0x16 _build/spi_master.o
 .debug_macro   0x00000000       0x29 _build/spi_master.o
 .group         0x00000000        0x8 _build/LIS2DH_app.o
 .group         0x00000000        0x8 _build/LIS2DH_app.o
 .group         0x00000000        0x8 _build/LIS2DH_app.o
 .group         0x00000000        0x8 _build/LIS2DH_app.o
 .group         0x00000000        0x8 _build/LIS2DH_app.o
 .group         0x00000000        0x8 _build/LIS2DH_app.o
 .group         0x00000000        0x8 _build/LIS2DH_app.o
 .group         0x00000000        0x8 _build/LIS2DH_app.o
 .group         0x00000000        0x8 _build/LIS2DH_app.o
 .group         0x00000000        0x8 _build/LIS2DH_app.o
 .group         0x00000000        0x8 _build/LIS2DH_app.o
 .group         0x00000000        0x8 _build/LIS2DH_app.o
 .group         0x00000000        0x8 _build/LIS2DH_app.o
 .group         0x00000000        0x8 _build/LIS2DH_app.o
 .group         0x00000000        0x8 _build/LIS2DH_app.o
 .group         0x00000000        0x8 _build/LIS2DH_app.o
 .group         0x00000000        0x8 _build/LIS2DH_app.o
 .group         0x00000000        0x8 _build/LIS2DH_app.o
 .group         0x00000000        0x8 _build/LIS2DH_app.o
 .group         0x00000000        0x8 _build/LIS2DH_app.o
 .group         0x00000000        0x8 _build/LIS2DH_app.o
 .group         0x00000000        0x8 _build/LIS2DH_app.o
 .group         0x00000000        0x8 _build/LIS2DH_app.o
 .group         0x00000000        0x8 _build/LIS2DH_app.o
 .group         0x00000000        0x8 _build/LIS2DH_app.o
 .group         0x00000000        0x8 _build/LIS2DH_app.o
 .group         0x00000000        0x8 _build/LIS2DH_app.o
 .group         0x00000000        0x8 _build/LIS2DH_app.o
 .debug_macro   0x00000000      0x844 _build/LIS2DH_app.o
 .debug_macro   0x00000000       0x22 _build/LIS2DH_app.o
 .debug_macro   0x00000000       0x3a _build/LIS2DH_app.o
 .debug_macro   0x00000000       0x22 _build/LIS2DH_app.o
 .debug_macro   0x00000000       0x44 _build/LIS2DH_app.o
 .debug_macro   0x00000000       0x1c _build/LIS2DH_app.o
 .debug_macro   0x00000000      0x1f7 _build/LIS2DH_app.o
 .debug_macro   0x00000000       0x1f _build/LIS2DH_app.o
 .debug_macro   0x00000000      0x242 _build/LIS2DH_app.o
 .debug_macro   0x00000000      0x1d2 _build/LIS2DH_app.o
 .debug_macro   0x00000000     0x746b _build/LIS2DH_app.o
 .debug_macro   0x00000000       0xd0 _build/LIS2DH_app.o
 .debug_macro   0x00000000       0x58 _build/LIS2DH_app.o
 .debug_macro   0x00000000       0x35 _build/LIS2DH_app.o
 .debug_macro   0x00000000       0x9c _build/LIS2DH_app.o
 .debug_macro   0x00000000       0x16 _build/LIS2DH_app.o
 .debug_macro   0x00000000      0x10e _build/LIS2DH_app.o
 .debug_macro   0x00000000       0x7f _build/LIS2DH_app.o
 .debug_macro   0x00000000       0x52 _build/LIS2DH_app.o
 .debug_macro   0x00000000       0x16 _build/LIS2DH_app.o
 .debug_macro   0x00000000       0x43 _build/LIS2DH_app.o
 .debug_macro   0x00000000      0x180 _build/LIS2DH_app.o
 .debug_macro   0x00000000       0x16 _build/LIS2DH_app.o
 .debug_macro   0x00000000       0x29 _build/LIS2DH_app.o
 .debug_macro   0x00000000       0xe8 _build/LIS2DH_app.o
 .debug_macro   0x00000000      0x976 _build/LIS2DH_app.o
 .debug_macro   0x00000000       0x10 _build/LIS2DH_app.o
 .group         0x00000000        0x8 _build/system_nrf51.o
 .group         0x00000000        0x8 _build/system_nrf51.o
 .group         0x00000000        0x8 _build/system_nrf51.o
 .group         0x00000000        0x8 _build/system_nrf51.o
 .group         0x00000000        0x8 _build/system_nrf51.o
 .group         0x00000000        0x8 _build/system_nrf51.o
 .group         0x00000000        0x8 _build/system_nrf51.o
 .group         0x00000000        0x8 _build/system_nrf51.o
 .group         0x00000000        0x8 _build/system_nrf51.o
 .group         0x00000000        0x8 _build/system_nrf51.o
 .group         0x00000000        0x8 _build/system_nrf51.o
 .group         0x00000000        0x8 _build/system_nrf51.o
 .group         0x00000000        0x8 _build/system_nrf51.o
 .group         0x00000000        0x8 _build/system_nrf51.o
 .debug_macro   0x00000000      0x844 _build/system_nrf51.o
 .debug_macro   0x00000000       0x22 _build/system_nrf51.o
 .debug_macro   0x00000000       0x44 _build/system_nrf51.o
 .debug_macro   0x00000000       0x1c _build/system_nrf51.o
 .debug_macro   0x00000000      0x1f7 _build/system_nrf51.o
 .debug_macro   0x00000000       0x22 _build/system_nrf51.o
 .debug_macro   0x00000000       0x22 _build/system_nrf51.o
 .debug_macro   0x00000000       0x3a _build/system_nrf51.o
 .debug_macro   0x00000000       0x1f _build/system_nrf51.o
 .debug_macro   0x00000000      0x242 _build/system_nrf51.o
 .debug_macro   0x00000000      0x1d2 _build/system_nrf51.o
 .debug_macro   0x00000000     0x746b _build/system_nrf51.o
 .debug_macro   0x00000000      0x976 _build/system_nrf51.o
 .debug_macro   0x00000000       0x10 _build/system_nrf51.o

Memory Configuration

Name             Origin             Length             Attributes
FLASH            0x00000000         0x00040000         xr
RAM              0x20000000         0x00004000         xrw
*default*        0x00000000         0xffffffff

Linker script and memory map

LOAD /usr/lib/gcc/arm-none-eabi/4.9.3/armv6-m/crti.o
LOAD /usr/lib/gcc/arm-none-eabi/4.9.3/armv6-m/crtbegin.o
LOAD /usr/lib/gcc/arm-none-eabi/4.9.3/../../../arm-none-eabi/lib/armv6-m/crt0.o
LOAD _build/main.o
LOAD _build/nrf_soc.o
LOAD _build/nrf_delay.o
LOAD _build/simple_uart.o
LOAD _build/spi_master.o
LOAD _build/LIS2DH_app.o
LOAD _build/system_nrf51.o
LOAD _build/gcc_startup_nrf51.o
START GROUP
LOAD /usr/lib/gcc/arm-none-eabi/4.9.3/armv6-m/libgcc.a
LOAD /usr/lib/gcc/arm-none-eabi/4.9.3/../../../arm-none-eabi/lib/armv6-m/libc.a
END GROUP
LOAD /usr/lib/gcc/arm-none-eabi/4.9.3/armv6-m/crtend.o
LOAD /usr/lib/gcc/arm-none-eabi/4.9.3/armv6-m/crtn.o
START GROUP
LOAD /usr/lib/gcc/arm-none-eabi/4.9.3/armv6-m/libgcc.a
LOAD /usr/lib/gcc/arm-none-eabi/4.9.3/../../../arm-none-eabi/lib/armv6-m/libc.a
LOAD /usr/lib/gcc/arm-none-eabi/4.9.3/../../../arm-none-eabi/lib/armv6-m/libnosys.a
END GROUP

.text           0x00000000     0x2c60
 *(.Vectors)
 .Vectors       0x00000000       0xc0 _build/gcc_startup_nrf51.o
                0x00000000                __Vectors
 *(.text*)
 .text          0x000000c0        0x0 /usr/lib/gcc/arm-none-eabi/4.9.3/armv6-m/crti.o
 .text          0x000000c0       0xb4 /usr/lib/gcc/arm-none-eabi/4.9.3/armv6-m/crtbegin.o
 .text          0x00000174       0x6c /usr/lib/gcc/arm-none-eabi/4.9.3/../../../arm-none-eabi/lib/armv6-m/crt0.o
                0x00000174                _mainCRTStartup
                0x00000174                _start
 .text          0x000001e0      0xe20 _build/main.o
                0x00000220                LED_INIT
                0x00000238                LEDS_ON
                0x00000254                LEDS_OFF
                0x0000026c                LED_LPM
                0x00000288                LED_BAR
                0x00000374                BUT_INIT
                0x00000384                app_error_handler
                0x000003a4                uart_put_dec32bit
                0x000008bc                uart_put_decbyte
                0x00000990                uart_put_decaccel
                0x00000b98                combine
                0x00000bd0                dot
                0x00000c1c                lowest_led
                0x00000e10                main
 .text          0x00001000      0x408 _build/nrf_soc.o
                0x00001260                sd_nvic_EnableIRQ
                0x00001284                sd_nvic_DisableIRQ
                0x000012a8                sd_nvic_GetPendingIRQ
                0x000012dc                sd_nvic_SetPendingIRQ
                0x00001300                sd_nvic_ClearPendingIRQ
                0x00001324                sd_nvic_SetPriority
                0x00001354                sd_nvic_GetPriority
                0x0000138c                sd_nvic_SystemReset
                0x0000139c                sd_nvic_critical_region_enter
                0x000013d0                sd_nvic_critical_region_exit
 .text          0x00001408       0x5c _build/nrf_delay.o
                0x0000143c                nrf_delay_ms
 .text          0x00001464      0x284 _build/simple_uart.o
                0x000014e4                simple_uart_get
                0x00001514                simple_uart_get_with_timeout
                0x00001584                simple_uart_put
                0x000015c0                simple_uart_putstring
                0x00001610                simple_uart_config
 .text          0x000016e8      0xb50 _build/spi_master.o
                0x00001778                SPI0_TWI0_IRQHandler
                0x00001c9c                spi_master_open
                0x00001e84                spi_master_close
                0x00001f84                spi_master_get_state
                0x00001fe0                spi_master_evt_handler_reg
                0x0000203c                spi_master_send_recv
 .text          0x00002238      0x268 _build/LIS2DH_app.o
                0x0000226c                ACCEL_INIT
                0x000022c0                ACCEL_TXRX
                0x000022f0                reg_write
                0x00002330                reg_read
                0x00002378                reg_write_ver
                0x000023c0                update_xyz
 .text          0x000024a0      0x124 _build/system_nrf51.o
                0x000024a0                SystemCoreClockUpdate
                0x000024b8                SystemInit
 .text          0x000025c4       0x54 _build/gcc_startup_nrf51.o
                0x000025c4                Reset_Handler
                0x0000260c                NMI_Handler
                0x0000260e                HardFault_Handler
                0x00002610                SVC_Handler
                0x00002612                PendSV_Handler
                0x00002614                SysTick_Handler
                0x00002616                TIMER2_IRQHandler
                0x00002616                RTC0_IRQHandler
                0x00002616                GPIOTE_IRQHandler
                0x00002616                POWER_CLOCK_IRQHandler
                0x00002616                RADIO_IRQHandler
                0x00002616                LPCOMP_IRQHandler
                0x00002616                SWI4_IRQHandler
                0x00002616                TEMP_IRQHandler
                0x00002616                QDEC_IRQHandler
                0x00002616                UART0_IRQHandler
                0x00002616                SWI5_IRQHandler
                0x00002616                TIMER0_IRQHandler
                0x00002616                SWI0_IRQHandler
                0x00002616                TIMER1_IRQHandler
                0x00002616                ECB_IRQHandler
                0x00002616                Default_Handler
                0x00002616                ADC_IRQHandler
                0x00002616                SWI3_IRQHandler
                0x00002616                CCM_AAR_IRQHandler
                0x00002616                WDT_IRQHandler
                0x00002616                SWI2_IRQHandler
                0x00002616                RNG_IRQHandler
                0x00002616                SPI1_TWI1_IRQHandler
                0x00002616                RTC1_IRQHandler
                0x00002616                SWI1_IRQHandler
 .text          0x00002618      0x120 /usr/lib/gcc/arm-none-eabi/4.9.3/armv6-m/libgcc.a(_udivsi3.o)
                0x00002618                __udivsi3
                0x00002618                __aeabi_uidiv
                0x00002724                __aeabi_uidivmod
 .text          0x00002738        0x4 /usr/lib/gcc/arm-none-eabi/4.9.3/armv6-m/libgcc.a(_dvmd_tls.o)
                0x00002738                __aeabi_ldiv0
                0x00002738                __aeabi_idiv0
 .text          0x0000273c        0x0 /usr/lib/gcc/arm-none-eabi/4.9.3/../../../arm-none-eabi/lib/armv6-m/libc.a(lib_a-atexit.o)
 .text.atexit   0x0000273c       0x10 /usr/lib/gcc/arm-none-eabi/4.9.3/../../../arm-none-eabi/lib/armv6-m/libc.a(lib_a-atexit.o)
                0x0000273c                atexit
 .text          0x0000274c        0x0 /usr/lib/gcc/arm-none-eabi/4.9.3/../../../arm-none-eabi/lib/armv6-m/libc.a(lib_a-exit.o)
 .text.exit     0x0000274c       0x20 /usr/lib/gcc/arm-none-eabi/4.9.3/../../../arm-none-eabi/lib/armv6-m/libc.a(lib_a-exit.o)
                0x0000274c                exit
 .text          0x0000276c        0x0 /usr/lib/gcc/arm-none-eabi/4.9.3/../../../arm-none-eabi/lib/armv6-m/libc.a(lib_a-fini.o)
 .text.__libc_fini_array
                0x0000276c       0x30 /usr/lib/gcc/arm-none-eabi/4.9.3/../../../arm-none-eabi/lib/armv6-m/libc.a(lib_a-fini.o)
                0x0000276c                __libc_fini_array
 .text          0x0000279c        0x0 /usr/lib/gcc/arm-none-eabi/4.9.3/../../../arm-none-eabi/lib/armv6-m/libc.a(lib_a-impure.o)
 .text          0x0000279c        0x0 /usr/lib/gcc/arm-none-eabi/4.9.3/../../../arm-none-eabi/lib/armv6-m/libc.a(lib_a-init.o)
 .text.__libc_init_array
                0x0000279c       0x48 /usr/lib/gcc/arm-none-eabi/4.9.3/../../../arm-none-eabi/lib/armv6-m/libc.a(lib_a-init.o)
                0x0000279c                __libc_init_array
 .text          0x000027e4        0x0 /usr/lib/gcc/arm-none-eabi/4.9.3/../../../arm-none-eabi/lib/armv6-m/libc.a(lib_a-memcpy.o)
 .text.memcpy   0x000027e4       0x84 /usr/lib/gcc/arm-none-eabi/4.9.3/../../../arm-none-eabi/lib/armv6-m/libc.a(lib_a-memcpy.o)
                0x000027e4                memcpy
 .text          0x00002868        0x0 /usr/lib/gcc/arm-none-eabi/4.9.3/../../../arm-none-eabi/lib/armv6-m/libc.a(lib_a-memset.o)
 .text.memset   0x00002868       0x9c /usr/lib/gcc/arm-none-eabi/4.9.3/../../../arm-none-eabi/lib/armv6-m/libc.a(lib_a-memset.o)
                0x00002868                memset
 .text          0x00002904        0x0 /usr/lib/gcc/arm-none-eabi/4.9.3/../../../arm-none-eabi/lib/armv6-m/libc.a(lib_a-__atexit.o)
 .text.__register_exitproc
                0x00002904       0xc0 /usr/lib/gcc/arm-none-eabi/4.9.3/../../../arm-none-eabi/lib/armv6-m/libc.a(lib_a-__atexit.o)
                0x00002904                __register_exitproc
 .text          0x000029c4        0x0 /usr/lib/gcc/arm-none-eabi/4.9.3/../../../arm-none-eabi/lib/armv6-m/libc.a(lib_a-__call_atexit.o)
 .text.startup.register_fini
                0x000029c4       0x18 /usr/lib/gcc/arm-none-eabi/4.9.3/../../../arm-none-eabi/lib/armv6-m/libc.a(lib_a-__call_atexit.o)
 .text.__call_exitprocs
                0x000029dc      0x118 /usr/lib/gcc/arm-none-eabi/4.9.3/../../../arm-none-eabi/lib/armv6-m/libc.a(lib_a-__call_atexit.o)
                0x000029dc                __call_exitprocs
 .text          0x00002af4        0x0 /usr/lib/gcc/arm-none-eabi/4.9.3/armv6-m/crtend.o
 .text          0x00002af4        0x0 /usr/lib/gcc/arm-none-eabi/4.9.3/armv6-m/crtn.o
 .text          0x00002af4        0x0 /usr/lib/gcc/arm-none-eabi/4.9.3/../../../arm-none-eabi/lib/armv6-m/libnosys.a(_exit.o)
 .text._exit    0x00002af4        0x4 /usr/lib/gcc/arm-none-eabi/4.9.3/../../../arm-none-eabi/lib/armv6-m/libnosys.a(_exit.o)
                0x00002af4                _exit
 *(.init)
 .init          0x00002af8        0x4 /usr/lib/gcc/arm-none-eabi/4.9.3/armv6-m/crti.o
                0x00002af8                _init
 .init          0x00002afc        0x8 /usr/lib/gcc/arm-none-eabi/4.9.3/armv6-m/crtn.o
 *(.fini)
 .fini          0x00002b04        0x4 /usr/lib/gcc/arm-none-eabi/4.9.3/armv6-m/crti.o
                0x00002b04                _fini
 .fini          0x00002b08        0x8 /usr/lib/gcc/arm-none-eabi/4.9.3/armv6-m/crtn.o
 *crtbegin.o(.ctors)
 *crtbegin?.o(.ctors)
 *(EXCLUDE_FILE(*crtend.o *crtend?.o) .ctors)
 *(SORT(.ctors.*))
 *(.ctors)
 *crtbegin.o(.dtors)
 *crtbegin?.o(.dtors)
 *(EXCLUDE_FILE(*crtend.o *crtend?.o) .dtors)
 *(SORT(.dtors.*))
 *(.dtors)
 *(.rodata*)
 .rodata        0x00002b10      0x118 _build/main.o
 .rodata        0x00002c28       0x2c _build/spi_master.o
 .rodata.str1.4
                0x00002c54        0x4 /usr/lib/gcc/arm-none-eabi/4.9.3/../../../arm-none-eabi/lib/armv6-m/libc.a(lib_a-impure.o)
 .rodata._global_impure_ptr
                0x00002c58        0x4 /usr/lib/gcc/arm-none-eabi/4.9.3/../../../arm-none-eabi/lib/armv6-m/libc.a(lib_a-impure.o)
                0x00002c58                _global_impure_ptr
 *(.eh_frame*)
 .eh_frame      0x00002c5c        0x0 /usr/lib/gcc/arm-none-eabi/4.9.3/armv6-m/crtbegin.o
 .eh_frame      0x00002c5c        0x4 /usr/lib/gcc/arm-none-eabi/4.9.3/armv6-m/crtend.o

.glue_7         0x00002c60        0x0
 .glue_7        0x00002c60        0x0 linker stubs

.glue_7t        0x00002c60        0x0
 .glue_7t       0x00002c60        0x0 linker stubs

.vfp11_veneer   0x00002c60        0x0
 .vfp11_veneer  0x00002c60        0x0 linker stubs

.v4_bx          0x00002c60        0x0
 .v4_bx         0x00002c60        0x0 linker stubs

.iplt           0x00002c60        0x0
 .iplt          0x00002c60        0x0 /usr/lib/gcc/arm-none-eabi/4.9.3/armv6-m/crtbegin.o

.ARM.extab      0x00002c60        0x0
 *(.ARM.extab* .gnu.linkonce.armextab.*)
 .ARM.extab     0x00002c60        0x0 /usr/lib/gcc/arm-none-eabi/4.9.3/../../../arm-none-eabi/lib/armv6-m/crt0.o
 .ARM.extab     0x00002c60        0x0 _build/gcc_startup_nrf51.o
                0x00002c60                __exidx_start = .

.ARM.exidx      0x00002c60        0x8
 *(.ARM.exidx* .gnu.linkonce.armexidx.*)
 .ARM.exidx     0x00002c60        0x8 /usr/lib/gcc/arm-none-eabi/4.9.3/../../../arm-none-eabi/lib/armv6-m/crt0.o
 .ARM.exidx     0x00002c68        0x0 _build/gcc_startup_nrf51.o
                                  0x8 (size before relaxing)
                0x00002c68                __exidx_end = .
                0x00002c68                __etext = .

.rel.dyn        0x00002c68        0x0
 .rel.iplt      0x00002c68        0x0 /usr/lib/gcc/arm-none-eabi/4.9.3/armv6-m/crtbegin.o

.data           0x20000000      0x444 load address 0x00002c68
                0x20000000                __data_start__ = .
 *(vtable)
 *(.data*)
 .data          0x20000000        0x0 /usr/lib/gcc/arm-none-eabi/4.9.3/armv6-m/crti.o
 .data          0x20000000        0x4 /usr/lib/gcc/arm-none-eabi/4.9.3/armv6-m/crtbegin.o
                0x20000000                __dso_handle
 .data          0x20000004        0x0 /usr/lib/gcc/arm-none-eabi/4.9.3/../../../arm-none-eabi/lib/armv6-m/crt0.o
 .data          0x20000004        0x0 _build/main.o
 .data          0x20000004        0x0 _build/nrf_soc.o
 .data          0x20000004        0x0 _build/nrf_delay.o
 .data          0x20000004        0x0 _build/simple_uart.o
 .data          0x20000004        0x0 _build/spi_master.o
 .data          0x20000004        0x0 _build/LIS2DH_app.o
 .data          0x20000004        0x4 _build/system_nrf51.o
                0x20000004                SystemCoreClock
 .data          0x20000008        0x0 _build/gcc_startup_nrf51.o
 .data          0x20000008        0x0 /usr/lib/gcc/arm-none-eabi/4.9.3/armv6-m/libgcc.a(_udivsi3.o)
 .data          0x20000008        0x0 /usr/lib/gcc/arm-none-eabi/4.9.3/armv6-m/libgcc.a(_dvmd_tls.o)
 .data          0x20000008        0x0 /usr/lib/gcc/arm-none-eabi/4.9.3/../../../arm-none-eabi/lib/armv6-m/libc.a(lib_a-atexit.o)
 .data          0x20000008        0x0 /usr/lib/gcc/arm-none-eabi/4.9.3/../../../arm-none-eabi/lib/armv6-m/libc.a(lib_a-exit.o)
 .data          0x20000008        0x0 /usr/lib/gcc/arm-none-eabi/4.9.3/../../../arm-none-eabi/lib/armv6-m/libc.a(lib_a-fini.o)
 .data          0x20000008        0x0 /usr/lib/gcc/arm-none-eabi/4.9.3/../../../arm-none-eabi/lib/armv6-m/libc.a(lib_a-impure.o)
 .data.impure_data
                0x20000008      0x428 /usr/lib/gcc/arm-none-eabi/4.9.3/../../../arm-none-eabi/lib/armv6-m/libc.a(lib_a-impure.o)
 .data._impure_ptr
                0x20000430        0x4 /usr/lib/gcc/arm-none-eabi/4.9.3/../../../arm-none-eabi/lib/armv6-m/libc.a(lib_a-impure.o)
                0x20000430                _impure_ptr
 .data          0x20000434        0x0 /usr/lib/gcc/arm-none-eabi/4.9.3/../../../arm-none-eabi/lib/armv6-m/libc.a(lib_a-init.o)
 .data          0x20000434        0x0 /usr/lib/gcc/arm-none-eabi/4.9.3/../../../arm-none-eabi/lib/armv6-m/libc.a(lib_a-memcpy.o)
 .data          0x20000434        0x0 /usr/lib/gcc/arm-none-eabi/4.9.3/../../../arm-none-eabi/lib/armv6-m/libc.a(lib_a-memset.o)
 .data          0x20000434        0x0 /usr/lib/gcc/arm-none-eabi/4.9.3/../../../arm-none-eabi/lib/armv6-m/libc.a(lib_a-__atexit.o)
 .data          0x20000434        0x0 /usr/lib/gcc/arm-none-eabi/4.9.3/../../../arm-none-eabi/lib/armv6-m/libc.a(lib_a-__call_atexit.o)
 .data          0x20000434        0x0 /usr/lib/gcc/arm-none-eabi/4.9.3/armv6-m/crtend.o
 .data          0x20000434        0x0 /usr/lib/gcc/arm-none-eabi/4.9.3/armv6-m/crtn.o
 .data          0x20000434        0x0 /usr/lib/gcc/arm-none-eabi/4.9.3/../../../arm-none-eabi/lib/armv6-m/libnosys.a(_exit.o)
                0x20000434                . = ALIGN (0x4)
                0x20000434                PROVIDE (__preinit_array_start, .)
 *(.preinit_array)
                0x20000434                PROVIDE (__preinit_array_end, .)
                0x20000434                . = ALIGN (0x4)
                0x20000434                PROVIDE (__init_array_start, .)
 *(SORT(.init_array.*))
 .init_array.00000
                0x20000434        0x4 /usr/lib/gcc/arm-none-eabi/4.9.3/../../../arm-none-eabi/lib/armv6-m/libc.a(lib_a-__call_atexit.o)
 *(.init_array)
 .init_array    0x20000438        0x4 /usr/lib/gcc/arm-none-eabi/4.9.3/armv6-m/crtbegin.o
                0x2000043c                PROVIDE (__init_array_end, .)
                0x2000043c                . = ALIGN (0x4)
                0x2000043c                PROVIDE (__fini_array_start, .)
 *(SORT(.fini_array.*))
 *(.fini_array)
 .fini_array    0x2000043c        0x4 /usr/lib/gcc/arm-none-eabi/4.9.3/armv6-m/crtbegin.o
                0x20000440                PROVIDE (__fini_array_end, .)
 *(.jcr)
 .jcr           0x20000440        0x0 /usr/lib/gcc/arm-none-eabi/4.9.3/armv6-m/crtbegin.o
 .jcr           0x20000440        0x4 /usr/lib/gcc/arm-none-eabi/4.9.3/armv6-m/crtend.o
                0x20000444                . = ALIGN (0x4)
                0x20000444                __data_end__ = .

.tm_clone_table
                0x20000444        0x0 load address 0x000030ac
 .tm_clone_table
                0x20000444        0x0 /usr/lib/gcc/arm-none-eabi/4.9.3/armv6-m/crtbegin.o
 .tm_clone_table
                0x20000444        0x0 /usr/lib/gcc/arm-none-eabi/4.9.3/armv6-m/crtend.o

.igot.plt       0x20000444        0x0 load address 0x000030ac
 .igot.plt      0x20000444        0x0 /usr/lib/gcc/arm-none-eabi/4.9.3/armv6-m/crtbegin.o

.bss            0x20000444       0x48 load address 0x000030ac
                0x20000444                . = ALIGN (0x4)
                0x20000444                __bss_start__ = .
 *(.bss*)
 .bss           0x20000444        0x0 /usr/lib/gcc/arm-none-eabi/4.9.3/armv6-m/crti.o
 .bss           0x20000444       0x1c /usr/lib/gcc/arm-none-eabi/4.9.3/armv6-m/crtbegin.o
 .bss           0x20000460        0x0 /usr/lib/gcc/arm-none-eabi/4.9.3/../../../arm-none-eabi/lib/armv6-m/crt0.o
 .bss           0x20000460        0x0 _build/main.o
 .bss           0x20000460        0x1 _build/nrf_soc.o
 .bss           0x20000461        0x0 _build/nrf_delay.o
 .bss           0x20000461        0x0 _build/simple_uart.o
 *fill*         0x20000461        0x3 
 .bss           0x20000464       0x28 _build/spi_master.o
 .bss           0x2000048c        0x0 _build/LIS2DH_app.o
 .bss           0x2000048c        0x0 _build/system_nrf51.o
 .bss           0x2000048c        0x0 _build/gcc_startup_nrf51.o
 .bss           0x2000048c        0x0 /usr/lib/gcc/arm-none-eabi/4.9.3/armv6-m/libgcc.a(_udivsi3.o)
 .bss           0x2000048c        0x0 /usr/lib/gcc/arm-none-eabi/4.9.3/armv6-m/libgcc.a(_dvmd_tls.o)
 .bss           0x2000048c        0x0 /usr/lib/gcc/arm-none-eabi/4.9.3/../../../arm-none-eabi/lib/armv6-m/libc.a(lib_a-atexit.o)
 .bss           0x2000048c        0x0 /usr/lib/gcc/arm-none-eabi/4.9.3/../../../arm-none-eabi/lib/armv6-m/libc.a(lib_a-exit.o)
 .bss           0x2000048c        0x0 /usr/lib/gcc/arm-none-eabi/4.9.3/../../../arm-none-eabi/lib/armv6-m/libc.a(lib_a-fini.o)
 .bss           0x2000048c        0x0 /usr/lib/gcc/arm-none-eabi/4.9.3/../../../arm-none-eabi/lib/armv6-m/libc.a(lib_a-impure.o)
 .bss           0x2000048c        0x0 /usr/lib/gcc/arm-none-eabi/4.9.3/../../../arm-none-eabi/lib/armv6-m/libc.a(lib_a-init.o)
 .bss           0x2000048c        0x0 /usr/lib/gcc/arm-none-eabi/4.9.3/../../../arm-none-eabi/lib/armv6-m/libc.a(lib_a-memcpy.o)
 .bss           0x2000048c        0x0 /usr/lib/gcc/arm-none-eabi/4.9.3/../../../arm-none-eabi/lib/armv6-m/libc.a(lib_a-memset.o)
 .bss           0x2000048c        0x0 /usr/lib/gcc/arm-none-eabi/4.9.3/../../../arm-none-eabi/lib/armv6-m/libc.a(lib_a-__atexit.o)
 .bss           0x2000048c        0x0 /usr/lib/gcc/arm-none-eabi/4.9.3/../../../arm-none-eabi/lib/armv6-m/libc.a(lib_a-__call_atexit.o)
 .bss           0x2000048c        0x0 /usr/lib/gcc/arm-none-eabi/4.9.3/armv6-m/crtend.o
 .bss           0x2000048c        0x0 /usr/lib/gcc/arm-none-eabi/4.9.3/armv6-m/crtn.o
 .bss           0x2000048c        0x0 /usr/lib/gcc/arm-none-eabi/4.9.3/../../../arm-none-eabi/lib/armv6-m/libnosys.a(_exit.o)
 *(COMMON)
                0x2000048c                . = ALIGN (0x4)
                0x2000048c                __bss_end__ = .

.heap           0x20000490      0x800
                0x20000490                __end__ = .
                0x20000490                end = __end__
 *(.heap*)
 .heap          0x20000490      0x800 _build/gcc_startup_nrf51.o
                0x20000490                __HeapBase
                0x20000c90                __HeapLimit = .

.stack_dummy    0x20000490      0x800
 *(.stack*)
 .stack         0x20000490      0x800 _build/gcc_startup_nrf51.o
                0x20004000                __StackTop = (ORIGIN (RAM) + 0x4000)
                0x20003800                __StackLimit = (__StackTop - SIZEOF (.stack_dummy))
                0x20004000                PROVIDE (__stack, __StackTop)
                0x00000001                ASSERT ((__StackLimit >= __HeapLimit), region RAM overflowed with stack)
OUTPUT(_build/accel_test_xxaa.out elf32-littlearm)

.ARM.attributes
                0x00000000       0x28
 .ARM.attributes
                0x00000000       0x1e /usr/lib/gcc/arm-none-eabi/4.9.3/armv6-m/crti.o
 .ARM.attributes
                0x0000001e       0x2c /usr/lib/gcc/arm-none-eabi/4.9.3/armv6-m/crtbegin.o
 .ARM.attributes
                0x0000004a       0x1b /usr/lib/gcc/arm-none-eabi/4.9.3/../../../arm-none-eabi/lib/armv6-m/crt0.o
 .ARM.attributes
                0x00000065       0x31 _build/main.o
 .ARM.attributes
                0x00000096       0x31 _build/nrf_soc.o
 .ARM.attributes
                0x000000c7       0x31 _build/nrf_delay.o
 .ARM.attributes
                0x000000f8       0x31 _build/simple_uart.o
 .ARM.attributes
                0x00000129       0x31 _build/spi_master.o
 .ARM.attributes
                0x0000015a       0x31 _build/LIS2DH_app.o
 .ARM.attributes
                0x0000018b       0x31 _build/system_nrf51.o
 .ARM.attributes
                0x000001bc       0x1b _build/gcc_startup_nrf51.o
 .ARM.attributes
                0x000001d7       0x1e /usr/lib/gcc/arm-none-eabi/4.9.3/armv6-m/libgcc.a(_udivsi3.o)
 .ARM.attributes
                0x000001f5       0x1e /usr/lib/gcc/arm-none-eabi/4.9.3/armv6-m/libgcc.a(_dvmd_tls.o)
 .ARM.attributes
                0x00000213       0x2c /usr/lib/gcc/arm-none-eabi/4.9.3/../../../arm-none-eabi/lib/armv6-m/libc.a(lib_a-atexit.o)
 .ARM.attributes
                0x0000023f       0x2c /usr/lib/gcc/arm-none-eabi/4.9.3/../../../arm-none-eabi/lib/armv6-m/libc.a(lib_a-exit.o)
 .ARM.attributes
                0x0000026b       0x2c /usr/lib/gcc/arm-none-eabi/4.9.3/../../../arm-none-eabi/lib/armv6-m/libc.a(lib_a-fini.o)
 .ARM.attributes
                0x00000297       0x2c /usr/lib/gcc/arm-none-eabi/4.9.3/../../../arm-none-eabi/lib/armv6-m/libc.a(lib_a-impure.o)
 .ARM.attributes
                0x000002c3       0x2c /usr/lib/gcc/arm-none-eabi/4.9.3/../../../arm-none-eabi/lib/armv6-m/libc.a(lib_a-init.o)
 .ARM.attributes
                0x000002ef       0x2c /usr/lib/gcc/arm-none-eabi/4.9.3/../../../arm-none-eabi/lib/armv6-m/libc.a(lib_a-memcpy.o)
 .ARM.attributes
                0x0000031b       0x2c /usr/lib/gcc/arm-none-eabi/4.9.3/../../../arm-none-eabi/lib/armv6-m/libc.a(lib_a-memset.o)
 .ARM.attributes
                0x00000347       0x2c /usr/lib/gcc/arm-none-eabi/4.9.3/../../../arm-none-eabi/lib/armv6-m/libc.a(lib_a-__atexit.o)
 .ARM.attributes
                0x00000373       0x2c /usr/lib/gcc/arm-none-eabi/4.9.3/../../../arm-none-eabi/lib/armv6-m/libc.a(lib_a-__call_atexit.o)
 .ARM.attributes
                0x0000039f       0x2c /usr/lib/gcc/arm-none-eabi/4.9.3/armv6-m/crtend.o
 .ARM.attributes
                0x000003cb       0x1e /usr/lib/gcc/arm-none-eabi/4.9.3/armv6-m/crtn.o
 .ARM.attributes
                0x000003e9       0x2c /usr/lib/gcc/arm-none-eabi/4.9.3/../../../arm-none-eabi/lib/armv6-m/libnosys.a(_exit.o)

.comment        0x00000000       0x58
 .comment       0x00000000       0x38 /usr/lib/gcc/arm-none-eabi/4.9.3/armv6-m/crtbegin.o
                                 0x39 (size before relaxing)
 .comment       0x00000038       0x39 _build/main.o
 .comment       0x00000038       0x39 _build/nrf_soc.o
 .comment       0x00000038       0x39 _build/nrf_delay.o
 .comment       0x00000038       0x39 _build/simple_uart.o
 .comment       0x00000038       0x39 _build/spi_master.o
 .comment       0x00000038       0x39 _build/LIS2DH_app.o
 .comment       0x00000038       0x39 _build/system_nrf51.o
 .comment       0x00000038       0x20 /usr/lib/gcc/arm-none-eabi/4.9.3/../../../arm-none-eabi/lib/armv6-m/libc.a(lib_a-atexit.o)
                                 0x21 (size before relaxing)
 .comment       0x00000058       0x21 /usr/lib/gcc/arm-none-eabi/4.9.3/../../../arm-none-eabi/lib/armv6-m/libc.a(lib_a-exit.o)
 .comment       0x00000058       0x21 /usr/lib/gcc/arm-none-eabi/4.9.3/../../../arm-none-eabi/lib/armv6-m/libc.a(lib_a-fini.o)
 .comment       0x00000058       0x21 /usr/lib/gcc/arm-none-eabi/4.9.3/../../../arm-none-eabi/lib/armv6-m/libc.a(lib_a-impure.o)
 .comment       0x00000058       0x21 /usr/lib/gcc/arm-none-eabi/4.9.3/../../../arm-none-eabi/lib/armv6-m/libc.a(lib_a-init.o)
 .comment       0x00000058       0x21 /usr/lib/gcc/arm-none-eabi/4.9.3/../../../arm-none-eabi/lib/armv6-m/libc.a(lib_a-memcpy.o)
 .comment       0x00000058       0x21 /usr/lib/gcc/arm-none-eabi/4.9.3/../../../arm-none-eabi/lib/armv6-m/libc.a(lib_a-memset.o)
 .comment       0x00000058       0x21 /usr/lib/gcc/arm-none-eabi/4.9.3/../../../arm-none-eabi/lib/armv6-m/libc.a(lib_a-__atexit.o)
 .comment       0x00000058       0x21 /usr/lib/gcc/arm-none-eabi/4.9.3/../../../arm-none-eabi/lib/armv6-m/libc.a(lib_a-__call_atexit.o)
 .comment       0x00000058       0x39 /usr/lib/gcc/arm-none-eabi/4.9.3/armv6-m/crtend.o
 .comment       0x00000058       0x21 /usr/lib/gcc/arm-none-eabi/4.9.3/../../../arm-none-eabi/lib/armv6-m/libnosys.a(_exit.o)

.debug_line     0x00000000     0x2356
 .debug_line    0x00000000       0x80 /usr/lib/gcc/arm-none-eabi/4.9.3/../../../arm-none-eabi/lib/armv6-m/crt0.o
 .debug_line    0x00000080      0x503 _build/main.o
 .debug_line    0x00000583      0x2ef _build/nrf_soc.o
 .debug_line    0x00000872      0x2aa _build/nrf_delay.o
 .debug_line    0x00000b1c      0x27d _build/simple_uart.o
 .debug_line    0x00000d99      0x4c7 _build/spi_master.o
 .debug_line    0x00001260      0x340 _build/LIS2DH_app.o
 .debug_line    0x000015a0      0x22e _build/system_nrf51.o
 .debug_line    0x000017ce       0x95 _build/gcc_startup_nrf51.o
 .debug_line    0x00001863       0x6c /usr/lib/gcc/arm-none-eabi/4.9.3/armv6-m/libgcc.a(_udivsi3.o)
 .debug_line    0x000018cf       0x5e /usr/lib/gcc/arm-none-eabi/4.9.3/armv6-m/libgcc.a(_dvmd_tls.o)
 .debug_line    0x0000192d       0xbb /usr/lib/gcc/arm-none-eabi/4.9.3/../../../arm-none-eabi/lib/armv6-m/libc.a(lib_a-atexit.o)
 .debug_line    0x000019e8      0x165 /usr/lib/gcc/arm-none-eabi/4.9.3/../../../arm-none-eabi/lib/armv6-m/libc.a(lib_a-exit.o)
 .debug_line    0x00001b4d       0x9d /usr/lib/gcc/arm-none-eabi/4.9.3/../../../arm-none-eabi/lib/armv6-m/libc.a(lib_a-fini.o)
 .debug_line    0x00001bea       0xe8 /usr/lib/gcc/arm-none-eabi/4.9.3/../../../arm-none-eabi/lib/armv6-m/libc.a(lib_a-impure.o)
 .debug_line    0x00001cd2       0xbe /usr/lib/gcc/arm-none-eabi/4.9.3/../../../arm-none-eabi/lib/armv6-m/libc.a(lib_a-init.o)
 .debug_line    0x00001d90      0x116 /usr/lib/gcc/arm-none-eabi/4.9.3/../../../arm-none-eabi/lib/armv6-m/libc.a(lib_a-memcpy.o)
 .debug_line    0x00001ea6      0x113 /usr/lib/gcc/arm-none-eabi/4.9.3/../../../arm-none-eabi/lib/armv6-m/libc.a(lib_a-memset.o)
 .debug_line    0x00001fb9      0x17a /usr/lib/gcc/arm-none-eabi/4.9.3/../../../arm-none-eabi/lib/armv6-m/libc.a(lib_a-__atexit.o)
 .debug_line    0x00002133      0x1cb /usr/lib/gcc/arm-none-eabi/4.9.3/../../../arm-none-eabi/lib/armv6-m/libc.a(lib_a-__call_atexit.o)
 .debug_line    0x000022fe       0x58 /usr/lib/gcc/arm-none-eabi/4.9.3/../../../arm-none-eabi/lib/armv6-m/libnosys.a(_exit.o)

.debug_info     0x00000000     0x52fa
 .debug_info    0x00000000       0xa4 /usr/lib/gcc/arm-none-eabi/4.9.3/../../../arm-none-eabi/lib/armv6-m/crt0.o
 .debug_info    0x000000a4      0x5cf _build/main.o
 .debug_info    0x00000673      0x685 _build/nrf_soc.o
 .debug_info    0x00000cf8       0xdd _build/nrf_delay.o
 .debug_info    0x00000dd5      0x6ab _build/simple_uart.o
 .debug_info    0x00001480      0xda3 _build/spi_master.o
 .debug_info    0x00002223      0x315 _build/LIS2DH_app.o
 .debug_info    0x00002538      0x1b1 _build/system_nrf51.o
 .debug_info    0x000026e9       0xab _build/gcc_startup_nrf51.o
 .debug_info    0x00002794       0xb9 /usr/lib/gcc/arm-none-eabi/4.9.3/armv6-m/libgcc.a(_udivsi3.o)
 .debug_info    0x0000284d       0xb9 /usr/lib/gcc/arm-none-eabi/4.9.3/armv6-m/libgcc.a(_dvmd_tls.o)
 .debug_info    0x00002906      0x10a /usr/lib/gcc/arm-none-eabi/4.9.3/../../../arm-none-eabi/lib/armv6-m/libc.a(lib_a-atexit.o)
 .debug_info    0x00002a10      0x8e4 /usr/lib/gcc/arm-none-eabi/4.9.3/../../../arm-none-eabi/lib/armv6-m/libc.a(lib_a-exit.o)
 .debug_info    0x000032f4       0xef /usr/lib/gcc/arm-none-eabi/4.9.3/../../../arm-none-eabi/lib/armv6-m/libc.a(lib_a-fini.o)
 .debug_info    0x000033e3      0x894 /usr/lib/gcc/arm-none-eabi/4.9.3/../../../arm-none-eabi/lib/armv6-m/libc.a(lib_a-impure.o)
 .debug_info    0x00003c77      0x105 /usr/lib/gcc/arm-none-eabi/4.9.3/../../../arm-none-eabi/lib/armv6-m/libc.a(lib_a-init.o)
 .debug_info    0x00003d7c      0x131 /usr/lib/gcc/arm-none-eabi/4.9.3/../../../arm-none-eabi/lib/armv6-m/libc.a(lib_a-memcpy.o)
 .debug_info    0x00003ead      0x117 /usr/lib/gcc/arm-none-eabi/4.9.3/../../../arm-none-eabi/lib/armv6-m/libc.a(lib_a-memset.o)
 .debug_info    0x00003fc4      0x934 /usr/lib/gcc/arm-none-eabi/4.9.3/../../../arm-none-eabi/lib/armv6-m/libc.a(lib_a-__atexit.o)
 .debug_info    0x000048f8      0x9aa /usr/lib/gcc/arm-none-eabi/4.9.3/../../../arm-none-eabi/lib/armv6-m/libc.a(lib_a-__call_atexit.o)
 .debug_info    0x000052a2       0x58 /usr/lib/gcc/arm-none-eabi/4.9.3/../../../arm-none-eabi/lib/armv6-m/libnosys.a(_exit.o)

.debug_abbrev   0x00000000     0x1611
 .debug_abbrev  0x00000000       0x14 /usr/lib/gcc/arm-none-eabi/4.9.3/../../../arm-none-eabi/lib/armv6-m/crt0.o
 .debug_abbrev  0x00000014      0x21f _build/main.o
 .debug_abbrev  0x00000233      0x1ba _build/nrf_soc.o
 .debug_abbrev  0x000003ed       0x80 _build/nrf_delay.o
 .debug_abbrev  0x0000046d      0x190 _build/simple_uart.o
 .debug_abbrev  0x000005fd      0x1ee _build/spi_master.o
 .debug_abbrev  0x000007eb      0x137 _build/LIS2DH_app.o
 .debug_abbrev  0x00000922       0xf4 _build/system_nrf51.o
 .debug_abbrev  0x00000a16       0x14 _build/gcc_startup_nrf51.o
 .debug_abbrev  0x00000a2a       0x14 /usr/lib/gcc/arm-none-eabi/4.9.3/armv6-m/libgcc.a(_udivsi3.o)
 .debug_abbrev  0x00000a3e       0x14 /usr/lib/gcc/arm-none-eabi/4.9.3/armv6-m/libgcc.a(_dvmd_tls.o)
 .debug_abbrev  0x00000a52       0xb5 /usr/lib/gcc/arm-none-eabi/4.9.3/../../../arm-none-eabi/lib/armv6-m/libc.a(lib_a-atexit.o)
 .debug_abbrev  0x00000b07      0x1e6 /usr/lib/gcc/arm-none-eabi/4.9.3/../../../arm-none-eabi/lib/armv6-m/libc.a(lib_a-exit.o)
 .debug_abbrev  0x00000ced       0xba /usr/lib/gcc/arm-none-eabi/4.9.3/../../../arm-none-eabi/lib/armv6-m/libc.a(lib_a-fini.o)
 .debug_abbrev  0x00000da7      0x180 /usr/lib/gcc/arm-none-eabi/4.9.3/../../../arm-none-eabi/lib/armv6-m/libc.a(lib_a-impure.o)
 .debug_abbrev  0x00000f27       0xba /usr/lib/gcc/arm-none-eabi/4.9.3/../../../arm-none-eabi/lib/armv6-m/libc.a(lib_a-init.o)
 .debug_abbrev  0x00000fe1       0xab /usr/lib/gcc/arm-none-eabi/4.9.3/../../../arm-none-eabi/lib/armv6-m/libc.a(lib_a-memcpy.o)
 .debug_abbrev  0x0000108c       0x9f /usr/lib/gcc/arm-none-eabi/4.9.3/../../../arm-none-eabi/lib/armv6-m/libc.a(lib_a-memset.o)
 .debug_abbrev  0x0000112b      0x20f /usr/lib/gcc/arm-none-eabi/4.9.3/../../../arm-none-eabi/lib/armv6-m/libc.a(lib_a-__atexit.o)
 .debug_abbrev  0x0000133a      0x282 /usr/lib/gcc/arm-none-eabi/4.9.3/../../../arm-none-eabi/lib/armv6-m/libc.a(lib_a-__call_atexit.o)
 .debug_abbrev  0x000015bc       0x55 /usr/lib/gcc/arm-none-eabi/4.9.3/../../../arm-none-eabi/lib/armv6-m/libnosys.a(_exit.o)

.debug_aranges  0x00000000      0x2a0
 .debug_aranges
                0x00000000       0x20 /usr/lib/gcc/arm-none-eabi/4.9.3/../../../arm-none-eabi/lib/armv6-m/crt0.o
 .debug_aranges
                0x00000020       0x20 _build/main.o
 .debug_aranges
                0x00000040       0x20 _build/nrf_soc.o
 .debug_aranges
                0x00000060       0x20 _build/nrf_delay.o
 .debug_aranges
                0x00000080       0x20 _build/simple_uart.o
 .debug_aranges
                0x000000a0       0x20 _build/spi_master.o
 .debug_aranges
                0x000000c0       0x20 _build/LIS2DH_app.o
 .debug_aranges
                0x000000e0       0x20 _build/system_nrf51.o
 .debug_aranges
                0x00000100       0x20 _build/gcc_startup_nrf51.o
 .debug_aranges
                0x00000120       0x20 /usr/lib/gcc/arm-none-eabi/4.9.3/armv6-m/libgcc.a(_udivsi3.o)
 .debug_aranges
                0x00000140       0x20 /usr/lib/gcc/arm-none-eabi/4.9.3/armv6-m/libgcc.a(_dvmd_tls.o)
 .debug_aranges
                0x00000160       0x20 /usr/lib/gcc/arm-none-eabi/4.9.3/../../../arm-none-eabi/lib/armv6-m/libc.a(lib_a-atexit.o)
 .debug_aranges
                0x00000180       0x20 /usr/lib/gcc/arm-none-eabi/4.9.3/../../../arm-none-eabi/lib/armv6-m/libc.a(lib_a-exit.o)
 .debug_aranges
                0x000001a0       0x20 /usr/lib/gcc/arm-none-eabi/4.9.3/../../../arm-none-eabi/lib/armv6-m/libc.a(lib_a-fini.o)
 .debug_aranges
                0x000001c0       0x18 /usr/lib/gcc/arm-none-eabi/4.9.3/../../../arm-none-eabi/lib/armv6-m/libc.a(lib_a-impure.o)
 .debug_aranges
                0x000001d8       0x20 /usr/lib/gcc/arm-none-eabi/4.9.3/../../../arm-none-eabi/lib/armv6-m/libc.a(lib_a-init.o)
 .debug_aranges
                0x000001f8       0x20 /usr/lib/gcc/arm-none-eabi/4.9.3/../../../arm-none-eabi/lib/armv6-m/libc.a(lib_a-memcpy.o)
 .debug_aranges
                0x00000218       0x20 /usr/lib/gcc/arm-none-eabi/4.9.3/../../../arm-none-eabi/lib/armv6-m/libc.a(lib_a-memset.o)
 .debug_aranges
                0x00000238       0x20 /usr/lib/gcc/arm-none-eabi/4.9.3/../../../arm-none-eabi/lib/armv6-m/libc.a(lib_a-__atexit.o)
 .debug_aranges
                0x00000258       0x28 /usr/lib/gcc/arm-none-eabi/4.9.3/../../../arm-none-eabi/lib/armv6-m/libc.a(lib_a-__call_atexit.o)
 .debug_aranges
                0x00000280       0x20 /usr/lib/gcc/arm-none-eabi/4.9.3/../../../arm-none-eabi/lib/armv6-m/libnosys.a(_exit.o)

.debug_macro    0x00000000     0xa631
 .debug_macro   0x00000000      0x203 _build/main.o
 .debug_macro   0x00000203      0x844 _build/main.o
 .debug_macro   0x00000a47       0x22 _build/main.o
 .debug_macro   0x00000a69       0x22 _build/main.o
 .debug_macro   0x00000a8b       0x44 _build/main.o
 .debug_macro   0x00000acf       0x1c _build/main.o
 .debug_macro   0x00000aeb      0x1f7 _build/main.o
 .debug_macro   0x00000ce2       0x8e _build/main.o
 .debug_macro   0x00000d70       0x16 _build/main.o
 .debug_macro   0x00000d86       0x1c _build/main.o
 .debug_macro   0x00000da2       0x22 _build/main.o
 .debug_macro   0x00000dc4       0x3a _build/main.o
 .debug_macro   0x00000dfe       0x1f _build/main.o
 .debug_macro   0x00000e1d      0x242 _build/main.o
 .debug_macro   0x0000105f      0x1d2 _build/main.o
 .debug_macro   0x00001231       0x16 _build/main.o
 .debug_macro   0x00001247       0x1c _build/main.o
 .debug_macro   0x00001263     0x746b _build/main.o
 .debug_macro   0x000086ce      0x976 _build/main.o
 .debug_macro   0x00009044       0xd0 _build/main.o
 .debug_macro   0x00009114       0x58 _build/main.o
 .debug_macro   0x0000916c       0x35 _build/main.o
 .debug_macro   0x000091a1       0x9c _build/main.o
 .debug_macro   0x0000923d       0x16 _build/main.o
 .debug_macro   0x00009253      0x10e _build/main.o
 .debug_macro   0x00009361       0x7f _build/main.o
 .debug_macro   0x000093e0       0x52 _build/main.o
 .debug_macro   0x00009432       0x16 _build/main.o
 .debug_macro   0x00009448       0x43 _build/main.o
 .debug_macro   0x0000948b      0x180 _build/main.o
 .debug_macro   0x0000960b       0x16 _build/main.o
 .debug_macro   0x00009621       0x29 _build/main.o
 .debug_macro   0x0000964a       0xe8 _build/main.o
 .debug_macro   0x00009732      0x13e _build/nrf_soc.o
 .debug_macro   0x00009870       0x4a _build/nrf_soc.o
 .debug_macro   0x000098ba      0x19b _build/nrf_delay.o
 .debug_macro   0x00009a55       0x16 _build/nrf_delay.o
 .debug_macro   0x00009a6b       0x97 _build/nrf_delay.o
 .debug_macro   0x00009b02      0x29d _build/nrf_delay.o
 .debug_macro   0x00009d9f       0xef _build/nrf_delay.o
 .debug_macro   0x00009e8e       0x10 _build/nrf_delay.o
 .debug_macro   0x00009e9e       0x10 _build/nrf_delay.o
 .debug_macro   0x00009eae       0x22 _build/nrf_delay.o
 .debug_macro   0x00009ed0       0xbd _build/nrf_delay.o
 .debug_macro   0x00009f8d       0x16 _build/nrf_delay.o
 .debug_macro   0x00009fa3      0x16d _build/nrf_delay.o
 .debug_macro   0x0000a110       0xdf _build/simple_uart.o
 .debug_macro   0x0000a1ef       0x10 _build/simple_uart.o
 .debug_macro   0x0000a1ff      0x196 _build/spi_master.o
 .debug_macro   0x0000a395       0x16 _build/spi_master.o
 .debug_macro   0x0000a3ab      0x1a3 _build/LIS2DH_app.o
 .debug_macro   0x0000a54e       0x1c _build/LIS2DH_app.o
 .debug_macro   0x0000a56a       0xc7 _build/system_nrf51.o

.debug_str      0x00000000    0x33d1a
 .debug_str     0x00000000    0x30a56 _build/main.o
                              0x30c6a (size before relaxing)
 .debug_str     0x00030a56      0x3ff _build/nrf_soc.o
                               0x6539 (size before relaxing)
 .debug_str     0x00030e55     0x1a7c _build/nrf_delay.o
                              0x31964 (size before relaxing)
 .debug_str     0x000328d1      0x2b6 _build/simple_uart.o
                              0x2ed24 (size before relaxing)
 .debug_str     0x00032b87      0x6a5 _build/spi_master.o
                              0x2dd4e (size before relaxing)
 .debug_str     0x0003322c       0x96 _build/LIS2DH_app.o
                              0x3068a (size before relaxing)
 .debug_str     0x000332c2      0x105 _build/system_nrf51.o
                              0x2ea9b (size before relaxing)
 .debug_str     0x000333c7      0x144 /usr/lib/gcc/arm-none-eabi/4.9.3/../../../arm-none-eabi/lib/armv6-m/libc.a(lib_a-atexit.o)
                                0x1dd (size before relaxing)
 .debug_str     0x0003350b      0x3b7 /usr/lib/gcc/arm-none-eabi/4.9.3/../../../arm-none-eabi/lib/armv6-m/libc.a(lib_a-exit.o)
                                0x57a (size before relaxing)
 .debug_str     0x000338c2       0xbc /usr/lib/gcc/arm-none-eabi/4.9.3/../../../arm-none-eabi/lib/armv6-m/libc.a(lib_a-fini.o)
                                0x1d5 (size before relaxing)
 .debug_str     0x0003397e       0x96 /usr/lib/gcc/arm-none-eabi/4.9.3/../../../arm-none-eabi/lib/armv6-m/libc.a(lib_a-impure.o)
                                0x571 (size before relaxing)
 .debug_str     0x00033a14       0x8a /usr/lib/gcc/arm-none-eabi/4.9.3/../../../arm-none-eabi/lib/armv6-m/libc.a(lib_a-init.o)
                                0x1ff (size before relaxing)
 .debug_str     0x00033a9e       0xba /usr/lib/gcc/arm-none-eabi/4.9.3/../../../arm-none-eabi/lib/armv6-m/libc.a(lib_a-memcpy.o)
                                0x1c7 (size before relaxing)
 .debug_str     0x00033b58       0x42 /usr/lib/gcc/arm-none-eabi/4.9.3/../../../arm-none-eabi/lib/armv6-m/libc.a(lib_a-memset.o)
                                0x1b4 (size before relaxing)
 .debug_str     0x00033b9a       0x30 /usr/lib/gcc/arm-none-eabi/4.9.3/../../../arm-none-eabi/lib/armv6-m/libc.a(lib_a-__atexit.o)
                                0x5b9 (size before relaxing)
 .debug_str     0x00033bca       0x70 /usr/lib/gcc/arm-none-eabi/4.9.3/../../../arm-none-eabi/lib/armv6-m/libc.a(lib_a-__call_atexit.o)
                                0x5d1 (size before relaxing)
 .debug_str     0x00033c3a       0xe0 /usr/lib/gcc/arm-none-eabi/4.9.3/../../../arm-none-eabi/lib/armv6-m/libnosys.a(_exit.o)
                                 0xe6 (size before relaxing)

.debug_frame    0x00000000      0xb08
 .debug_frame   0x00000000      0x1e4 _build/main.o
 .debug_frame   0x000001e4      0x24c _build/nrf_soc.o
 .debug_frame   0x00000430       0x50 _build/nrf_delay.o
 .debug_frame   0x00000480      0x110 _build/simple_uart.o
 .debug_frame   0x00000590      0x234 _build/spi_master.o
 .debug_frame   0x000007c4       0xf0 _build/LIS2DH_app.o
 .debug_frame   0x000008b4       0x80 _build/system_nrf51.o
 .debug_frame   0x00000934       0x20 /usr/lib/gcc/arm-none-eabi/4.9.3/armv6-m/libgcc.a(_udivsi3.o)
 .debug_frame   0x00000954       0x28 /usr/lib/gcc/arm-none-eabi/4.9.3/../../../arm-none-eabi/lib/armv6-m/libc.a(lib_a-atexit.o)
 .debug_frame   0x0000097c       0x28 /usr/lib/gcc/arm-none-eabi/4.9.3/../../../arm-none-eabi/lib/armv6-m/libc.a(lib_a-exit.o)
 .debug_frame   0x000009a4       0x2c /usr/lib/gcc/arm-none-eabi/4.9.3/../../../arm-none-eabi/lib/armv6-m/libc.a(lib_a-fini.o)
 .debug_frame   0x000009d0       0x2c /usr/lib/gcc/arm-none-eabi/4.9.3/../../../arm-none-eabi/lib/armv6-m/libc.a(lib_a-init.o)
 .debug_frame   0x000009fc       0x30 /usr/lib/gcc/arm-none-eabi/4.9.3/../../../arm-none-eabi/lib/armv6-m/libc.a(lib_a-memcpy.o)
 .debug_frame   0x00000a2c       0x30 /usr/lib/gcc/arm-none-eabi/4.9.3/../../../arm-none-eabi/lib/armv6-m/libc.a(lib_a-memset.o)
 .debug_frame   0x00000a5c       0x38 /usr/lib/gcc/arm-none-eabi/4.9.3/../../../arm-none-eabi/lib/armv6-m/libc.a(lib_a-__atexit.o)
 .debug_frame   0x00000a94       0x54 /usr/lib/gcc/arm-none-eabi/4.9.3/../../../arm-none-eabi/lib/armv6-m/libc.a(lib_a-__call_atexit.o)
 .debug_frame   0x00000ae8       0x20 /usr/lib/gcc/arm-none-eabi/4.9.3/../../../arm-none-eabi/lib/armv6-m/libnosys.a(_exit.o)

.debug_loc      0x00000000      0xaab
 .debug_loc     0x00000000       0x2c /usr/lib/gcc/arm-none-eabi/4.9.3/../../../arm-none-eabi/lib/armv6-m/libc.a(lib_a-atexit.o)
 .debug_loc     0x0000002c       0x1e /usr/lib/gcc/arm-none-eabi/4.9.3/../../../arm-none-eabi/lib/armv6-m/libc.a(lib_a-exit.o)
 .debug_loc     0x0000004a       0x2b /usr/lib/gcc/arm-none-eabi/4.9.3/../../../arm-none-eabi/lib/armv6-m/libc.a(lib_a-fini.o)
 .debug_loc     0x00000075       0x84 /usr/lib/gcc/arm-none-eabi/4.9.3/../../../arm-none-eabi/lib/armv6-m/libc.a(lib_a-init.o)
 .debug_loc     0x000000f9      0x375 /usr/lib/gcc/arm-none-eabi/4.9.3/../../../arm-none-eabi/lib/armv6-m/libc.a(lib_a-memcpy.o)
 .debug_loc     0x0000046e      0x1b0 /usr/lib/gcc/arm-none-eabi/4.9.3/../../../arm-none-eabi/lib/armv6-m/libc.a(lib_a-memset.o)
 .debug_loc     0x0000061e      0x1b9 /usr/lib/gcc/arm-none-eabi/4.9.3/../../../arm-none-eabi/lib/armv6-m/libc.a(lib_a-__atexit.o)
 .debug_loc     0x000007d7      0x2d4 /usr/lib/gcc/arm-none-eabi/4.9.3/../../../arm-none-eabi/lib/armv6-m/libc.a(lib_a-__call_atexit.o)

.debug_ranges   0x00000000       0xb8
 .debug_ranges  0x00000000       0x10 /usr/lib/gcc/arm-none-eabi/4.9.3/../../../arm-none-eabi/lib/armv6-m/libc.a(lib_a-atexit.o)
 .debug_ranges  0x00000010       0x10 /usr/lib/gcc/arm-none-eabi/4.9.3/../../../arm-none-eabi/lib/armv6-m/libc.a(lib_a-exit.o)
 .debug_ranges  0x00000020       0x10 /usr/lib/gcc/arm-none-eabi/4.9.3/../../../arm-none-eabi/lib/armv6-m/libc.a(lib_a-fini.o)
 .debug_ranges  0x00000030       0x10 /usr/lib/gcc/arm-none-eabi/4.9.3/../../../arm-none-eabi/lib/armv6-m/libc.a(lib_a-init.o)
 .debug_ranges  0x00000040       0x10 /usr/lib/gcc/arm-none-eabi/4.9.3/../../../arm-none-eabi/lib/armv6-m/libc.a(lib_a-memcpy.o)
 .debug_ranges  0x00000050       0x10 /usr/lib/gcc/arm-none-eabi/4.9.3/../../../arm-none-eabi/lib/armv6-m/libc.a(lib_a-memset.o)
 .debug_ranges  0x00000060       0x10 /usr/lib/gcc/arm-none-eabi/4.9.3/../../../arm-none-eabi/lib/armv6-m/libc.a(lib_a-__atexit.o)
 .debug_ranges  0x00000070       0x38 /usr/lib/gcc/arm-none-eabi/4.9.3/../../../arm-none-eabi/lib/armv6-m/libc.a(lib_a-__call_atexit.o)
 .debug_ranges  0x000000a8       0x10 /usr/lib/gcc/arm-none-eabi/4.9.3/../../../arm-none-eabi/lib/armv6-m/libnosys.a(_exit.o)
